nohup: ignoring input
Using cache found in /data/lmh_data/.cache/torch/hub/facebookresearch_dinov2_main
/data/lmh_data/.cache/torch/hub/facebookresearch_dinov2_main/dinov2/layers/swiglu_ffn.py:43: UserWarning: xFormers is available (SwiGLU)
  warnings.warn("xFormers is available (SwiGLU)")
/data/lmh_data/.cache/torch/hub/facebookresearch_dinov2_main/dinov2/layers/attention.py:27: UserWarning: xFormers is available (Attention)
  warnings.warn("xFormers is available (Attention)")
/data/lmh_data/.cache/torch/hub/facebookresearch_dinov2_main/dinov2/layers/block.py:33: UserWarning: xFormers is available (Block)
  warnings.warn("xFormers is available (Block)")
Traceback (most recent call last):
  File "/home/lmh/anaconda3/envs/vgm-gs-s4c/lib/python3.10/runpy.py", line 196, in _run_module_as_main
    return _run_code(code, main_globals, None,
  File "/home/lmh/anaconda3/envs/vgm-gs-s4c/lib/python3.10/runpy.py", line 86, in _run_code
    exec(code, run_globals)
  File "/home/lmh/VGM-GS-S4C/ssc_gs/train.py", line 283, in <module>
    main()
  File "/home/lmh/VGM-GS-S4C/ssc_gs/train.py", line 268, in main
    stats = train_step(
  File "/home/lmh/VGM-GS-S4C/ssc_gs/train.py", line 117, in train_step
    dino_feats = dino(gt_rgb, return_pyramid=False)  # (1,F,h,w)
  File "/home/lmh/.local/lib/python3.10/site-packages/torch/nn/modules/module.py", line 1775, in _wrapped_call_impl
    return self._call_impl(*args, **kwargs)
  File "/home/lmh/.local/lib/python3.10/site-packages/torch/nn/modules/module.py", line 1786, in _call_impl
    return forward_call(*args, **kwargs)
  File "/home/lmh/VGM-GS-S4C/ssc_gs/models/dinov2.py", line 90, in forward
    tokens = self.backbone(x_01, is_training=True)  # (B, T, D)
  File "/home/lmh/.local/lib/python3.10/site-packages/torch/nn/modules/module.py", line 1775, in _wrapped_call_impl
    return self._call_impl(*args, **kwargs)
  File "/home/lmh/.local/lib/python3.10/site-packages/torch/nn/modules/module.py", line 1786, in _call_impl
    return forward_call(*args, **kwargs)
  File "/data/lmh_data/.cache/torch/hub/facebookresearch_dinov2_main/dinov2/models/vision_transformer.py", line 349, in forward
    ret = self.forward_features(*args, **kwargs)
  File "/data/lmh_data/.cache/torch/hub/facebookresearch_dinov2_main/dinov2/models/vision_transformer.py", line 261, in forward_features
    x = self.prepare_tokens_with_masks(x, masks)
  File "/data/lmh_data/.cache/torch/hub/facebookresearch_dinov2_main/dinov2/models/vision_transformer.py", line 218, in prepare_tokens_with_masks
    x = self.patch_embed(x)
  File "/home/lmh/.local/lib/python3.10/site-packages/torch/nn/modules/module.py", line 1775, in _wrapped_call_impl
    return self._call_impl(*args, **kwargs)
  File "/home/lmh/.local/lib/python3.10/site-packages/torch/nn/modules/module.py", line 1786, in _call_impl
    return forward_call(*args, **kwargs)
  File "/data/lmh_data/.cache/torch/hub/facebookresearch_dinov2_main/dinov2/layers/patch_embed.py", line 72, in forward
    assert H % patch_H == 0, f"Input image height {H} is not a multiple of patch height {patch_H}"
AssertionError: Input image height 192 is not a multiple of patch height 14
ERROR conda.cli.main_run:execute(127): `conda run env PYTHONUNBUFFERED=1 TORCH_HOME=/data/lmh_data/.cache/torch CPATH=/home/lmh/anaconda3/envs/vgm-gs-s4c/include:/home/lmh/anaconda3/envs/vgm-gs-s4c/include CPLUS_INCLUDE_PATH=/home/lmh/anaconda3/envs/vgm-gs-s4c/include:/home/lmh/anaconda3/envs/vgm-gs-s4c/include python -m ssc_gs.train --steps 50 --device cuda --dino_mode real --mapanything_cache_dir /data/lmh_data/KITTI360/ssc_gs_pointcloud_cache` failed. (See above for error)
