AUTO5: starting smoke/train chain (after installing ninja)
Sat Dec 27 08:08:47 PM CST 2025
AUTO5: smoke test (1 step, dummy DINO)
Traceback (most recent call last):
  File "/home/lmh/VGM-GS-S4C/gsplat/gsplat/cuda/_backend.py", line 166, in <module>
    from gsplat import csrc as _C
ImportError: cannot import name 'csrc' from 'gsplat' (/home/lmh/VGM-GS-S4C/gsplat/gsplat/__init__.py)

During handling of the above exception, another exception occurred:

Traceback (most recent call last):
  File "/home/lmh/VGM-GS-S4C/gsplat/gsplat/cuda/_backend.py", line 79, in load_extension
    compiled = _jit_compile(
TypeError: _jit_compile() missing 2 required positional arguments: 'verbose' and 'with_sycl'

During handling of the above exception, another exception occurred:

Traceback (most recent call last):
  File "/home/lmh/.local/lib/python3.10/site-packages/torch/utils/cpp_extension.py", line 2597, in _run_ninja_build
    subprocess.run(
  File "/home/lmh/anaconda3/envs/vgm-gs-s4c/lib/python3.10/subprocess.py", line 526, in run
    raise CalledProcessError(retcode, process.args,
subprocess.CalledProcessError: Command '['ninja', '-v', '-j', '10']' returned non-zero exit status 1.

The above exception was the direct cause of the following exception:

Traceback (most recent call last):
  File "/home/lmh/anaconda3/envs/vgm-gs-s4c/lib/python3.10/runpy.py", line 196, in _run_module_as_main
    return _run_code(code, main_globals, None,
  File "/home/lmh/anaconda3/envs/vgm-gs-s4c/lib/python3.10/runpy.py", line 86, in _run_code
    exec(code, run_globals)
  File "/home/lmh/VGM-GS-S4C/ssc_gs/scripts/smoke_train.py", line 123, in <module>
    main()
  File "/home/lmh/VGM-GS-S4C/ssc_gs/scripts/smoke_train.py", line 109, in main
    stats = train_step(
  File "/home/lmh/VGM-GS-S4C/ssc_gs/train.py", line 129, in train_step
    renders = renderer.render(
  File "/home/lmh/VGM-GS-S4C/ssc_gs/render/gsplat_renderer.py", line 71, in render
    rgb_img, alpha, meta_rgb = rasterization(
  File "/home/lmh/VGM-GS-S4C/gsplat/gsplat/rendering.py", line 484, in rasterization
    proj_results = fully_fused_projection(
  File "/home/lmh/VGM-GS-S4C/gsplat/gsplat/cuda/_wrapper.py", line 405, in fully_fused_projection
    return _FullyFusedProjectionPacked.apply(
  File "/home/lmh/.local/lib/python3.10/site-packages/torch/autograd/function.py", line 581, in apply
    return super().apply(*args, **kwargs)  # type: ignore[misc]
  File "/home/lmh/VGM-GS-S4C/gsplat/gsplat/cuda/_wrapper.py", line 1607, in forward
    camera_model_type = _make_lazy_cuda_obj(
  File "/home/lmh/VGM-GS-S4C/gsplat/gsplat/cuda/_wrapper.py", line 24, in _make_lazy_cuda_obj
    from ._backend import _C
  File "/home/lmh/VGM-GS-S4C/gsplat/gsplat/cuda/_backend.py", line 217, in <module>
    _C = load_extension(
  File "/home/lmh/VGM-GS-S4C/gsplat/gsplat/cuda/_backend.py", line 98, in load_extension
    compiled = _jit_compile(
  File "/home/lmh/.local/lib/python3.10/site-packages/torch/utils/cpp_extension.py", line 2134, in _jit_compile
    _write_ninja_file_and_build_library(
  File "/home/lmh/.local/lib/python3.10/site-packages/torch/utils/cpp_extension.py", line 2286, in _write_ninja_file_and_build_library
    _run_ninja_build(
  File "/home/lmh/.local/lib/python3.10/site-packages/torch/utils/cpp_extension.py", line 2614, in _run_ninja_build
    raise RuntimeError(message) from e
RuntimeError: Error building extension 'gsplat_cuda': [1/30] /usr/local/cuda/bin/nvcc --generate-dependencies-with-compile --dependency-output RelocationCUDA.cuda.o.d -DTORCH_EXTENSION_NAME=gsplat_cuda -DTORCH_API_INCLUDE_EXTENSION_H -I/home/lmh/VGM-GS-S4C/gsplat/gsplat/cuda/include -I/home/lmh/VGM-GS-S4C/gsplat/gsplat/cuda/csrc/third_party/glm -isystem /home/lmh/.local/lib/python3.10/site-packages/torch/include -isystem /home/lmh/.local/lib/python3.10/site-packages/torch/include/torch/csrc/api/include -isystem /usr/local/cuda/include -isystem /home/lmh/anaconda3/envs/vgm-gs-s4c/include/python3.10 -D__CUDA_NO_HALF_OPERATORS__ -D__CUDA_NO_HALF_CONVERSIONS__ -D__CUDA_NO_BFLOAT16_CONVERSIONS__ -D__CUDA_NO_HALF2_OPERATORS__ --expt-relaxed-constexpr -gencode=arch=compute_86,code=compute_86 -gencode=arch=compute_86,code=sm_86 --compiler-options '-fPIC' -O3 -use_fast_math -std=c++17 -c /home/lmh/VGM-GS-S4C/gsplat/gsplat/cuda/csrc/RelocationCUDA.cu -o RelocationCUDA.cuda.o 
FAILED: [code=1] RelocationCUDA.cuda.o 
/usr/local/cuda/bin/nvcc --generate-dependencies-with-compile --dependency-output RelocationCUDA.cuda.o.d -DTORCH_EXTENSION_NAME=gsplat_cuda -DTORCH_API_INCLUDE_EXTENSION_H -I/home/lmh/VGM-GS-S4C/gsplat/gsplat/cuda/include -I/home/lmh/VGM-GS-S4C/gsplat/gsplat/cuda/csrc/third_party/glm -isystem /home/lmh/.local/lib/python3.10/site-packages/torch/include -isystem /home/lmh/.local/lib/python3.10/site-packages/torch/include/torch/csrc/api/include -isystem /usr/local/cuda/include -isystem /home/lmh/anaconda3/envs/vgm-gs-s4c/include/python3.10 -D__CUDA_NO_HALF_OPERATORS__ -D__CUDA_NO_HALF_CONVERSIONS__ -D__CUDA_NO_BFLOAT16_CONVERSIONS__ -D__CUDA_NO_HALF2_OPERATORS__ --expt-relaxed-constexpr -gencode=arch=compute_86,code=compute_86 -gencode=arch=compute_86,code=sm_86 --compiler-options '-fPIC' -O3 -use_fast_math -std=c++17 -c /home/lmh/VGM-GS-S4C/gsplat/gsplat/cuda/csrc/RelocationCUDA.cu -o RelocationCUDA.cuda.o 
In file included from /home/lmh/VGM-GS-S4C/gsplat/gsplat/cuda/csrc/RelocationCUDA.cu:5:
/home/lmh/VGM-GS-S4C/gsplat/gsplat/cuda/include/Common.h:5:10: fatal error: glm/gtc/type_ptr.hpp: No such file or directory
    5 | #include <glm/gtc/type_ptr.hpp>
      |          ^~~~~~~~~~~~~~~~~~~~~~
compilation terminated.
[2/30] /usr/local/cuda/bin/nvcc --generate-dependencies-with-compile --dependency-output RasterizeToPixels3DGSFwd.cuda.o.d -DTORCH_EXTENSION_NAME=gsplat_cuda -DTORCH_API_INCLUDE_EXTENSION_H -I/home/lmh/VGM-GS-S4C/gsplat/gsplat/cuda/include -I/home/lmh/VGM-GS-S4C/gsplat/gsplat/cuda/csrc/third_party/glm -isystem /home/lmh/.local/lib/python3.10/site-packages/torch/include -isystem /home/lmh/.local/lib/python3.10/site-packages/torch/include/torch/csrc/api/include -isystem /usr/local/cuda/include -isystem /home/lmh/anaconda3/envs/vgm-gs-s4c/include/python3.10 -D__CUDA_NO_HALF_OPERATORS__ -D__CUDA_NO_HALF_CONVERSIONS__ -D__CUDA_NO_BFLOAT16_CONVERSIONS__ -D__CUDA_NO_HALF2_OPERATORS__ --expt-relaxed-constexpr -gencode=arch=compute_86,code=compute_86 -gencode=arch=compute_86,code=sm_86 --compiler-options '-fPIC' -O3 -use_fast_math -std=c++17 -c /home/lmh/VGM-GS-S4C/gsplat/gsplat/cuda/csrc/RasterizeToPixels3DGSFwd.cu -o RasterizeToPixels3DGSFwd.cuda.o 
FAILED: [code=1] RasterizeToPixels3DGSFwd.cuda.o 
/usr/local/cuda/bin/nvcc --generate-dependencies-with-compile --dependency-output RasterizeToPixels3DGSFwd.cuda.o.d -DTORCH_EXTENSION_NAME=gsplat_cuda -DTORCH_API_INCLUDE_EXTENSION_H -I/home/lmh/VGM-GS-S4C/gsplat/gsplat/cuda/include -I/home/lmh/VGM-GS-S4C/gsplat/gsplat/cuda/csrc/third_party/glm -isystem /home/lmh/.local/lib/python3.10/site-packages/torch/include -isystem /home/lmh/.local/lib/python3.10/site-packages/torch/include/torch/csrc/api/include -isystem /usr/local/cuda/include -isystem /home/lmh/anaconda3/envs/vgm-gs-s4c/include/python3.10 -D__CUDA_NO_HALF_OPERATORS__ -D__CUDA_NO_HALF_CONVERSIONS__ -D__CUDA_NO_BFLOAT16_CONVERSIONS__ -D__CUDA_NO_HALF2_OPERATORS__ --expt-relaxed-constexpr -gencode=arch=compute_86,code=compute_86 -gencode=arch=compute_86,code=sm_86 --compiler-options '-fPIC' -O3 -use_fast_math -std=c++17 -c /home/lmh/VGM-GS-S4C/gsplat/gsplat/cuda/csrc/RasterizeToPixels3DGSFwd.cu -o RasterizeToPixels3DGSFwd.cuda.o 
In file included from /home/lmh/VGM-GS-S4C/gsplat/gsplat/cuda/csrc/RasterizeToPixels3DGSFwd.cu:6:
/home/lmh/VGM-GS-S4C/gsplat/gsplat/cuda/include/Common.h:5:10: fatal error: glm/gtc/type_ptr.hpp: No such file or directory
    5 | #include <glm/gtc/type_ptr.hpp>
      |          ^~~~~~~~~~~~~~~~~~~~~~
compilation terminated.
[3/30] /usr/local/cuda/bin/nvcc --generate-dependencies-with-compile --dependency-output RasterizeToIndices2DGS.cuda.o.d -DTORCH_EXTENSION_NAME=gsplat_cuda -DTORCH_API_INCLUDE_EXTENSION_H -I/home/lmh/VGM-GS-S4C/gsplat/gsplat/cuda/include -I/home/lmh/VGM-GS-S4C/gsplat/gsplat/cuda/csrc/third_party/glm -isystem /home/lmh/.local/lib/python3.10/site-packages/torch/include -isystem /home/lmh/.local/lib/python3.10/site-packages/torch/include/torch/csrc/api/include -isystem /usr/local/cuda/include -isystem /home/lmh/anaconda3/envs/vgm-gs-s4c/include/python3.10 -D__CUDA_NO_HALF_OPERATORS__ -D__CUDA_NO_HALF_CONVERSIONS__ -D__CUDA_NO_BFLOAT16_CONVERSIONS__ -D__CUDA_NO_HALF2_OPERATORS__ --expt-relaxed-constexpr -gencode=arch=compute_86,code=compute_86 -gencode=arch=compute_86,code=sm_86 --compiler-options '-fPIC' -O3 -use_fast_math -std=c++17 -c /home/lmh/VGM-GS-S4C/gsplat/gsplat/cuda/csrc/RasterizeToIndices2DGS.cu -o RasterizeToIndices2DGS.cuda.o 
FAILED: [code=1] RasterizeToIndices2DGS.cuda.o 
/usr/local/cuda/bin/nvcc --generate-dependencies-with-compile --dependency-output RasterizeToIndices2DGS.cuda.o.d -DTORCH_EXTENSION_NAME=gsplat_cuda -DTORCH_API_INCLUDE_EXTENSION_H -I/home/lmh/VGM-GS-S4C/gsplat/gsplat/cuda/include -I/home/lmh/VGM-GS-S4C/gsplat/gsplat/cuda/csrc/third_party/glm -isystem /home/lmh/.local/lib/python3.10/site-packages/torch/include -isystem /home/lmh/.local/lib/python3.10/site-packages/torch/include/torch/csrc/api/include -isystem /usr/local/cuda/include -isystem /home/lmh/anaconda3/envs/vgm-gs-s4c/include/python3.10 -D__CUDA_NO_HALF_OPERATORS__ -D__CUDA_NO_HALF_CONVERSIONS__ -D__CUDA_NO_BFLOAT16_CONVERSIONS__ -D__CUDA_NO_HALF2_OPERATORS__ --expt-relaxed-constexpr -gencode=arch=compute_86,code=compute_86 -gencode=arch=compute_86,code=sm_86 --compiler-options '-fPIC' -O3 -use_fast_math -std=c++17 -c /home/lmh/VGM-GS-S4C/gsplat/gsplat/cuda/csrc/RasterizeToIndices2DGS.cu -o RasterizeToIndices2DGS.cuda.o 
In file included from /home/lmh/VGM-GS-S4C/gsplat/gsplat/cuda/csrc/RasterizeToIndices2DGS.cu:6:
/home/lmh/VGM-GS-S4C/gsplat/gsplat/cuda/include/Common.h:5:10: fatal error: glm/gtc/type_ptr.hpp: No such file or directory
    5 | #include <glm/gtc/type_ptr.hpp>
      |          ^~~~~~~~~~~~~~~~~~~~~~
compilation terminated.
[4/30] /usr/local/cuda/bin/nvcc --generate-dependencies-with-compile --dependency-output RasterizeToPixelsFromWorld3DGSBwd.cuda.o.d -DTORCH_EXTENSION_NAME=gsplat_cuda -DTORCH_API_INCLUDE_EXTENSION_H -I/home/lmh/VGM-GS-S4C/gsplat/gsplat/cuda/include -I/home/lmh/VGM-GS-S4C/gsplat/gsplat/cuda/csrc/third_party/glm -isystem /home/lmh/.local/lib/python3.10/site-packages/torch/include -isystem /home/lmh/.local/lib/python3.10/site-packages/torch/include/torch/csrc/api/include -isystem /usr/local/cuda/include -isystem /home/lmh/anaconda3/envs/vgm-gs-s4c/include/python3.10 -D__CUDA_NO_HALF_OPERATORS__ -D__CUDA_NO_HALF_CONVERSIONS__ -D__CUDA_NO_BFLOAT16_CONVERSIONS__ -D__CUDA_NO_HALF2_OPERATORS__ --expt-relaxed-constexpr -gencode=arch=compute_86,code=compute_86 -gencode=arch=compute_86,code=sm_86 --compiler-options '-fPIC' -O3 -use_fast_math -std=c++17 -c /home/lmh/VGM-GS-S4C/gsplat/gsplat/cuda/csrc/RasterizeToPixelsFromWorld3DGSBwd.cu -o RasterizeToPixelsFromWorld3DGSBwd.cuda.o 
FAILED: [code=1] RasterizeToPixelsFromWorld3DGSBwd.cuda.o 
/usr/local/cuda/bin/nvcc --generate-dependencies-with-compile --dependency-output RasterizeToPixelsFromWorld3DGSBwd.cuda.o.d -DTORCH_EXTENSION_NAME=gsplat_cuda -DTORCH_API_INCLUDE_EXTENSION_H -I/home/lmh/VGM-GS-S4C/gsplat/gsplat/cuda/include -I/home/lmh/VGM-GS-S4C/gsplat/gsplat/cuda/csrc/third_party/glm -isystem /home/lmh/.local/lib/python3.10/site-packages/torch/include -isystem /home/lmh/.local/lib/python3.10/site-packages/torch/include/torch/csrc/api/include -isystem /usr/local/cuda/include -isystem /home/lmh/anaconda3/envs/vgm-gs-s4c/include/python3.10 -D__CUDA_NO_HALF_OPERATORS__ -D__CUDA_NO_HALF_CONVERSIONS__ -D__CUDA_NO_BFLOAT16_CONVERSIONS__ -D__CUDA_NO_HALF2_OPERATORS__ --expt-relaxed-constexpr -gencode=arch=compute_86,code=compute_86 -gencode=arch=compute_86,code=sm_86 --compiler-options '-fPIC' -O3 -use_fast_math -std=c++17 -c /home/lmh/VGM-GS-S4C/gsplat/gsplat/cuda/csrc/RasterizeToPixelsFromWorld3DGSBwd.cu -o RasterizeToPixelsFromWorld3DGSBwd.cuda.o 
In file included from /home/lmh/VGM-GS-S4C/gsplat/gsplat/cuda/csrc/RasterizeToPixelsFromWorld3DGSBwd.cu:7:
/home/lmh/VGM-GS-S4C/gsplat/gsplat/cuda/include/Common.h:5:10: fatal error: glm/gtc/type_ptr.hpp: No such file or directory
    5 | #include <glm/gtc/type_ptr.hpp>
      |          ^~~~~~~~~~~~~~~~~~~~~~
compilation terminated.
[5/30] /usr/local/cuda/bin/nvcc --generate-dependencies-with-compile --dependency-output SphericalHarmonicsCUDA.cuda.o.d -DTORCH_EXTENSION_NAME=gsplat_cuda -DTORCH_API_INCLUDE_EXTENSION_H -I/home/lmh/VGM-GS-S4C/gsplat/gsplat/cuda/include -I/home/lmh/VGM-GS-S4C/gsplat/gsplat/cuda/csrc/third_party/glm -isystem /home/lmh/.local/lib/python3.10/site-packages/torch/include -isystem /home/lmh/.local/lib/python3.10/site-packages/torch/include/torch/csrc/api/include -isystem /usr/local/cuda/include -isystem /home/lmh/anaconda3/envs/vgm-gs-s4c/include/python3.10 -D__CUDA_NO_HALF_OPERATORS__ -D__CUDA_NO_HALF_CONVERSIONS__ -D__CUDA_NO_BFLOAT16_CONVERSIONS__ -D__CUDA_NO_HALF2_OPERATORS__ --expt-relaxed-constexpr -gencode=arch=compute_86,code=compute_86 -gencode=arch=compute_86,code=sm_86 --compiler-options '-fPIC' -O3 -use_fast_math -std=c++17 -c /home/lmh/VGM-GS-S4C/gsplat/gsplat/cuda/csrc/SphericalHarmonicsCUDA.cu -o SphericalHarmonicsCUDA.cuda.o 
FAILED: [code=1] SphericalHarmonicsCUDA.cuda.o 
/usr/local/cuda/bin/nvcc --generate-dependencies-with-compile --dependency-output SphericalHarmonicsCUDA.cuda.o.d -DTORCH_EXTENSION_NAME=gsplat_cuda -DTORCH_API_INCLUDE_EXTENSION_H -I/home/lmh/VGM-GS-S4C/gsplat/gsplat/cuda/include -I/home/lmh/VGM-GS-S4C/gsplat/gsplat/cuda/csrc/third_party/glm -isystem /home/lmh/.local/lib/python3.10/site-packages/torch/include -isystem /home/lmh/.local/lib/python3.10/site-packages/torch/include/torch/csrc/api/include -isystem /usr/local/cuda/include -isystem /home/lmh/anaconda3/envs/vgm-gs-s4c/include/python3.10 -D__CUDA_NO_HALF_OPERATORS__ -D__CUDA_NO_HALF_CONVERSIONS__ -D__CUDA_NO_BFLOAT16_CONVERSIONS__ -D__CUDA_NO_HALF2_OPERATORS__ --expt-relaxed-constexpr -gencode=arch=compute_86,code=compute_86 -gencode=arch=compute_86,code=sm_86 --compiler-options '-fPIC' -O3 -use_fast_math -std=c++17 -c /home/lmh/VGM-GS-S4C/gsplat/gsplat/cuda/csrc/SphericalHarmonicsCUDA.cu -o SphericalHarmonicsCUDA.cuda.o 
In file included from /home/lmh/VGM-GS-S4C/gsplat/gsplat/cuda/csrc/SphericalHarmonicsCUDA.cu:7:
/home/lmh/VGM-GS-S4C/gsplat/gsplat/cuda/include/Common.h:5:10: fatal error: glm/gtc/type_ptr.hpp: No such file or directory
    5 | #include <glm/gtc/type_ptr.hpp>
      |          ^~~~~~~~~~~~~~~~~~~~~~
compilation terminated.
[6/30] /usr/local/cuda/bin/nvcc --generate-dependencies-with-compile --dependency-output RasterizeToIndices3DGS.cuda.o.d -DTORCH_EXTENSION_NAME=gsplat_cuda -DTORCH_API_INCLUDE_EXTENSION_H -I/home/lmh/VGM-GS-S4C/gsplat/gsplat/cuda/include -I/home/lmh/VGM-GS-S4C/gsplat/gsplat/cuda/csrc/third_party/glm -isystem /home/lmh/.local/lib/python3.10/site-packages/torch/include -isystem /home/lmh/.local/lib/python3.10/site-packages/torch/include/torch/csrc/api/include -isystem /usr/local/cuda/include -isystem /home/lmh/anaconda3/envs/vgm-gs-s4c/include/python3.10 -D__CUDA_NO_HALF_OPERATORS__ -D__CUDA_NO_HALF_CONVERSIONS__ -D__CUDA_NO_BFLOAT16_CONVERSIONS__ -D__CUDA_NO_HALF2_OPERATORS__ --expt-relaxed-constexpr -gencode=arch=compute_86,code=compute_86 -gencode=arch=compute_86,code=sm_86 --compiler-options '-fPIC' -O3 -use_fast_math -std=c++17 -c /home/lmh/VGM-GS-S4C/gsplat/gsplat/cuda/csrc/RasterizeToIndices3DGS.cu -o RasterizeToIndices3DGS.cuda.o 
FAILED: [code=1] RasterizeToIndices3DGS.cuda.o 
/usr/local/cuda/bin/nvcc --generate-dependencies-with-compile --dependency-output RasterizeToIndices3DGS.cuda.o.d -DTORCH_EXTENSION_NAME=gsplat_cuda -DTORCH_API_INCLUDE_EXTENSION_H -I/home/lmh/VGM-GS-S4C/gsplat/gsplat/cuda/include -I/home/lmh/VGM-GS-S4C/gsplat/gsplat/cuda/csrc/third_party/glm -isystem /home/lmh/.local/lib/python3.10/site-packages/torch/include -isystem /home/lmh/.local/lib/python3.10/site-packages/torch/include/torch/csrc/api/include -isystem /usr/local/cuda/include -isystem /home/lmh/anaconda3/envs/vgm-gs-s4c/include/python3.10 -D__CUDA_NO_HALF_OPERATORS__ -D__CUDA_NO_HALF_CONVERSIONS__ -D__CUDA_NO_BFLOAT16_CONVERSIONS__ -D__CUDA_NO_HALF2_OPERATORS__ --expt-relaxed-constexpr -gencode=arch=compute_86,code=compute_86 -gencode=arch=compute_86,code=sm_86 --compiler-options '-fPIC' -O3 -use_fast_math -std=c++17 -c /home/lmh/VGM-GS-S4C/gsplat/gsplat/cuda/csrc/RasterizeToIndices3DGS.cu -o RasterizeToIndices3DGS.cuda.o 
In file included from /home/lmh/VGM-GS-S4C/gsplat/gsplat/cuda/csrc/RasterizeToIndices3DGS.cu:6:
/home/lmh/VGM-GS-S4C/gsplat/gsplat/cuda/include/Common.h:5:10: fatal error: glm/gtc/type_ptr.hpp: No such file or directory
    5 | #include <glm/gtc/type_ptr.hpp>
      |          ^~~~~~~~~~~~~~~~~~~~~~
compilation terminated.
[7/30] /usr/local/cuda/bin/nvcc --generate-dependencies-with-compile --dependency-output Projection2DGSFused.cuda.o.d -DTORCH_EXTENSION_NAME=gsplat_cuda -DTORCH_API_INCLUDE_EXTENSION_H -I/home/lmh/VGM-GS-S4C/gsplat/gsplat/cuda/include -I/home/lmh/VGM-GS-S4C/gsplat/gsplat/cuda/csrc/third_party/glm -isystem /home/lmh/.local/lib/python3.10/site-packages/torch/include -isystem /home/lmh/.local/lib/python3.10/site-packages/torch/include/torch/csrc/api/include -isystem /usr/local/cuda/include -isystem /home/lmh/anaconda3/envs/vgm-gs-s4c/include/python3.10 -D__CUDA_NO_HALF_OPERATORS__ -D__CUDA_NO_HALF_CONVERSIONS__ -D__CUDA_NO_BFLOAT16_CONVERSIONS__ -D__CUDA_NO_HALF2_OPERATORS__ --expt-relaxed-constexpr -gencode=arch=compute_86,code=compute_86 -gencode=arch=compute_86,code=sm_86 --compiler-options '-fPIC' -O3 -use_fast_math -std=c++17 -c /home/lmh/VGM-GS-S4C/gsplat/gsplat/cuda/csrc/Projection2DGSFused.cu -o Projection2DGSFused.cuda.o 
FAILED: [code=1] Projection2DGSFused.cuda.o 
/usr/local/cuda/bin/nvcc --generate-dependencies-with-compile --dependency-output Projection2DGSFused.cuda.o.d -DTORCH_EXTENSION_NAME=gsplat_cuda -DTORCH_API_INCLUDE_EXTENSION_H -I/home/lmh/VGM-GS-S4C/gsplat/gsplat/cuda/include -I/home/lmh/VGM-GS-S4C/gsplat/gsplat/cuda/csrc/third_party/glm -isystem /home/lmh/.local/lib/python3.10/site-packages/torch/include -isystem /home/lmh/.local/lib/python3.10/site-packages/torch/include/torch/csrc/api/include -isystem /usr/local/cuda/include -isystem /home/lmh/anaconda3/envs/vgm-gs-s4c/include/python3.10 -D__CUDA_NO_HALF_OPERATORS__ -D__CUDA_NO_HALF_CONVERSIONS__ -D__CUDA_NO_BFLOAT16_CONVERSIONS__ -D__CUDA_NO_HALF2_OPERATORS__ --expt-relaxed-constexpr -gencode=arch=compute_86,code=compute_86 -gencode=arch=compute_86,code=sm_86 --compiler-options '-fPIC' -O3 -use_fast_math -std=c++17 -c /home/lmh/VGM-GS-S4C/gsplat/gsplat/cuda/csrc/Projection2DGSFused.cu -o Projection2DGSFused.cuda.o 
In file included from /home/lmh/VGM-GS-S4C/gsplat/gsplat/cuda/csrc/Projection2DGSFused.cu:7:
/home/lmh/VGM-GS-S4C/gsplat/gsplat/cuda/include/Common.h:5:10: fatal error: glm/gtc/type_ptr.hpp: No such file or directory
    5 | #include <glm/gtc/type_ptr.hpp>
      |          ^~~~~~~~~~~~~~~~~~~~~~
compilation terminated.
[8/30] /usr/local/cuda/bin/nvcc --generate-dependencies-with-compile --dependency-output ProjectionUT3DGSFused.cuda.o.d -DTORCH_EXTENSION_NAME=gsplat_cuda -DTORCH_API_INCLUDE_EXTENSION_H -I/home/lmh/VGM-GS-S4C/gsplat/gsplat/cuda/include -I/home/lmh/VGM-GS-S4C/gsplat/gsplat/cuda/csrc/third_party/glm -isystem /home/lmh/.local/lib/python3.10/site-packages/torch/include -isystem /home/lmh/.local/lib/python3.10/site-packages/torch/include/torch/csrc/api/include -isystem /usr/local/cuda/include -isystem /home/lmh/anaconda3/envs/vgm-gs-s4c/include/python3.10 -D__CUDA_NO_HALF_OPERATORS__ -D__CUDA_NO_HALF_CONVERSIONS__ -D__CUDA_NO_BFLOAT16_CONVERSIONS__ -D__CUDA_NO_HALF2_OPERATORS__ --expt-relaxed-constexpr -gencode=arch=compute_86,code=compute_86 -gencode=arch=compute_86,code=sm_86 --compiler-options '-fPIC' -O3 -use_fast_math -std=c++17 -c /home/lmh/VGM-GS-S4C/gsplat/gsplat/cuda/csrc/ProjectionUT3DGSFused.cu -o ProjectionUT3DGSFused.cuda.o 
FAILED: [code=1] ProjectionUT3DGSFused.cuda.o 
/usr/local/cuda/bin/nvcc --generate-dependencies-with-compile --dependency-output ProjectionUT3DGSFused.cuda.o.d -DTORCH_EXTENSION_NAME=gsplat_cuda -DTORCH_API_INCLUDE_EXTENSION_H -I/home/lmh/VGM-GS-S4C/gsplat/gsplat/cuda/include -I/home/lmh/VGM-GS-S4C/gsplat/gsplat/cuda/csrc/third_party/glm -isystem /home/lmh/.local/lib/python3.10/site-packages/torch/include -isystem /home/lmh/.local/lib/python3.10/site-packages/torch/include/torch/csrc/api/include -isystem /usr/local/cuda/include -isystem /home/lmh/anaconda3/envs/vgm-gs-s4c/include/python3.10 -D__CUDA_NO_HALF_OPERATORS__ -D__CUDA_NO_HALF_CONVERSIONS__ -D__CUDA_NO_BFLOAT16_CONVERSIONS__ -D__CUDA_NO_HALF2_OPERATORS__ --expt-relaxed-constexpr -gencode=arch=compute_86,code=compute_86 -gencode=arch=compute_86,code=sm_86 --compiler-options '-fPIC' -O3 -use_fast_math -std=c++17 -c /home/lmh/VGM-GS-S4C/gsplat/gsplat/cuda/csrc/ProjectionUT3DGSFused.cu -o ProjectionUT3DGSFused.cuda.o 
In file included from /home/lmh/VGM-GS-S4C/gsplat/gsplat/cuda/csrc/ProjectionUT3DGSFused.cu:7:
/home/lmh/VGM-GS-S4C/gsplat/gsplat/cuda/include/Common.h:5:10: fatal error: glm/gtc/type_ptr.hpp: No such file or directory
    5 | #include <glm/gtc/type_ptr.hpp>
      |          ^~~~~~~~~~~~~~~~~~~~~~
compilation terminated.
[9/30] /usr/local/cuda/bin/nvcc --generate-dependencies-with-compile --dependency-output ProjectionEWASimple.cuda.o.d -DTORCH_EXTENSION_NAME=gsplat_cuda -DTORCH_API_INCLUDE_EXTENSION_H -I/home/lmh/VGM-GS-S4C/gsplat/gsplat/cuda/include -I/home/lmh/VGM-GS-S4C/gsplat/gsplat/cuda/csrc/third_party/glm -isystem /home/lmh/.local/lib/python3.10/site-packages/torch/include -isystem /home/lmh/.local/lib/python3.10/site-packages/torch/include/torch/csrc/api/include -isystem /usr/local/cuda/include -isystem /home/lmh/anaconda3/envs/vgm-gs-s4c/include/python3.10 -D__CUDA_NO_HALF_OPERATORS__ -D__CUDA_NO_HALF_CONVERSIONS__ -D__CUDA_NO_BFLOAT16_CONVERSIONS__ -D__CUDA_NO_HALF2_OPERATORS__ --expt-relaxed-constexpr -gencode=arch=compute_86,code=compute_86 -gencode=arch=compute_86,code=sm_86 --compiler-options '-fPIC' -O3 -use_fast_math -std=c++17 -c /home/lmh/VGM-GS-S4C/gsplat/gsplat/cuda/csrc/ProjectionEWASimple.cu -o ProjectionEWASimple.cuda.o 
FAILED: [code=1] ProjectionEWASimple.cuda.o 
/usr/local/cuda/bin/nvcc --generate-dependencies-with-compile --dependency-output ProjectionEWASimple.cuda.o.d -DTORCH_EXTENSION_NAME=gsplat_cuda -DTORCH_API_INCLUDE_EXTENSION_H -I/home/lmh/VGM-GS-S4C/gsplat/gsplat/cuda/include -I/home/lmh/VGM-GS-S4C/gsplat/gsplat/cuda/csrc/third_party/glm -isystem /home/lmh/.local/lib/python3.10/site-packages/torch/include -isystem /home/lmh/.local/lib/python3.10/site-packages/torch/include/torch/csrc/api/include -isystem /usr/local/cuda/include -isystem /home/lmh/anaconda3/envs/vgm-gs-s4c/include/python3.10 -D__CUDA_NO_HALF_OPERATORS__ -D__CUDA_NO_HALF_CONVERSIONS__ -D__CUDA_NO_BFLOAT16_CONVERSIONS__ -D__CUDA_NO_HALF2_OPERATORS__ --expt-relaxed-constexpr -gencode=arch=compute_86,code=compute_86 -gencode=arch=compute_86,code=sm_86 --compiler-options '-fPIC' -O3 -use_fast_math -std=c++17 -c /home/lmh/VGM-GS-S4C/gsplat/gsplat/cuda/csrc/ProjectionEWASimple.cu -o ProjectionEWASimple.cuda.o 
In file included from /home/lmh/VGM-GS-S4C/gsplat/gsplat/cuda/csrc/ProjectionEWASimple.cu:6:
/home/lmh/VGM-GS-S4C/gsplat/gsplat/cuda/include/Common.h:5:10: fatal error: glm/gtc/type_ptr.hpp: No such file or directory
    5 | #include <glm/gtc/type_ptr.hpp>
      |          ^~~~~~~~~~~~~~~~~~~~~~
compilation terminated.
[10/30] /usr/local/cuda/bin/nvcc --generate-dependencies-with-compile --dependency-output NullCUDA.cuda.o.d -DTORCH_EXTENSION_NAME=gsplat_cuda -DTORCH_API_INCLUDE_EXTENSION_H -I/home/lmh/VGM-GS-S4C/gsplat/gsplat/cuda/include -I/home/lmh/VGM-GS-S4C/gsplat/gsplat/cuda/csrc/third_party/glm -isystem /home/lmh/.local/lib/python3.10/site-packages/torch/include -isystem /home/lmh/.local/lib/python3.10/site-packages/torch/include/torch/csrc/api/include -isystem /usr/local/cuda/include -isystem /home/lmh/anaconda3/envs/vgm-gs-s4c/include/python3.10 -D__CUDA_NO_HALF_OPERATORS__ -D__CUDA_NO_HALF_CONVERSIONS__ -D__CUDA_NO_BFLOAT16_CONVERSIONS__ -D__CUDA_NO_HALF2_OPERATORS__ --expt-relaxed-constexpr -gencode=arch=compute_86,code=compute_86 -gencode=arch=compute_86,code=sm_86 --compiler-options '-fPIC' -O3 -use_fast_math -std=c++17 -c /home/lmh/VGM-GS-S4C/gsplat/gsplat/cuda/csrc/NullCUDA.cu -o NullCUDA.cuda.o 
ninja: build stopped: subcommand failed.

ERROR conda.cli.main_run:execute(127): `conda run python -m ssc_gs.scripts.smoke_train --cache_dir /data/lmh_data/KITTI360/ssc_gs_pointcloud_cache --max_points 50000 --device cuda` failed. (See above for error)
