Using cache found in /home/lmh/.cache/torch/hub/facebookresearch_dinov2_main
/home/lmh/.cache/torch/hub/facebookresearch_dinov2_main/dinov2/layers/swiglu_ffn.py:43: UserWarning: xFormers is available (SwiGLU)
  warnings.warn("xFormers is available (SwiGLU)")
/home/lmh/.cache/torch/hub/facebookresearch_dinov2_main/dinov2/layers/attention.py:27: UserWarning: xFormers is available (Attention)
  warnings.warn("xFormers is available (Attention)")
/home/lmh/.cache/torch/hub/facebookresearch_dinov2_main/dinov2/layers/block.py:33: UserWarning: xFormers is available (Block)
  warnings.warn("xFormers is available (Block)")
Resumed from checkpoints/ff2d_60ep_20251228_011025/latest.pt (start_step=4001)
epoch=0 step=4010 loss=0.5415 photo=0.1105 sem=0.4309 voxel_reg=0.0116 sup_views=2
epoch=0 step=4020 loss=0.5009 photo=0.1108 sem=0.3901 voxel_reg=0.0113 sup_views=2
epoch=0 step=4030 loss=0.6471 photo=0.1393 sem=0.5079 voxel_reg=0.0103 sup_views=2
epoch=0 step=4040 loss=0.5548 photo=0.1187 sem=0.4361 voxel_reg=0.0109 sup_views=2
epoch=0 step=4050 loss=0.5797 photo=0.1217 sem=0.4580 voxel_reg=0.0113 sup_views=2
epoch=0 step=4060 loss=0.5120 photo=0.1305 sem=0.3815 voxel_reg=0.0126 sup_views=2
epoch=0 step=4070 loss=0.3971 photo=0.1582 sem=0.2389 voxel_reg=0.0112 sup_views=2
epoch=0 step=4080 loss=0.4282 photo=0.1473 sem=0.2809 voxel_reg=0.0103 sup_views=2
epoch=0 step=4090 loss=0.4605 photo=0.1348 sem=0.3257 voxel_reg=0.0111 sup_views=2
epoch=0 step=4100 loss=0.5091 photo=0.1386 sem=0.3705 voxel_reg=0.0105 sup_views=2
epoch=0 step=4110 loss=0.7381 photo=0.1605 sem=0.5777 voxel_reg=0.0103 sup_views=2
epoch=0 step=4120 loss=0.4203 photo=0.1177 sem=0.3026 voxel_reg=0.0122 sup_views=2
epoch=0 step=4130 loss=0.4521 photo=0.1290 sem=0.3231 voxel_reg=0.0122 sup_views=2
epoch=0 step=4140 loss=0.3840 photo=0.1186 sem=0.2654 voxel_reg=0.0142 sup_views=2
epoch=0 step=4150 loss=0.4403 photo=0.1332 sem=0.3071 voxel_reg=0.0137 sup_views=2
epoch=0 step=4160 loss=0.5989 photo=0.1362 sem=0.4627 voxel_reg=0.0125 sup_views=2
epoch=0 step=4170 loss=0.4422 photo=0.1478 sem=0.2944 voxel_reg=0.0112 sup_views=2
epoch=0 step=4180 loss=0.5655 photo=0.1477 sem=0.4178 voxel_reg=0.0107 sup_views=2
epoch=0 step=4190 loss=0.5149 photo=0.1603 sem=0.3546 voxel_reg=0.0093 sup_views=2
epoch=0 step=4200 loss=0.5489 photo=0.1509 sem=0.3980 voxel_reg=0.0105 sup_views=2
epoch=0 step=4210 loss=0.6549 photo=0.1504 sem=0.5045 voxel_reg=0.0099 sup_views=2
epoch=0 step=4220 loss=0.7255 photo=0.1312 sem=0.5943 voxel_reg=0.0078 sup_views=2
epoch=0 step=4230 loss=0.5579 photo=0.1205 sem=0.4374 voxel_reg=0.0090 sup_views=2
epoch=0 step=4240 loss=0.6050 photo=0.1108 sem=0.4943 voxel_reg=0.0094 sup_views=2
epoch=0 step=4250 loss=0.6306 photo=0.1286 sem=0.5019 voxel_reg=0.0103 sup_views=2
epoch=0 step=4260 loss=0.4589 photo=0.1262 sem=0.3327 voxel_reg=0.0079 sup_views=2
epoch=0 step=4270 loss=0.3817 photo=0.1202 sem=0.2615 voxel_reg=0.0102 sup_views=2
epoch=0 step=4280 loss=0.4195 photo=0.1241 sem=0.2954 voxel_reg=0.0091 sup_views=2
epoch=0 step=4290 loss=0.4958 photo=0.1260 sem=0.3698 voxel_reg=0.0101 sup_views=2
epoch=0 step=4300 loss=0.5347 photo=0.1321 sem=0.4026 voxel_reg=0.0099 sup_views=2
epoch=0 step=4310 loss=0.3855 photo=0.1134 sem=0.2720 voxel_reg=0.0100 sup_views=2
epoch=0 step=4320 loss=0.3958 photo=0.1202 sem=0.2756 voxel_reg=0.0095 sup_views=2
epoch=0 step=4330 loss=0.3375 photo=0.1384 sem=0.1992 voxel_reg=0.0099 sup_views=2
epoch=0 step=4340 loss=0.7168 photo=0.1247 sem=0.5921 voxel_reg=0.0097 sup_views=2
epoch=0 step=4350 loss=0.6873 photo=0.1330 sem=0.5543 voxel_reg=0.0086 sup_views=2
epoch=0 step=4360 loss=0.8960 photo=0.1310 sem=0.7650 voxel_reg=0.0092 sup_views=2
epoch=0 step=4370 loss=0.5809 photo=0.1305 sem=0.4504 voxel_reg=0.0098 sup_views=2
epoch=0 step=4380 loss=0.3096 photo=0.1341 sem=0.1755 voxel_reg=0.0104 sup_views=2
epoch=0 step=4390 loss=0.3955 photo=0.1139 sem=0.2816 voxel_reg=0.0089 sup_views=2
epoch=0 step=4400 loss=0.4570 photo=0.1325 sem=0.3245 voxel_reg=0.0104 sup_views=2
epoch=0 step=4410 loss=0.4947 photo=0.1412 sem=0.3535 voxel_reg=0.0088 sup_views=2
epoch=0 step=4420 loss=0.5267 photo=0.1072 sem=0.4196 voxel_reg=0.0074 sup_views=2
epoch=0 step=4430 loss=0.4168 photo=0.1146 sem=0.3021 voxel_reg=0.0085 sup_views=2
epoch=0 step=4440 loss=0.5307 photo=0.1045 sem=0.4261 voxel_reg=0.0071 sup_views=2
epoch=0 step=4450 loss=0.3908 photo=0.1187 sem=0.2721 voxel_reg=0.0071 sup_views=2
epoch=0 step=4460 loss=0.3889 photo=0.1215 sem=0.2674 voxel_reg=0.0068 sup_views=2
epoch=0 step=4470 loss=0.5468 photo=0.1205 sem=0.4263 voxel_reg=0.0077 sup_views=2
epoch=0 step=4480 loss=0.5919 photo=0.1245 sem=0.4674 voxel_reg=0.0082 sup_views=2
epoch=0 step=4490 loss=0.4543 photo=0.1383 sem=0.3159 voxel_reg=0.0090 sup_views=2
epoch=0 step=4500 loss=0.3844 photo=0.1504 sem=0.2341 voxel_reg=0.0090 sup_views=2
epoch=0 step=4510 loss=0.4788 photo=0.1900 sem=0.2888 voxel_reg=0.0121 sup_views=2
epoch=0 step=4520 loss=0.4443 photo=0.1423 sem=0.3020 voxel_reg=0.0100 sup_views=2
epoch=0 step=4530 loss=0.4820 photo=0.1167 sem=0.3653 voxel_reg=0.0084 sup_views=2
epoch=0 step=4540 loss=0.9146 photo=0.1131 sem=0.8014 voxel_reg=0.0076 sup_views=2
epoch=0 step=4550 loss=0.6228 photo=0.1140 sem=0.5088 voxel_reg=0.0084 sup_views=2
epoch=0 step=4560 loss=0.3986 photo=0.1119 sem=0.2868 voxel_reg=0.0094 sup_views=2
epoch=0 step=4570 loss=0.3033 photo=0.1332 sem=0.1700 voxel_reg=0.0093 sup_views=2
epoch=0 step=4580 loss=0.3493 photo=0.1192 sem=0.2301 voxel_reg=0.0096 sup_views=2
epoch=0 step=4590 loss=0.2683 photo=0.1118 sem=0.1565 voxel_reg=0.0093 sup_views=2
epoch=0 step=4600 loss=0.4958 photo=0.1440 sem=0.3519 voxel_reg=0.0083 sup_views=2
epoch=0 step=4610 loss=0.4814 photo=0.1414 sem=0.3400 voxel_reg=0.0070 sup_views=2
epoch=0 step=4620 loss=0.5015 photo=0.1412 sem=0.3602 voxel_reg=0.0076 sup_views=2
epoch=0 step=4630 loss=0.4474 photo=0.1452 sem=0.3022 voxel_reg=0.0087 sup_views=2
epoch=0 step=4640 loss=0.3666 photo=0.1440 sem=0.2226 voxel_reg=0.0084 sup_views=2
epoch=0 step=4650 loss=0.4013 photo=0.1524 sem=0.2489 voxel_reg=0.0083 sup_views=2
epoch=0 step=4660 loss=0.6817 photo=0.1726 sem=0.5091 voxel_reg=0.0084 sup_views=2
epoch=0 step=4670 loss=0.4233 photo=0.1361 sem=0.2872 voxel_reg=0.0086 sup_views=2
epoch=0 step=4680 loss=0.3457 photo=0.1178 sem=0.2279 voxel_reg=0.0080 sup_views=2
epoch=0 step=4690 loss=0.6138 photo=0.1114 sem=0.5023 voxel_reg=0.0076 sup_views=2
epoch=0 step=4700 loss=0.6037 photo=0.1412 sem=0.4624 voxel_reg=0.0076 sup_views=2
epoch=0 step=4710 loss=0.6007 photo=0.1177 sem=0.4829 voxel_reg=0.0089 sup_views=2
epoch=0 step=4720 loss=0.5352 photo=0.1390 sem=0.3962 voxel_reg=0.0086 sup_views=2
epoch=0 step=4730 loss=0.5393 photo=0.1328 sem=0.4064 voxel_reg=0.0089 sup_views=2
epoch=0 step=4740 loss=0.7185 photo=0.1252 sem=0.5933 voxel_reg=0.0076 sup_views=2
epoch=0 step=4750 loss=0.3471 photo=0.1256 sem=0.2215 voxel_reg=0.0075 sup_views=2
epoch=0 step=4760 loss=0.5264 photo=0.1208 sem=0.4056 voxel_reg=0.0074 sup_views=2
epoch=0 step=4770 loss=0.4607 photo=0.1458 sem=0.3149 voxel_reg=0.0090 sup_views=2
epoch=0 step=4780 loss=0.4679 photo=0.1107 sem=0.3571 voxel_reg=0.0086 sup_views=2
epoch=0 step=4790 loss=0.4193 photo=0.1014 sem=0.3178 voxel_reg=0.0090 sup_views=2
epoch=0 step=4800 loss=0.6189 photo=0.1104 sem=0.5085 voxel_reg=0.0098 sup_views=2
epoch=0 step=4810 loss=0.4824 photo=0.1055 sem=0.3769 voxel_reg=0.0105 sup_views=2
epoch=0 step=4820 loss=0.3936 photo=0.0982 sem=0.2954 voxel_reg=0.0081 sup_views=2
epoch=0 step=4830 loss=0.3618 photo=0.1024 sem=0.2595 voxel_reg=0.0085 sup_views=2
epoch=0 step=4840 loss=0.3086 photo=0.1188 sem=0.1897 voxel_reg=0.0073 sup_views=2
epoch=0 step=4850 loss=0.5071 photo=0.1510 sem=0.3562 voxel_reg=0.0077 sup_views=2
epoch=0 step=4860 loss=0.5178 photo=0.1174 sem=0.4003 voxel_reg=0.0079 sup_views=2
epoch=0 step=4870 loss=0.5623 photo=0.1353 sem=0.4270 voxel_reg=0.0075 sup_views=2
epoch=0 step=4880 loss=0.5562 photo=0.1388 sem=0.4175 voxel_reg=0.0074 sup_views=2
epoch=0 step=4890 loss=0.5813 photo=0.1370 sem=0.4443 voxel_reg=0.0070 sup_views=2
epoch=0 step=4900 loss=0.5151 photo=0.1411 sem=0.3740 voxel_reg=0.0074 sup_views=2
epoch=0 step=4910 loss=0.3845 photo=0.1584 sem=0.2260 voxel_reg=0.0079 sup_views=2
epoch=0 step=4920 loss=0.5608 photo=0.1585 sem=0.4024 voxel_reg=0.0099 sup_views=2
epoch=0 step=4930 loss=0.5158 photo=0.1457 sem=0.3700 voxel_reg=0.0093 sup_views=2
epoch=0 step=4940 loss=0.4961 photo=0.1393 sem=0.3568 voxel_reg=0.0090 sup_views=2
epoch=0 step=4950 loss=0.4890 photo=0.1387 sem=0.3503 voxel_reg=0.0103 sup_views=2
epoch=0 step=4960 loss=0.6065 photo=0.1609 sem=0.4456 voxel_reg=0.0096 sup_views=2
epoch=0 step=4970 loss=0.7304 photo=0.1925 sem=0.5380 voxel_reg=0.0071 sup_views=2
epoch=0 step=4980 loss=0.5860 photo=0.1632 sem=0.4228 voxel_reg=0.0067 sup_views=2
epoch=0 step=4990 loss=0.4882 photo=0.1606 sem=0.3276 voxel_reg=0.0067 sup_views=2
epoch=0 step=5000 loss=0.5856 photo=0.1511 sem=0.4345 voxel_reg=0.0067 sup_views=2
epoch=0 step=5010 loss=0.5648 photo=0.1511 sem=0.4136 voxel_reg=0.0073 sup_views=2
epoch=0 step=5020 loss=0.4222 photo=0.1427 sem=0.2795 voxel_reg=0.0077 sup_views=2
epoch=0 step=5030 loss=0.5160 photo=0.1158 sem=0.4002 voxel_reg=0.0082 sup_views=2
epoch=0 step=5040 loss=0.6054 photo=0.1458 sem=0.4596 voxel_reg=0.0072 sup_views=2
epoch=0 step=5050 loss=0.3563 photo=0.1225 sem=0.2338 voxel_reg=0.0079 sup_views=2
epoch=0 step=5060 loss=0.8806 photo=0.1465 sem=0.7341 voxel_reg=0.0069 sup_views=2
epoch=0 step=5070 loss=0.7783 photo=0.1612 sem=0.6172 voxel_reg=0.0070 sup_views=2
epoch=0 step=5080 loss=0.4704 photo=0.1471 sem=0.3234 voxel_reg=0.0057 sup_views=2
epoch=0 step=5090 loss=0.4203 photo=0.1349 sem=0.2854 voxel_reg=0.0067 sup_views=2
epoch=0 step=5100 loss=0.5218 photo=0.1128 sem=0.4089 voxel_reg=0.0071 sup_views=2
epoch=0 step=5110 loss=0.4534 photo=0.1345 sem=0.3189 voxel_reg=0.0069 sup_views=2
Terminated
ERROR conda.cli.main_run:execute(127): `conda run python -u -m ssc_gs.ff_train --device cuda --epochs 60 --num_workers 4 --data_fc 3 --supervise_rgb --sem_lambda 1.0 --ssim_lambda 0.2 --save_every 500 --ckpt_dir checkpoints/ff2d_60ep_resume_20251228_073205 --resume checkpoints/ff2d_60ep_20251228_011025/latest.pt` failed. (See above for error)
