Using cache found in /home/lmh/.cache/torch/hub/facebookresearch_dinov2_main
/home/lmh/.cache/torch/hub/facebookresearch_dinov2_main/dinov2/layers/swiglu_ffn.py:43: UserWarning: xFormers is available (SwiGLU)
  warnings.warn("xFormers is available (SwiGLU)")
/home/lmh/.cache/torch/hub/facebookresearch_dinov2_main/dinov2/layers/attention.py:27: UserWarning: xFormers is available (Attention)
  warnings.warn("xFormers is available (Attention)")
/home/lmh/.cache/torch/hub/facebookresearch_dinov2_main/dinov2/layers/block.py:33: UserWarning: xFormers is available (Block)
  warnings.warn("xFormers is available (Block)")
W1228 10:06:29.700000 3629288 torch/fx/_symbolic_trace.py:52] is_fx_tracing will return true for both fx.symbolic_trace and torch.export. Please use is_fx_tracing_symbolic_tracing() for specifically fx.symbolic_trace or torch.compiler.is_compiling() for specifically torch.export/compile.
epoch=0 step=0 loss=3.5101 photo=0.2755 sem=3.2343 smooth=0.0266 voxel_reg=0.6547 sup_views=5
epoch=0 step=10 loss=1.9097 photo=0.2627 sem=1.6468 smooth=0.0212 voxel_reg=0.6785 sup_views=5
epoch=0 step=20 loss=1.3408 photo=0.2286 sem=1.1120 smooth=0.0239 voxel_reg=0.6919 sup_views=5
epoch=0 step=30 loss=0.7845 photo=0.2077 sem=0.5765 smooth=0.0271 voxel_reg=0.6965 sup_views=5
epoch=0 step=40 loss=0.4879 photo=0.1832 sem=0.3044 smooth=0.0310 voxel_reg=0.6987 sup_views=5
epoch=0 step=50 loss=0.4417 photo=0.1808 sem=0.2605 smooth=0.0392 voxel_reg=0.6862 sup_views=5
epoch=0 step=60 loss=0.5350 photo=0.1659 sem=0.3687 smooth=0.0410 voxel_reg=0.6815 sup_views=5
epoch=0 step=70 loss=0.7243 photo=0.1933 sem=0.5305 smooth=0.0398 voxel_reg=0.6723 sup_views=5
epoch=0 step=80 loss=0.6477 photo=0.1911 sem=0.4562 smooth=0.0491 voxel_reg=0.6578 sup_views=5
nohup: ignoring input
Using cache found in /home/lmh/.cache/torch/hub/facebookresearch_dinov2_main
/home/lmh/.cache/torch/hub/facebookresearch_dinov2_main/dinov2/layers/swiglu_ffn.py:43: UserWarning: xFormers is available (SwiGLU)
  warnings.warn("xFormers is available (SwiGLU)")
/home/lmh/.cache/torch/hub/facebookresearch_dinov2_main/dinov2/layers/attention.py:27: UserWarning: xFormers is available (Attention)
  warnings.warn("xFormers is available (Attention)")
/home/lmh/.cache/torch/hub/facebookresearch_dinov2_main/dinov2/layers/block.py:33: UserWarning: xFormers is available (Block)
  warnings.warn("xFormers is available (Block)")
Resumed from checkpoints/ff2d_run_20251228_100622/latest.pt (start_step=1)
W1228 10:08:24.576000 3630817 torch/fx/_symbolic_trace.py:52] is_fx_tracing will return true for both fx.symbolic_trace and torch.export. Please use is_fx_tracing_symbolic_tracing() for specifically fx.symbolic_trace or torch.compiler.is_compiling() for specifically torch.export/compile.
epoch=0 step=10 loss=1.9184 photo=0.2632 sem=1.6549 smooth=0.0251 voxel_reg=0.6769 sup_views=5
epoch=0 step=20 loss=1.4518 photo=0.2349 sem=1.2166 smooth=0.0253 voxel_reg=0.6911 sup_views=5
epoch=0 step=30 loss=0.8086 photo=0.2101 sem=0.5983 smooth=0.0273 voxel_reg=0.6936 sup_views=5
epoch=0 step=40 loss=0.4797 photo=0.1828 sem=0.2966 smooth=0.0319 voxel_reg=0.6987 sup_views=5
epoch=0 step=50 loss=0.4478 photo=0.1767 sem=0.2707 smooth=0.0370 voxel_reg=0.6855 sup_views=5
epoch=0 step=60 loss=0.5165 photo=0.1694 sem=0.3467 smooth=0.0415 voxel_reg=0.6790 sup_views=5
epoch=0 step=70 loss=0.6483 photo=0.1967 sem=0.4511 smooth=0.0414 voxel_reg=0.6725 sup_views=5
epoch=0 step=80 loss=0.6622 photo=0.1964 sem=0.4653 smooth=0.0497 voxel_reg=0.6563 sup_views=5
epoch=0 step=90 loss=0.7238 photo=0.1856 sem=0.5377 smooth=0.0487 voxel_reg=0.6586 sup_views=5
epoch=0 step=100 loss=0.5025 photo=0.1849 sem=0.3170 smooth=0.0510 voxel_reg=0.6519 sup_views=5
epoch=0 step=110 loss=0.5059 photo=0.1717 sem=0.3336 smooth=0.0621 voxel_reg=0.6554 sup_views=5
epoch=0 step=120 loss=0.7517 photo=0.1811 sem=0.5699 smooth=0.0651 voxel_reg=0.6507 sup_views=5
epoch=0 step=130 loss=0.7613 photo=0.1752 sem=0.5855 smooth=0.0614 voxel_reg=0.6393 sup_views=5
epoch=0 step=140 loss=0.6284 photo=0.1666 sem=0.4611 smooth=0.0694 voxel_reg=0.6437 sup_views=5
epoch=0 step=150 loss=0.7030 photo=0.1660 sem=0.5363 smooth=0.0661 voxel_reg=0.6587 sup_views=5
epoch=0 step=160 loss=0.8319 photo=0.1700 sem=0.6612 smooth=0.0624 voxel_reg=0.6535 sup_views=5
epoch=0 step=170 loss=0.7089 photo=0.1794 sem=0.5289 smooth=0.0652 voxel_reg=0.6440 sup_views=5
epoch=0 step=180 loss=0.7176 photo=0.1631 sem=0.5537 smooth=0.0801 voxel_reg=0.6468 sup_views=5
epoch=0 step=190 loss=0.4683 photo=0.1614 sem=0.3063 smooth=0.0709 voxel_reg=0.6411 sup_views=5
epoch=0 step=200 loss=0.6527 photo=0.1520 sem=0.4998 smooth=0.0921 voxel_reg=0.6377 sup_views=5
epoch=0 step=210 loss=0.5885 photo=0.1375 sem=0.4501 smooth=0.0881 voxel_reg=0.6373 sup_views=5
epoch=0 step=220 loss=0.6728 photo=0.1270 sem=0.5449 smooth=0.1012 voxel_reg=0.6155 sup_views=5
epoch=0 step=230 loss=0.5181 photo=0.1589 sem=0.3583 smooth=0.1002 voxel_reg=0.6080 sup_views=5
epoch=0 step=240 loss=0.7839 photo=0.1488 sem=0.6341 smooth=0.1080 voxel_reg=0.5948 sup_views=5
epoch=0 step=250 loss=0.8117 photo=0.1417 sem=0.6691 smooth=0.0935 voxel_reg=0.5637 sup_views=5
epoch=0 step=260 loss=0.7349 photo=0.1477 sem=0.5862 smooth=0.1003 voxel_reg=0.5620 sup_views=5
epoch=0 step=270 loss=0.6964 photo=0.1475 sem=0.5479 smooth=0.1022 voxel_reg=0.5644 sup_views=5
epoch=0 step=280 loss=0.7587 photo=0.1417 sem=0.6161 smooth=0.0994 voxel_reg=0.5449 sup_views=5
epoch=0 step=290 loss=0.7506 photo=0.1470 sem=0.6026 smooth=0.1078 voxel_reg=0.5499 sup_views=5
epoch=0 step=300 loss=0.7199 photo=0.1730 sem=0.5459 smooth=0.1034 voxel_reg=0.5350 sup_views=5
epoch=0 step=310 loss=0.5488 photo=0.1538 sem=0.3940 smooth=0.1087 voxel_reg=0.5237 sup_views=5
epoch=0 step=320 loss=0.4516 photo=0.1202 sem=0.3304 smooth=0.1006 voxel_reg=0.5295 sup_views=5
epoch=0 step=330 loss=0.4821 photo=0.1359 sem=0.3452 smooth=0.1046 voxel_reg=0.5306 sup_views=5
epoch=0 step=340 loss=0.5622 photo=0.1547 sem=0.4063 smooth=0.1117 voxel_reg=0.5333 sup_views=5
epoch=0 step=350 loss=0.7312 photo=0.1324 sem=0.5975 smooth=0.1275 voxel_reg=0.5429 sup_views=5
epoch=0 step=360 loss=0.5652 photo=0.1310 sem=0.4331 smooth=0.1155 voxel_reg=0.5537 sup_views=5
epoch=0 step=370 loss=0.5654 photo=0.1400 sem=0.4241 smooth=0.1264 voxel_reg=0.5456 sup_views=5
epoch=0 step=380 loss=0.8140 photo=0.1688 sem=0.6440 smooth=0.1142 voxel_reg=0.5043 sup_views=5
epoch=0 step=390 loss=0.6872 photo=0.2028 sem=0.4833 smooth=0.1043 voxel_reg=0.4949 sup_views=5
epoch=0 step=400 loss=0.6287 photo=0.1905 sem=0.4370 smooth=0.1278 voxel_reg=0.5421 sup_views=5
epoch=0 step=410 loss=0.4780 photo=0.1436 sem=0.3331 smooth=0.1200 voxel_reg=0.5143 sup_views=5
epoch=0 step=420 loss=0.6217 photo=0.1722 sem=0.4481 smooth=0.1441 voxel_reg=0.4820 sup_views=5
epoch=0 step=430 loss=0.5881 photo=0.1778 sem=0.4088 smooth=0.1504 voxel_reg=0.4769 sup_views=5
epoch=0 step=440 loss=0.6503 photo=0.1927 sem=0.4561 smooth=0.1494 voxel_reg=0.5240 sup_views=5
epoch=0 step=450 loss=0.7287 photo=0.1701 sem=0.5574 smooth=0.1238 voxel_reg=0.5068 sup_views=5
epoch=0 step=460 loss=0.5754 photo=0.1535 sem=0.4206 smooth=0.1227 voxel_reg=0.5021 sup_views=5
epoch=0 step=470 loss=0.5001 photo=0.1613 sem=0.3376 smooth=0.1285 voxel_reg=0.4680 sup_views=5
epoch=0 step=480 loss=0.6012 photo=0.1778 sem=0.4220 smooth=0.1365 voxel_reg=0.4638 sup_views=5
epoch=0 step=490 loss=0.6031 photo=0.1766 sem=0.4252 smooth=0.1293 voxel_reg=0.4790 sup_views=5
epoch=0 step=500 loss=0.6514 photo=0.1740 sem=0.4762 smooth=0.1259 voxel_reg=0.4848 sup_views=5
epoch=0 step=510 loss=0.5084 photo=0.1655 sem=0.3416 smooth=0.1265 voxel_reg=0.4892 sup_views=5
epoch=0 step=520 loss=0.5097 photo=0.1578 sem=0.3507 smooth=0.1211 voxel_reg=0.4926 sup_views=5
epoch=0 step=530 loss=0.5345 photo=0.1388 sem=0.3946 smooth=0.1116 voxel_reg=0.4800 sup_views=5
epoch=0 step=540 loss=0.6040 photo=0.1209 sem=0.4820 smooth=0.1072 voxel_reg=0.4395 sup_views=5
epoch=0 step=550 loss=0.5278 photo=0.1266 sem=0.4002 smooth=0.1047 voxel_reg=0.4533 sup_views=5
epoch=0 step=560 loss=0.5725 photo=0.1340 sem=0.4373 smooth=0.1174 voxel_reg=0.4419 sup_views=5
epoch=0 step=570 loss=0.4415 photo=0.1295 sem=0.3109 smooth=0.1099 voxel_reg=0.4212 sup_views=5
epoch=0 step=580 loss=0.5413 photo=0.1628 sem=0.3775 smooth=0.1037 voxel_reg=0.4081 sup_views=5
epoch=0 step=590 loss=0.4764 photo=0.1590 sem=0.3162 smooth=0.1216 voxel_reg=0.4104 sup_views=5
epoch=0 step=600 loss=0.4609 photo=0.1326 sem=0.3271 smooth=0.1132 voxel_reg=0.4057 sup_views=5
epoch=0 step=610 loss=0.4439 photo=0.1451 sem=0.2976 smooth=0.1291 voxel_reg=0.4390 sup_views=5
epoch=0 step=620 loss=0.5453 photo=0.1437 sem=0.4003 smooth=0.1323 voxel_reg=0.4489 sup_views=5
epoch=0 step=630 loss=0.5079 photo=0.1320 sem=0.3746 smooth=0.1295 voxel_reg=0.4590 sup_views=5
epoch=0 step=640 loss=0.5490 photo=0.1497 sem=0.3979 smooth=0.1314 voxel_reg=0.4534 sup_views=5
epoch=0 step=650 loss=0.6946 photo=0.1812 sem=0.5124 smooth=0.1028 voxel_reg=0.5164 sup_views=5
epoch=0 step=660 loss=1.1511 photo=0.1866 sem=0.9634 smooth=0.1024 voxel_reg=0.5432 sup_views=5
epoch=0 step=670 loss=0.7215 photo=0.1413 sem=0.5789 smooth=0.1335 voxel_reg=0.4738 sup_views=5
epoch=0 step=680 loss=0.4844 photo=0.1429 sem=0.3399 smooth=0.1550 voxel_reg=0.4427 sup_views=5
epoch=0 step=690 loss=0.3815 photo=0.1660 sem=0.2139 smooth=0.1563 voxel_reg=0.4413 sup_views=5
epoch=0 step=700 loss=0.4625 photo=0.1646 sem=0.2964 smooth=0.1447 voxel_reg=0.4343 sup_views=5
epoch=0 step=710 loss=0.4316 photo=0.1864 sem=0.2438 smooth=0.1437 voxel_reg=0.4134 sup_views=5
epoch=0 step=720 loss=0.5484 photo=0.1885 sem=0.3584 smooth=0.1597 voxel_reg=0.4231 sup_views=5
epoch=0 step=730 loss=0.6455 photo=0.1941 sem=0.4500 smooth=0.1354 voxel_reg=0.4051 sup_views=5
epoch=0 step=740 loss=0.5816 photo=0.1838 sem=0.3964 smooth=0.1395 voxel_reg=0.3922 sup_views=5
epoch=0 step=750 loss=0.5033 photo=0.1525 sem=0.3493 smooth=0.1510 voxel_reg=0.4280 sup_views=5
epoch=0 step=760 loss=0.4627 photo=0.1493 sem=0.3120 smooth=0.1417 voxel_reg=0.4551 sup_views=5
epoch=0 step=770 loss=0.6460 photo=0.1500 sem=0.4946 smooth=0.1445 voxel_reg=0.4564 sup_views=5
epoch=0 step=780 loss=0.5047 photo=0.1394 sem=0.3638 smooth=0.1366 voxel_reg=0.4479 sup_views=5
epoch=0 step=790 loss=0.7003 photo=0.1472 sem=0.5518 smooth=0.1338 voxel_reg=0.4265 sup_views=5
epoch=0 step=800 loss=0.6742 photo=0.1439 sem=0.5291 smooth=0.1169 voxel_reg=0.4266 sup_views=5
epoch=0 step=810 loss=0.5648 photo=0.1359 sem=0.4276 smooth=0.1258 voxel_reg=0.3974 sup_views=5
epoch=0 step=820 loss=0.6976 photo=0.1230 sem=0.5733 smooth=0.1309 voxel_reg=0.3953 sup_views=5
epoch=0 step=830 loss=0.5663 photo=0.1428 sem=0.4223 smooth=0.1181 voxel_reg=0.3783 sup_views=5
epoch=0 step=840 loss=0.6208 photo=0.1311 sem=0.4885 smooth=0.1197 voxel_reg=0.3736 sup_views=5
epoch=0 step=850 loss=0.8450 photo=0.1428 sem=0.7009 smooth=0.1216 voxel_reg=0.3712 sup_views=5
epoch=0 step=860 loss=0.5218 photo=0.1822 sem=0.3385 smooth=0.1124 voxel_reg=0.4006 sup_views=5
epoch=0 step=870 loss=0.4479 photo=0.1715 sem=0.2754 smooth=0.1059 voxel_reg=0.4367 sup_views=5
epoch=0 step=880 loss=0.5423 photo=0.1513 sem=0.3899 smooth=0.1106 voxel_reg=0.4493 sup_views=5
epoch=0 step=890 loss=0.4716 photo=0.1421 sem=0.3283 smooth=0.1192 voxel_reg=0.4138 sup_views=5
epoch=0 step=900 loss=0.5436 photo=0.1400 sem=0.4023 smooth=0.1276 voxel_reg=0.3810 sup_views=5
epoch=0 step=910 loss=0.5288 photo=0.1226 sem=0.4049 smooth=0.1296 voxel_reg=0.4010 sup_views=5
epoch=0 step=920 loss=0.3997 photo=0.1359 sem=0.2626 smooth=0.1228 voxel_reg=0.4235 sup_views=5
epoch=0 step=930 loss=0.5866 photo=0.1237 sem=0.4618 smooth=0.1075 voxel_reg=0.4953 sup_views=5
epoch=0 step=940 loss=0.5452 photo=0.1422 sem=0.4020 smooth=0.1090 voxel_reg=0.4211 sup_views=5
epoch=0 step=950 loss=0.4730 photo=0.1575 sem=0.3142 smooth=0.1293 voxel_reg=0.3776 sup_views=5
epoch=0 step=960 loss=0.5707 photo=0.1887 sem=0.3808 smooth=0.1263 voxel_reg=0.4064 sup_views=5
epoch=0 step=970 loss=0.4376 photo=0.1641 sem=0.2722 smooth=0.1309 voxel_reg=0.4418 sup_views=5
epoch=0 step=980 loss=0.4624 photo=0.1513 sem=0.3099 smooth=0.1133 voxel_reg=0.4333 sup_views=5
epoch=0 step=990 loss=0.6000 photo=0.1309 sem=0.4679 smooth=0.1113 voxel_reg=0.4192 sup_views=5
epoch=0 step=1000 loss=0.7041 photo=0.1329 sem=0.5699 smooth=0.1289 voxel_reg=0.3823 sup_views=5
epoch=0 step=1010 loss=0.6137 photo=0.1175 sem=0.4948 smooth=0.1397 voxel_reg=0.3911 sup_views=5
epoch=0 step=1020 loss=0.6044 photo=0.1349 sem=0.4680 smooth=0.1515 voxel_reg=0.3894 sup_views=5
epoch=0 step=1030 loss=0.5762 photo=0.1457 sem=0.4289 smooth=0.1618 voxel_reg=0.3926 sup_views=5
epoch=0 step=1040 loss=0.8089 photo=0.1688 sem=0.6384 smooth=0.1676 voxel_reg=0.4149 sup_views=5
epoch=0 step=1050 loss=0.7611 photo=0.1588 sem=0.6003 smooth=0.1937 voxel_reg=0.3956 sup_views=5
epoch=0 step=1060 loss=0.6063 photo=0.1526 sem=0.4519 smooth=0.1773 voxel_reg=0.4058 sup_views=5
epoch=0 step=1070 loss=0.5586 photo=0.1511 sem=0.4058 smooth=0.1804 voxel_reg=0.4133 sup_views=5
epoch=0 step=1080 loss=0.5420 photo=0.1653 sem=0.3750 smooth=0.1724 voxel_reg=0.3851 sup_views=5
epoch=0 step=1090 loss=0.4415 photo=0.1486 sem=0.2914 smooth=0.1491 voxel_reg=0.4070 sup_views=5
epoch=0 step=1100 loss=0.5035 photo=0.1438 sem=0.3581 smooth=0.1592 voxel_reg=0.4285 sup_views=5
epoch=0 step=1110 loss=0.5294 photo=0.1279 sem=0.4001 smooth=0.1360 voxel_reg=0.4431 sup_views=5
epoch=0 step=1120 loss=0.4640 photo=0.1253 sem=0.3371 smooth=0.1582 voxel_reg=0.4224 sup_views=5
epoch=0 step=1130 loss=0.3776 photo=0.1618 sem=0.2143 smooth=0.1534 voxel_reg=0.3963 sup_views=5
epoch=0 step=1140 loss=0.5160 photo=0.1616 sem=0.3526 smooth=0.1780 voxel_reg=0.4103 sup_views=5
epoch=0 step=1150 loss=0.5055 photo=0.1907 sem=0.3132 smooth=0.1612 voxel_reg=0.3923 sup_views=5
epoch=0 step=1160 loss=0.4173 photo=0.1662 sem=0.2494 smooth=0.1708 voxel_reg=0.4155 sup_views=5
epoch=0 step=1170 loss=0.5187 photo=0.1704 sem=0.3467 smooth=0.1638 voxel_reg=0.3954 sup_views=5
epoch=0 step=1180 loss=0.4897 photo=0.1545 sem=0.3336 smooth=0.1655 voxel_reg=0.4299 sup_views=5
epoch=0 step=1190 loss=0.5346 photo=0.1480 sem=0.3850 smooth=0.1520 voxel_reg=0.4570 sup_views=5
epoch=0 step=1200 loss=0.5380 photo=0.1594 sem=0.3771 smooth=0.1470 voxel_reg=0.4166 sup_views=5
epoch=0 step=1210 loss=0.4872 photo=0.1636 sem=0.3221 smooth=0.1490 voxel_reg=0.4349 sup_views=5
epoch=0 step=1220 loss=0.4581 photo=0.1581 sem=0.2986 smooth=0.1404 voxel_reg=0.4376 sup_views=5
epoch=0 step=1230 loss=0.5903 photo=0.1591 sem=0.4295 smooth=0.1679 voxel_reg=0.3956 sup_views=5
epoch=0 step=1240 loss=0.5127 photo=0.1600 sem=0.3511 smooth=0.1585 voxel_reg=0.3951 sup_views=5
epoch=0 step=1250 loss=0.7295 photo=0.1915 sem=0.5365 smooth=0.1519 voxel_reg=0.4087 sup_views=5
epoch=0 step=1260 loss=0.6353 photo=0.1737 sem=0.4602 smooth=0.1391 voxel_reg=0.4026 sup_views=5
epoch=0 step=1270 loss=0.4920 photo=0.1536 sem=0.3369 smooth=0.1608 voxel_reg=0.3934 sup_views=5
epoch=0 step=1280 loss=0.5226 photo=0.1457 sem=0.3752 smooth=0.1656 voxel_reg=0.4136 sup_views=5
epoch=0 step=1290 loss=0.4907 photo=0.1503 sem=0.3390 smooth=0.1423 voxel_reg=0.4184 sup_views=5
epoch=0 step=1300 loss=0.4929 photo=0.1554 sem=0.3362 smooth=0.1286 voxel_reg=0.4427 sup_views=5
epoch=0 step=1310 loss=0.6416 photo=0.1632 sem=0.4770 smooth=0.1390 voxel_reg=0.5261 sup_views=5
epoch=0 step=1320 loss=0.5614 photo=0.1583 sem=0.4018 smooth=0.1228 voxel_reg=0.4682 sup_views=5
epoch=0 step=1330 loss=0.6544 photo=0.1573 sem=0.4958 smooth=0.1316 voxel_reg=0.4416 sup_views=5
epoch=0 step=1340 loss=0.5821 photo=0.1707 sem=0.4101 smooth=0.1282 voxel_reg=0.4291 sup_views=5
epoch=0 step=1350 loss=0.6926 photo=0.1432 sem=0.5479 smooth=0.1457 voxel_reg=0.4351 sup_views=5
epoch=0 step=1360 loss=0.5343 photo=0.1638 sem=0.3690 smooth=0.1488 voxel_reg=0.4353 sup_views=5
epoch=0 step=1370 loss=0.6668 photo=0.1629 sem=0.5024 smooth=0.1498 voxel_reg=0.4823 sup_views=5
epoch=0 step=1380 loss=0.9564 photo=0.1844 sem=0.7705 smooth=0.1467 voxel_reg=0.5082 sup_views=5
epoch=0 step=1390 loss=0.5823 photo=0.1439 sem=0.4370 smooth=0.1430 voxel_reg=0.4671 sup_views=5
epoch=0 step=1400 loss=0.6888 photo=0.1355 sem=0.5518 smooth=0.1480 voxel_reg=0.4832 sup_views=5
epoch=0 step=1410 loss=0.6571 photo=0.1586 sem=0.4970 smooth=0.1626 voxel_reg=0.4250 sup_views=5
epoch=0 step=1420 loss=0.6767 photo=0.1466 sem=0.5285 smooth=0.1606 voxel_reg=0.3867 sup_views=5
epoch=0 step=1430 loss=0.5996 photo=0.1489 sem=0.4492 smooth=0.1495 voxel_reg=0.3838 sup_views=5
epoch=0 step=1440 loss=0.5510 photo=0.1472 sem=0.4024 smooth=0.1476 voxel_reg=0.3859 sup_views=5
epoch=0 step=1450 loss=0.5186 photo=0.1340 sem=0.3831 smooth=0.1531 voxel_reg=0.4129 sup_views=5
epoch=0 step=1460 loss=0.6368 photo=0.1439 sem=0.4913 smooth=0.1530 voxel_reg=0.3886 sup_views=5
epoch=0 step=1470 loss=0.5284 photo=0.1476 sem=0.3793 smooth=0.1502 voxel_reg=0.3287 sup_views=5
epoch=0 step=1480 loss=0.5612 photo=0.1464 sem=0.4132 smooth=0.1646 voxel_reg=0.3595 sup_views=5
epoch=0 step=1490 loss=0.7291 photo=0.1540 sem=0.5735 smooth=0.1597 voxel_reg=0.4069 sup_views=5
epoch=0 step=1500 loss=0.6202 photo=0.1514 sem=0.4674 smooth=0.1494 voxel_reg=0.3935 sup_views=5
epoch=0 step=1510 loss=0.5730 photo=0.1350 sem=0.4364 smooth=0.1561 voxel_reg=0.3755 sup_views=5
epoch=0 step=1520 loss=0.4732 photo=0.1466 sem=0.3250 smooth=0.1571 voxel_reg=0.3360 sup_views=5
epoch=0 step=1530 loss=0.4852 photo=0.1636 sem=0.3200 smooth=0.1573 voxel_reg=0.3242 sup_views=5
epoch=0 step=1540 loss=0.6228 photo=0.1401 sem=0.4812 smooth=0.1467 voxel_reg=0.3696 sup_views=5
epoch=0 step=1550 loss=0.7189 photo=0.1375 sem=0.5799 smooth=0.1503 voxel_reg=0.3647 sup_views=5
epoch=0 step=1560 loss=0.7667 photo=0.1349 sem=0.6301 smooth=0.1669 voxel_reg=0.3828 sup_views=5
epoch=0 step=1570 loss=0.4548 photo=0.1184 sem=0.3349 smooth=0.1519 voxel_reg=0.4098 sup_views=5
epoch=0 step=1580 loss=0.4501 photo=0.1270 sem=0.3216 smooth=0.1525 voxel_reg=0.3854 sup_views=5
epoch=0 step=1590 loss=0.6193 photo=0.1294 sem=0.4884 smooth=0.1561 voxel_reg=0.4027 sup_views=5
epoch=0 step=1600 loss=0.6297 photo=0.1218 sem=0.5063 smooth=0.1609 voxel_reg=0.3899 sup_views=5
epoch=0 step=1610 loss=0.6347 photo=0.1322 sem=0.5011 smooth=0.1467 voxel_reg=0.4161 sup_views=5
epoch=0 step=1620 loss=0.5111 photo=0.1581 sem=0.3515 smooth=0.1496 voxel_reg=0.4366 sup_views=5
epoch=0 step=1630 loss=0.6552 photo=0.1819 sem=0.4716 smooth=0.1671 voxel_reg=0.4434 sup_views=5
epoch=0 step=1640 loss=0.6072 photo=0.1857 sem=0.4198 smooth=0.1689 voxel_reg=0.4809 sup_views=5
epoch=0 step=1650 loss=0.5172 photo=0.1427 sem=0.3729 smooth=0.1499 voxel_reg=0.4825 sup_views=5
epoch=0 step=1660 loss=0.7729 photo=0.1434 sem=0.6279 smooth=0.1562 voxel_reg=0.5148 sup_views=5
epoch=0 step=1670 loss=0.4654 photo=0.1653 sem=0.2983 smooth=0.1712 voxel_reg=0.4296 sup_views=5
epoch=0 step=1680 loss=0.5594 photo=0.1665 sem=0.3911 smooth=0.1790 voxel_reg=0.3976 sup_views=5
epoch=0 step=1690 loss=0.6946 photo=0.1767 sem=0.5163 smooth=0.1570 voxel_reg=0.4225 sup_views=5
epoch=0 step=1700 loss=0.5871 photo=0.1547 sem=0.4310 smooth=0.1410 voxel_reg=0.3915 sup_views=5
epoch=0 step=1710 loss=0.4977 photo=0.1508 sem=0.3455 smooth=0.1489 voxel_reg=0.4291 sup_views=5
epoch=0 step=1720 loss=0.4119 photo=0.1416 sem=0.2689 smooth=0.1407 voxel_reg=0.4585 sup_views=5
epoch=0 step=1730 loss=0.5950 photo=0.1459 sem=0.4477 smooth=0.1416 voxel_reg=0.4274 sup_views=5
epoch=0 step=1740 loss=0.5393 photo=0.1511 sem=0.3870 smooth=0.1260 voxel_reg=0.4199 sup_views=5
epoch=0 step=1750 loss=0.4216 photo=0.1382 sem=0.2820 smooth=0.1384 voxel_reg=0.4369 sup_views=5
epoch=0 step=1760 loss=0.5732 photo=0.1521 sem=0.4197 smooth=0.1443 voxel_reg=0.4223 sup_views=5
epoch=0 step=1770 loss=0.6424 photo=0.1447 sem=0.4962 smooth=0.1440 voxel_reg=0.4659 sup_views=5
epoch=0 step=1780 loss=0.5279 photo=0.1346 sem=0.3917 smooth=0.1516 voxel_reg=0.4121 sup_views=5
epoch=0 step=1790 loss=0.5740 photo=0.1374 sem=0.4351 smooth=0.1441 voxel_reg=0.3782 sup_views=5
epoch=0 step=1800 loss=0.6575 photo=0.1320 sem=0.5240 smooth=0.1488 voxel_reg=0.3759 sup_views=5
epoch=0 step=1810 loss=0.4894 photo=0.1461 sem=0.3417 smooth=0.1599 voxel_reg=0.3600 sup_views=5
epoch=0 step=1820 loss=0.6697 photo=0.1621 sem=0.5060 smooth=0.1616 voxel_reg=0.3897 sup_views=5
epoch=0 step=1830 loss=0.6374 photo=0.1470 sem=0.4887 smooth=0.1678 voxel_reg=0.3830 sup_views=5
epoch=0 step=1840 loss=0.6060 photo=0.1362 sem=0.4681 smooth=0.1681 voxel_reg=0.4000 sup_views=5
epoch=0 step=1850 loss=0.6197 photo=0.1562 sem=0.4617 smooth=0.1756 voxel_reg=0.3956 sup_views=5
epoch=0 step=1860 loss=0.4545 photo=0.1084 sem=0.3446 smooth=0.1534 voxel_reg=0.4472 sup_views=5
epoch=0 step=1870 loss=0.4560 photo=0.1145 sem=0.3397 smooth=0.1779 voxel_reg=0.4411 sup_views=5
epoch=0 step=1880 loss=0.8089 photo=0.1980 sem=0.6090 smooth=0.1890 voxel_reg=0.4233 sup_views=5
epoch=0 step=1890 loss=0.8773 photo=0.1751 sem=0.7005 smooth=0.1801 voxel_reg=0.5625 sup_views=5
epoch=0 step=1900 loss=0.7136 photo=0.1866 sem=0.5252 smooth=0.1712 voxel_reg=0.4511 sup_views=5
epoch=0 step=1910 loss=0.5209 photo=0.1764 sem=0.3428 smooth=0.1666 voxel_reg=0.4452 sup_views=5
epoch=0 step=1920 loss=0.6014 photo=0.1835 sem=0.4163 smooth=0.1561 voxel_reg=0.4352 sup_views=5
epoch=0 step=1930 loss=0.5186 photo=0.1609 sem=0.3561 smooth=0.1600 voxel_reg=0.4526 sup_views=5
epoch=0 step=1940 loss=0.3612 photo=0.1333 sem=0.2263 smooth=0.1562 voxel_reg=0.4342 sup_views=5
epoch=0 step=1950 loss=0.3528 photo=0.1651 sem=0.1862 smooth=0.1542 voxel_reg=0.3989 sup_views=5
epoch=0 step=1960 loss=0.5552 photo=0.1649 sem=0.3888 smooth=0.1459 voxel_reg=0.4232 sup_views=5
epoch=0 step=1970 loss=0.3441 photo=0.1543 sem=0.1882 smooth=0.1524 voxel_reg=0.4459 sup_views=5
epoch=0 step=1980 loss=0.3127 photo=0.1479 sem=0.1633 smooth=0.1480 voxel_reg=0.4378 sup_views=5
epoch=0 step=1990 loss=0.3830 photo=0.1569 sem=0.2244 smooth=0.1604 voxel_reg=0.4504 sup_views=5
epoch=0 step=2000 loss=0.4117 photo=0.1535 sem=0.2567 smooth=0.1431 voxel_reg=0.4896 sup_views=5
epoch=0 step=2010 loss=0.4716 photo=0.1745 sem=0.2955 smooth=0.1512 voxel_reg=0.4884 sup_views=5
epoch=0 step=2020 loss=0.4396 photo=0.1607 sem=0.2774 smooth=0.1533 voxel_reg=0.4741 sup_views=5
epoch=0 step=2030 loss=0.5215 photo=0.1573 sem=0.3626 smooth=0.1547 voxel_reg=0.4579 sup_views=5
epoch=0 step=2040 loss=0.4854 photo=0.1578 sem=0.3261 smooth=0.1567 voxel_reg=0.4504 sup_views=5
epoch=0 step=2050 loss=0.4507 photo=0.1568 sem=0.2924 smooth=0.1536 voxel_reg=0.5088 sup_views=5
epoch=0 step=2060 loss=0.4870 photo=0.1767 sem=0.3089 smooth=0.1481 voxel_reg=0.4534 sup_views=5
epoch=0 step=2070 loss=0.5291 photo=0.1794 sem=0.3481 smooth=0.1522 voxel_reg=0.3983 sup_views=5
epoch=0 step=2080 loss=0.6002 photo=0.1916 sem=0.4070 smooth=0.1578 voxel_reg=0.4330 sup_views=5
epoch=0 step=2090 loss=0.6660 photo=0.1963 sem=0.4682 smooth=0.1506 voxel_reg=0.4878 sup_views=5
epoch=0 step=2100 loss=0.6602 photo=0.1796 sem=0.4792 smooth=0.1419 voxel_reg=0.5131 sup_views=5
epoch=0 step=2110 loss=0.4660 photo=0.1430 sem=0.3213 smooth=0.1713 voxel_reg=0.4964 sup_views=5
epoch=0 step=2120 loss=0.3635 photo=0.1407 sem=0.2211 smooth=0.1645 voxel_reg=0.4850 sup_views=5
epoch=0 step=2130 loss=0.3068 photo=0.1319 sem=0.1732 smooth=0.1782 voxel_reg=0.4402 sup_views=5
epoch=0 step=2140 loss=0.3579 photo=0.1359 sem=0.2204 smooth=0.1653 voxel_reg=0.4231 sup_views=5
epoch=0 step=2150 loss=0.3440 photo=0.1235 sem=0.2189 smooth=0.1585 voxel_reg=0.4352 sup_views=5
epoch=0 step=2160 loss=0.3398 photo=0.1501 sem=0.1881 smooth=0.1570 voxel_reg=0.4548 sup_views=5
epoch=0 step=2170 loss=0.4026 photo=0.1511 sem=0.2498 smooth=0.1729 voxel_reg=0.4185 sup_views=5
epoch=0 step=2180 loss=0.3662 photo=0.1513 sem=0.2133 smooth=0.1666 voxel_reg=0.3956 sup_views=5
epoch=0 step=2190 loss=0.6220 photo=0.1565 sem=0.4640 smooth=0.1557 voxel_reg=0.3945 sup_views=5
epoch=0 step=2200 loss=0.6739 photo=0.1679 sem=0.5044 smooth=0.1526 voxel_reg=0.3883 sup_views=5
epoch=0 step=2210 loss=0.8922 photo=0.1797 sem=0.7110 smooth=0.1558 voxel_reg=0.4715 sup_views=5
epoch=0 step=2220 loss=0.4921 photo=0.1703 sem=0.3200 smooth=0.1832 voxel_reg=0.4435 sup_views=5
epoch=0 step=2230 loss=0.5265 photo=0.1273 sem=0.3975 smooth=0.1710 voxel_reg=0.4565 sup_views=5
epoch=0 step=2240 loss=0.5193 photo=0.1110 sem=0.4066 smooth=0.1669 voxel_reg=0.4181 sup_views=5
epoch=0 step=2250 loss=0.4607 photo=0.1076 sem=0.3514 smooth=0.1652 voxel_reg=0.3942 sup_views=5
epoch=0 step=2260 loss=0.6720 photo=0.1156 sem=0.5547 smooth=0.1711 voxel_reg=0.3784 sup_views=5
epoch=0 step=2270 loss=0.5664 photo=0.1241 sem=0.4406 smooth=0.1703 voxel_reg=0.3938 sup_views=5
epoch=0 step=2280 loss=0.5602 photo=0.1089 sem=0.4494 smooth=0.1867 voxel_reg=0.4228 sup_views=5
epoch=0 step=2290 loss=0.6039 photo=0.1098 sem=0.4925 smooth=0.1691 voxel_reg=0.4376 sup_views=5
epoch=0 step=2300 loss=0.4827 photo=0.0984 sem=0.3827 smooth=0.1617 voxel_reg=0.4373 sup_views=5
epoch=0 step=2310 loss=0.4558 photo=0.0965 sem=0.3574 smooth=0.1850 voxel_reg=0.4597 sup_views=5
epoch=0 step=2320 loss=0.5325 photo=0.1208 sem=0.4097 smooth=0.2031 voxel_reg=0.4370 sup_views=5
epoch=0 step=2330 loss=0.5170 photo=0.1341 sem=0.3811 smooth=0.1751 voxel_reg=0.4081 sup_views=5
epoch=0 step=2340 loss=0.5317 photo=0.1276 sem=0.4022 smooth=0.1833 voxel_reg=0.4631 sup_views=5
epoch=0 step=2350 loss=0.3600 photo=0.1250 sem=0.2334 smooth=0.1652 voxel_reg=0.4909 sup_views=5
epoch=0 step=2360 loss=0.4017 photo=0.1203 sem=0.2797 smooth=0.1732 voxel_reg=0.4910 sup_views=5
epoch=0 step=2370 loss=0.4081 photo=0.1273 sem=0.2793 smooth=0.1564 voxel_reg=0.4731 sup_views=5
epoch=0 step=2380 loss=0.5474 photo=0.1477 sem=0.3981 smooth=0.1642 voxel_reg=0.4311 sup_views=5
epoch=0 step=2390 loss=0.5216 photo=0.1187 sem=0.4011 smooth=0.1774 voxel_reg=0.4274 sup_views=5
epoch=0 step=2400 loss=0.4329 photo=0.1121 sem=0.3190 smooth=0.1829 voxel_reg=0.3818 sup_views=5
epoch=0 step=2410 loss=0.4786 photo=0.1418 sem=0.3350 smooth=0.1834 voxel_reg=0.3985 sup_views=5
epoch=0 step=2420 loss=0.4748 photo=0.1362 sem=0.3367 smooth=0.1866 voxel_reg=0.4006 sup_views=5
epoch=0 step=2430 loss=0.4427 photo=0.1465 sem=0.2945 smooth=0.1667 voxel_reg=0.4113 sup_views=5
epoch=0 step=2440 loss=0.4620 photo=0.1390 sem=0.3209 smooth=0.2038 voxel_reg=0.4129 sup_views=5
epoch=0 step=2450 loss=0.5292 photo=0.1666 sem=0.3607 smooth=0.1902 voxel_reg=0.4171 sup_views=5
epoch=0 step=2460 loss=0.3839 photo=0.1409 sem=0.2410 smooth=0.1918 voxel_reg=0.3878 sup_views=5
epoch=0 step=2470 loss=0.5348 photo=0.1658 sem=0.3671 smooth=0.1880 voxel_reg=0.4100 sup_views=5
epoch=0 step=2480 loss=0.4960 photo=0.1293 sem=0.3649 smooth=0.1772 voxel_reg=0.3834 sup_views=5
epoch=0 step=2490 loss=0.4325 photo=0.1271 sem=0.3035 smooth=0.1933 voxel_reg=0.3780 sup_views=5
epoch=0 step=2500 loss=0.4827 photo=0.1288 sem=0.3519 smooth=0.1998 voxel_reg=0.3312 sup_views=5
epoch=0 step=2510 loss=0.4873 photo=0.1645 sem=0.3210 smooth=0.1850 voxel_reg=0.3618 sup_views=5
epoch=0 step=2520 loss=0.5128 photo=0.1520 sem=0.3590 smooth=0.1817 voxel_reg=0.3811 sup_views=5
epoch=0 step=2530 loss=0.4011 photo=0.1271 sem=0.2721 smooth=0.1885 voxel_reg=0.4102 sup_views=5
epoch=0 step=2540 loss=0.5043 photo=0.1479 sem=0.3546 smooth=0.1766 voxel_reg=0.4227 sup_views=5
epoch=0 step=2550 loss=0.4538 photo=0.1328 sem=0.3192 smooth=0.1831 voxel_reg=0.4154 sup_views=5
epoch=0 step=2560 loss=0.5299 photo=0.1186 sem=0.4096 smooth=0.1688 voxel_reg=0.4192 sup_views=5
epoch=0 step=2570 loss=0.6332 photo=0.1794 sem=0.4521 smooth=0.1595 voxel_reg=0.4679 sup_views=5
epoch=0 step=2580 loss=0.9861 photo=0.1810 sem=0.8035 smooth=0.1657 voxel_reg=0.4921 sup_views=5
epoch=0 step=2590 loss=0.5542 photo=0.1402 sem=0.4124 smooth=0.1624 voxel_reg=0.4576 sup_views=5
epoch=0 step=2600 loss=0.4696 photo=0.1181 sem=0.3497 smooth=0.1771 voxel_reg=0.4649 sup_views=5
epoch=0 step=2610 loss=0.7533 photo=0.1328 sem=0.6186 smooth=0.1980 voxel_reg=0.3956 sup_views=5
epoch=0 step=2620 loss=0.5058 photo=0.1536 sem=0.3502 smooth=0.2033 voxel_reg=0.3725 sup_views=5
epoch=0 step=2630 loss=0.8597 photo=0.1614 sem=0.6961 smooth=0.2120 voxel_reg=0.4395 sup_views=5
epoch=0 step=2640 loss=0.6223 photo=0.1451 sem=0.4752 smooth=0.1940 voxel_reg=0.4135 sup_views=5
epoch=0 step=2650 loss=0.6192 photo=0.1499 sem=0.4673 smooth=0.1999 voxel_reg=0.3468 sup_views=5
epoch=0 step=2660 loss=0.7269 photo=0.1338 sem=0.5908 smooth=0.2241 voxel_reg=0.3380 sup_views=5
epoch=0 step=2670 loss=0.6879 photo=0.1393 sem=0.5464 smooth=0.2258 voxel_reg=0.3144 sup_views=5
epoch=0 step=2680 loss=0.5584 photo=0.1407 sem=0.4154 smooth=0.2259 voxel_reg=0.3660 sup_views=5
epoch=0 step=2690 loss=0.5390 photo=0.1279 sem=0.4088 smooth=0.2341 voxel_reg=0.3990 sup_views=5
epoch=0 step=2700 loss=0.5766 photo=0.1181 sem=0.4562 smooth=0.2351 voxel_reg=0.4125 sup_views=5
epoch=0 step=2710 loss=0.5905 photo=0.1342 sem=0.4540 smooth=0.2354 voxel_reg=0.4164 sup_views=5
epoch=0 step=2720 loss=0.5997 photo=0.1243 sem=0.4730 smooth=0.2407 voxel_reg=0.4222 sup_views=5
epoch=0 step=2730 loss=0.5402 photo=0.1459 sem=0.3919 smooth=0.2380 voxel_reg=0.3735 sup_views=5
epoch=0 step=2740 loss=0.5630 photo=0.1266 sem=0.4340 smooth=0.2446 voxel_reg=0.4142 sup_views=5
epoch=0 step=2750 loss=0.6696 photo=0.1245 sem=0.5424 smooth=0.2664 voxel_reg=0.4091 sup_views=5
epoch=0 step=2760 loss=0.6312 photo=0.1264 sem=0.5022 smooth=0.2632 voxel_reg=0.3893 sup_views=5
epoch=0 step=2770 loss=0.4119 photo=0.1181 sem=0.2915 smooth=0.2317 voxel_reg=0.3952 sup_views=5
epoch=0 step=2780 loss=0.5025 photo=0.1181 sem=0.3823 smooth=0.2160 voxel_reg=0.4046 sup_views=5
epoch=0 step=2790 loss=0.4334 photo=0.1043 sem=0.3270 smooth=0.2133 voxel_reg=0.3956 sup_views=5
epoch=0 step=2800 loss=0.4144 photo=0.1036 sem=0.3086 smooth=0.2216 voxel_reg=0.3622 sup_views=5
epoch=0 step=2810 loss=0.5762 photo=0.1266 sem=0.4470 smooth=0.2559 voxel_reg=0.3409 sup_views=5
epoch=0 step=2820 loss=0.5295 photo=0.1439 sem=0.3828 smooth=0.2774 voxel_reg=0.3731 sup_views=5
epoch=0 step=2830 loss=0.5912 photo=0.1485 sem=0.4402 smooth=0.2462 voxel_reg=0.3697 sup_views=5
epoch=0 step=2840 loss=0.5833 photo=0.1563 sem=0.4242 smooth=0.2754 voxel_reg=0.3366 sup_views=5
epoch=0 step=2850 loss=0.7456 photo=0.1460 sem=0.5969 smooth=0.2678 voxel_reg=0.3938 sup_views=5
epoch=0 step=2860 loss=0.4976 photo=0.1353 sem=0.3599 smooth=0.2393 voxel_reg=0.3976 sup_views=5
epoch=0 step=2870 loss=0.6608 photo=0.1603 sem=0.4980 smooth=0.2578 voxel_reg=0.4011 sup_views=5
epoch=0 step=2880 loss=0.5701 photo=0.1406 sem=0.4268 smooth=0.2754 voxel_reg=0.3659 sup_views=5
epoch=0 step=2890 loss=0.7126 photo=0.1385 sem=0.5716 smooth=0.2513 voxel_reg=0.3857 sup_views=5
epoch=0 step=2900 loss=0.5494 photo=0.1256 sem=0.4210 smooth=0.2814 voxel_reg=0.3663 sup_views=5
epoch=0 step=2910 loss=0.8268 photo=0.1402 sem=0.6840 smooth=0.2498 voxel_reg=0.4068 sup_views=5
epoch=0 step=2920 loss=0.5600 photo=0.1247 sem=0.4326 smooth=0.2671 voxel_reg=0.4349 sup_views=5
epoch=0 step=2930 loss=0.3549 photo=0.1072 sem=0.2452 smooth=0.2458 voxel_reg=0.4358 sup_views=5
epoch=0 step=2940 loss=0.4779 photo=0.1209 sem=0.3544 smooth=0.2577 voxel_reg=0.4309 sup_views=5
epoch=0 step=2950 loss=0.7162 photo=0.1193 sem=0.5942 smooth=0.2691 voxel_reg=0.4426 sup_views=5
epoch=0 step=2960 loss=0.7519 photo=0.1027 sem=0.6463 smooth=0.2932 voxel_reg=0.4595 sup_views=5
epoch=0 step=2970 loss=0.7937 photo=0.1011 sem=0.6896 smooth=0.3053 voxel_reg=0.3897 sup_views=5
epoch=0 step=2980 loss=0.6228 photo=0.1369 sem=0.4831 smooth=0.2785 voxel_reg=0.3504 sup_views=5
epoch=0 step=2990 loss=0.5455 photo=0.1629 sem=0.3799 smooth=0.2668 voxel_reg=0.3629 sup_views=5
epoch=0 step=3000 loss=0.6740 photo=0.1724 sem=0.4988 smooth=0.2738 voxel_reg=0.4250 sup_views=5
epoch=0 step=3010 loss=0.4594 photo=0.1587 sem=0.2984 smooth=0.2404 voxel_reg=0.3910 sup_views=5
epoch=0 step=3020 loss=0.6235 photo=0.1523 sem=0.4686 smooth=0.2535 voxel_reg=0.3952 sup_views=5
epoch=0 step=3030 loss=0.5319 photo=0.1425 sem=0.3871 smooth=0.2393 voxel_reg=0.4214 sup_views=5
epoch=0 step=3040 loss=0.5084 photo=0.1586 sem=0.3467 smooth=0.3064 voxel_reg=0.4191 sup_views=5
epoch=0 step=3050 loss=0.7731 photo=0.1688 sem=0.6013 smooth=0.2933 voxel_reg=0.4283 sup_views=5
epoch=0 step=3060 loss=0.6036 photo=0.1718 sem=0.4286 smooth=0.3155 voxel_reg=0.4142 sup_views=5
epoch=0 step=3070 loss=0.5857 photo=0.1584 sem=0.4248 smooth=0.2540 voxel_reg=0.4127 sup_views=5
epoch=0 step=3080 loss=0.6917 photo=0.1589 sem=0.5299 smooth=0.2874 voxel_reg=0.4313 sup_views=5
epoch=0 step=3090 loss=0.5392 photo=0.1479 sem=0.3884 smooth=0.2927 voxel_reg=0.4270 sup_views=5
epoch=0 step=3100 loss=0.6045 photo=0.1594 sem=0.4425 smooth=0.2545 voxel_reg=0.4174 sup_views=5
epoch=0 step=3110 loss=0.4958 photo=0.1342 sem=0.3588 smooth=0.2691 voxel_reg=0.3852 sup_views=5
epoch=0 step=3120 loss=0.6684 photo=0.1379 sem=0.5277 smooth=0.2768 voxel_reg=0.3811 sup_views=5
epoch=0 step=3130 loss=0.5437 photo=0.1407 sem=0.3999 smooth=0.3020 voxel_reg=0.4294 sup_views=5
epoch=0 step=3140 loss=0.5760 photo=0.1420 sem=0.4313 smooth=0.2704 voxel_reg=0.4843 sup_views=5
epoch=0 step=3150 loss=0.5036 photo=0.1408 sem=0.3602 smooth=0.2600 voxel_reg=0.4926 sup_views=5
epoch=0 step=3160 loss=0.5420 photo=0.1379 sem=0.4014 smooth=0.2694 voxel_reg=0.4702 sup_views=5
epoch=0 step=3170 loss=0.5198 photo=0.1306 sem=0.3866 smooth=0.2517 voxel_reg=0.4554 sup_views=5
epoch=0 step=3180 loss=0.6101 photo=0.1304 sem=0.4769 smooth=0.2741 voxel_reg=0.4824 sup_views=5
epoch=0 step=3190 loss=0.4143 photo=0.1244 sem=0.2875 smooth=0.2380 voxel_reg=0.4260 sup_views=5
epoch=0 step=3200 loss=0.4523 photo=0.1118 sem=0.3379 smooth=0.2567 voxel_reg=0.4342 sup_views=5
epoch=0 step=3210 loss=0.4908 photo=0.1330 sem=0.3553 smooth=0.2518 voxel_reg=0.4121 sup_views=5
epoch=0 step=3220 loss=0.4198 photo=0.1173 sem=0.3002 smooth=0.2283 voxel_reg=0.4505 sup_views=5
epoch=0 step=3230 loss=0.4075 photo=0.1312 sem=0.2738 smooth=0.2478 voxel_reg=0.4469 sup_views=5
epoch=0 step=3240 loss=0.4072 photo=0.1154 sem=0.2892 smooth=0.2601 voxel_reg=0.4720 sup_views=5
epoch=0 step=3250 loss=0.4549 photo=0.1345 sem=0.3179 smooth=0.2510 voxel_reg=0.4481 sup_views=5
epoch=0 step=3260 loss=0.6057 photo=0.1553 sem=0.4481 smooth=0.2337 voxel_reg=0.4503 sup_views=5
epoch=0 step=3270 loss=1.5705 photo=0.1563 sem=1.4114 smooth=0.2757 voxel_reg=0.4718 sup_views=5
epoch=0 step=3280 loss=0.6544 photo=0.1289 sem=0.5228 smooth=0.2705 voxel_reg=0.5364 sup_views=5
epoch=0 step=3290 loss=0.5358 photo=0.1523 sem=0.3808 smooth=0.2727 voxel_reg=0.5141 sup_views=5
epoch=0 step=3300 loss=0.3690 photo=0.1215 sem=0.2449 smooth=0.2592 voxel_reg=0.4654 sup_views=5
epoch=0 step=3310 loss=0.4872 photo=0.1236 sem=0.3612 smooth=0.2429 voxel_reg=0.4498 sup_views=5
epoch=0 step=3320 loss=0.3860 photo=0.1151 sem=0.2683 smooth=0.2584 voxel_reg=0.4384 sup_views=5
epoch=0 step=3330 loss=0.4223 photo=0.1337 sem=0.2857 smooth=0.2809 voxel_reg=0.4605 sup_views=5
epoch=0 step=3340 loss=0.4859 photo=0.1317 sem=0.3512 smooth=0.2897 voxel_reg=0.4940 sup_views=5
epoch=0 step=3350 loss=0.5639 photo=0.1285 sem=0.4330 smooth=0.2487 voxel_reg=0.5223 sup_views=5
epoch=0 step=3360 loss=0.5215 photo=0.1213 sem=0.3975 smooth=0.2603 voxel_reg=0.5095 sup_views=5
epoch=0 step=3370 loss=0.5846 photo=0.1331 sem=0.4487 smooth=0.2795 voxel_reg=0.4798 sup_views=5
epoch=0 step=3380 loss=0.5887 photo=0.1306 sem=0.4557 smooth=0.2343 voxel_reg=0.4755 sup_views=5
epoch=0 step=3390 loss=0.5864 photo=0.1176 sem=0.4664 smooth=0.2380 voxel_reg=0.4662 sup_views=5
epoch=0 step=3400 loss=0.4175 photo=0.1290 sem=0.2860 smooth=0.2451 voxel_reg=0.4210 sup_views=5
epoch=0 step=3410 loss=0.4109 photo=0.1306 sem=0.2777 smooth=0.2634 voxel_reg=0.4349 sup_views=5
epoch=0 step=3420 loss=0.5667 photo=0.1436 sem=0.4205 smooth=0.2606 voxel_reg=0.4549 sup_views=5
epoch=0 step=3430 loss=0.4198 photo=0.1205 sem=0.2969 smooth=0.2339 voxel_reg=0.4573 sup_views=5
epoch=0 step=3440 loss=0.3952 photo=0.1267 sem=0.2660 smooth=0.2592 voxel_reg=0.4487 sup_views=5
epoch=0 step=3450 loss=0.5067 photo=0.1222 sem=0.3821 smooth=0.2400 voxel_reg=0.4832 sup_views=5
epoch=0 step=3460 loss=0.5669 photo=0.1218 sem=0.4426 smooth=0.2519 voxel_reg=0.5018 sup_views=5
epoch=0 step=3470 loss=0.4688 photo=0.1200 sem=0.3465 smooth=0.2278 voxel_reg=0.5401 sup_views=5
epoch=0 step=3480 loss=0.4532 photo=0.1203 sem=0.3307 smooth=0.2305 voxel_reg=0.5033 sup_views=5
epoch=0 step=3490 loss=0.4396 photo=0.1296 sem=0.3075 smooth=0.2479 voxel_reg=0.5030 sup_views=5
epoch=0 step=3500 loss=0.4483 photo=0.1392 sem=0.3067 smooth=0.2381 voxel_reg=0.5222 sup_views=5
epoch=0 step=3510 loss=0.5007 photo=0.1433 sem=0.3552 smooth=0.2254 voxel_reg=0.5142 sup_views=5
epoch=0 step=3520 loss=0.5162 photo=0.1352 sem=0.3789 smooth=0.2094 voxel_reg=0.5009 sup_views=5
epoch=0 step=3530 loss=0.5137 photo=0.1501 sem=0.3614 smooth=0.2162 voxel_reg=0.4803 sup_views=5
epoch=0 step=3540 loss=0.4055 photo=0.1556 sem=0.2478 smooth=0.2114 voxel_reg=0.4785 sup_views=5
epoch=0 step=3550 loss=0.3862 photo=0.1391 sem=0.2447 smooth=0.2381 voxel_reg=0.4972 sup_views=5
epoch=0 step=3560 loss=0.4020 photo=0.1624 sem=0.2368 smooth=0.2746 voxel_reg=0.4969 sup_views=5
epoch=0 step=3570 loss=0.4915 photo=0.1706 sem=0.3186 smooth=0.2232 voxel_reg=0.4945 sup_views=5
epoch=0 step=3580 loss=0.4168 photo=0.1384 sem=0.2764 smooth=0.1972 voxel_reg=0.5350 sup_views=5
epoch=0 step=3590 loss=0.4403 photo=0.1429 sem=0.2951 smooth=0.2336 voxel_reg=0.5311 sup_views=5
epoch=0 step=3600 loss=0.5090 photo=0.1518 sem=0.3544 smooth=0.2754 voxel_reg=0.5259 sup_views=5
epoch=0 step=3610 loss=0.4371 photo=0.1650 sem=0.2694 smooth=0.2684 voxel_reg=0.5200 sup_views=5
epoch=0 step=3620 loss=0.5290 photo=0.1676 sem=0.3592 smooth=0.2167 voxel_reg=0.5113 sup_views=5
epoch=0 step=3630 loss=0.3886 photo=0.1398 sem=0.2464 smooth=0.2389 voxel_reg=0.5415 sup_views=5
epoch=0 step=3640 loss=0.6272 photo=0.1681 sem=0.4566 smooth=0.2488 voxel_reg=0.5185 sup_views=5
epoch=0 step=3650 loss=0.4102 photo=0.1797 sem=0.2278 smooth=0.2670 voxel_reg=0.5215 sup_views=5
epoch=0 step=3660 loss=0.4088 photo=0.1786 sem=0.2277 smooth=0.2484 voxel_reg=0.5205 sup_views=5
epoch=0 step=3670 loss=0.5228 photo=0.1504 sem=0.3700 smooth=0.2377 voxel_reg=0.5164 sup_views=5
epoch=0 step=3680 loss=0.5025 photo=0.1680 sem=0.3318 smooth=0.2672 voxel_reg=0.5119 sup_views=5
epoch=0 step=3690 loss=0.3602 photo=0.1611 sem=0.1968 smooth=0.2402 voxel_reg=0.5225 sup_views=5
epoch=0 step=3700 loss=0.3807 photo=0.1421 sem=0.2360 smooth=0.2560 voxel_reg=0.5160 sup_views=5
epoch=0 step=3710 loss=0.4983 photo=0.1472 sem=0.3487 smooth=0.2408 voxel_reg=0.5632 sup_views=5
epoch=0 step=3720 loss=0.5466 photo=0.1363 sem=0.4079 smooth=0.2429 voxel_reg=0.5758 sup_views=5
epoch=0 step=3730 loss=0.5620 photo=0.1374 sem=0.4219 smooth=0.2633 voxel_reg=0.5020 sup_views=5
epoch=0 step=3740 loss=0.6824 photo=0.1711 sem=0.5092 smooth=0.2058 voxel_reg=0.5825 sup_views=5
epoch=0 step=3750 loss=0.7377 photo=0.1750 sem=0.5604 smooth=0.2260 voxel_reg=0.5594 sup_views=5
epoch=0 step=3760 loss=0.4303 photo=0.1381 sem=0.2895 smooth=0.2648 voxel_reg=0.5156 sup_views=5
epoch=0 step=3770 loss=0.4805 photo=0.1605 sem=0.3174 smooth=0.2626 voxel_reg=0.4938 sup_views=5
epoch=0 step=3780 loss=0.4926 photo=0.1469 sem=0.3433 smooth=0.2398 voxel_reg=0.5024 sup_views=5
epoch=0 step=3790 loss=0.5272 photo=0.1482 sem=0.3766 smooth=0.2424 voxel_reg=0.5040 sup_views=5
epoch=0 step=3800 loss=0.4815 photo=0.1534 sem=0.3259 smooth=0.2164 voxel_reg=0.5693 sup_views=5
epoch=0 step=3810 loss=0.4243 photo=0.1256 sem=0.2967 smooth=0.2066 voxel_reg=0.5347 sup_views=5
epoch=0 step=3820 loss=0.3886 photo=0.1156 sem=0.2709 smooth=0.2082 voxel_reg=0.5083 sup_views=5
epoch=0 step=3830 loss=0.4618 photo=0.1479 sem=0.3115 smooth=0.2413 voxel_reg=0.4966 sup_views=5
epoch=0 step=3840 loss=0.5395 photo=0.1493 sem=0.3874 smooth=0.2808 voxel_reg=0.4617 sup_views=5
epoch=0 step=3850 loss=0.5145 photo=0.1631 sem=0.3490 smooth=0.2381 voxel_reg=0.4345 sup_views=5
epoch=0 step=3860 loss=0.4914 photo=0.1400 sem=0.3491 smooth=0.2340 voxel_reg=0.5029 sup_views=5
epoch=0 step=3870 loss=0.4007 photo=0.1438 sem=0.2541 smooth=0.2787 voxel_reg=0.5087 sup_views=5
epoch=0 step=3880 loss=0.5648 photo=0.1380 sem=0.4242 smooth=0.2568 voxel_reg=0.5198 sup_views=5
epoch=0 step=3890 loss=0.4944 photo=0.1400 sem=0.3521 smooth=0.2226 voxel_reg=0.5295 sup_views=5
epoch=0 step=3900 loss=0.4620 photo=0.1263 sem=0.3334 smooth=0.2272 voxel_reg=0.5204 sup_views=5
epoch=0 step=3910 loss=0.4851 photo=0.1316 sem=0.3512 smooth=0.2325 voxel_reg=0.5181 sup_views=5
epoch=0 step=3920 loss=0.5100 photo=0.1237 sem=0.3839 smooth=0.2419 voxel_reg=0.5203 sup_views=5
epoch=0 step=3930 loss=0.4752 photo=0.1494 sem=0.3232 smooth=0.2565 voxel_reg=0.5095 sup_views=5
epoch=0 step=3940 loss=0.6200 photo=0.1483 sem=0.4691 smooth=0.2633 voxel_reg=0.5286 sup_views=5
epoch=0 step=3950 loss=0.5960 photo=0.1362 sem=0.4567 smooth=0.3109 voxel_reg=0.5226 sup_views=5
epoch=0 step=3960 loss=0.7427 photo=0.1332 sem=0.6065 smooth=0.3000 voxel_reg=0.5057 sup_views=5
epoch=0 step=3970 loss=0.6362 photo=0.1135 sem=0.5200 smooth=0.2630 voxel_reg=0.5493 sup_views=5
epoch=0 step=3980 loss=0.5105 photo=0.1056 sem=0.4026 smooth=0.2255 voxel_reg=0.5546 sup_views=5
epoch=0 step=3990 loss=0.5670 photo=0.1192 sem=0.4454 smooth=0.2373 voxel_reg=0.5330 sup_views=5
epoch=0 step=4000 loss=0.6107 photo=0.1098 sem=0.4988 smooth=0.2121 voxel_reg=0.5442 sup_views=5
epoch=0 step=4010 loss=0.5615 photo=0.1122 sem=0.4471 smooth=0.2166 voxel_reg=0.5619 sup_views=5
epoch=0 step=4020 loss=0.4742 photo=0.1107 sem=0.3614 smooth=0.2129 voxel_reg=0.5350 sup_views=5
epoch=0 step=4030 loss=0.5949 photo=0.1308 sem=0.4620 smooth=0.2077 voxel_reg=0.4879 sup_views=5
epoch=0 step=4040 loss=0.5835 photo=0.1266 sem=0.4545 smooth=0.2368 voxel_reg=0.4809 sup_views=5
epoch=0 step=4050 loss=0.6012 photo=0.1181 sem=0.4804 smooth=0.2779 voxel_reg=0.4349 sup_views=5
epoch=0 step=4060 loss=0.5054 photo=0.1396 sem=0.3632 smooth=0.2630 voxel_reg=0.4608 sup_views=5
epoch=0 step=4070 loss=0.3969 photo=0.1555 sem=0.2381 smooth=0.3392 voxel_reg=0.4521 sup_views=5
epoch=0 step=4080 loss=0.4579 photo=0.1416 sem=0.3124 smooth=0.3874 voxel_reg=0.4952 sup_views=5
epoch=0 step=4090 loss=0.4344 photo=0.1427 sem=0.2883 smooth=0.3417 voxel_reg=0.5107 sup_views=5
epoch=0 step=4100 loss=0.4983 photo=0.1373 sem=0.3578 smooth=0.3257 voxel_reg=0.4699 sup_views=5
epoch=0 step=4110 loss=0.8350 photo=0.1653 sem=0.6666 smooth=0.3126 voxel_reg=0.4465 sup_views=5
epoch=0 step=4120 loss=0.4655 photo=0.1378 sem=0.3252 smooth=0.2551 voxel_reg=0.4906 sup_views=5
epoch=0 step=4130 loss=0.5709 photo=0.1317 sem=0.4365 smooth=0.2716 voxel_reg=0.4919 sup_views=5
epoch=0 step=4140 loss=0.4730 photo=0.1219 sem=0.3484 smooth=0.2789 voxel_reg=0.5039 sup_views=5
epoch=0 step=4150 loss=0.5199 photo=0.1385 sem=0.3784 smooth=0.2916 voxel_reg=0.5569 sup_views=5
epoch=0 step=4160 loss=0.6829 photo=0.1392 sem=0.5410 smooth=0.2722 voxel_reg=0.5693 sup_views=5
epoch=0 step=4170 loss=0.4934 photo=0.1506 sem=0.3396 smooth=0.3221 voxel_reg=0.5177 sup_views=5
epoch=0 step=4180 loss=0.5703 photo=0.1550 sem=0.4126 smooth=0.2799 voxel_reg=0.5182 sup_views=5
epoch=0 step=4190 loss=0.5386 photo=0.1604 sem=0.3758 smooth=0.2449 voxel_reg=0.4636 sup_views=5
epoch=0 step=4200 loss=0.4598 photo=0.1553 sem=0.3020 smooth=0.2505 voxel_reg=0.4789 sup_views=5
epoch=0 step=4210 loss=0.7334 photo=0.1489 sem=0.5817 smooth=0.2685 voxel_reg=0.4493 sup_views=5
epoch=0 step=4220 loss=0.7110 photo=0.1414 sem=0.5670 smooth=0.2603 voxel_reg=0.4255 sup_views=5
epoch=0 step=4230 loss=0.5919 photo=0.1298 sem=0.4596 smooth=0.2435 voxel_reg=0.4627 sup_views=5
epoch=0 step=4240 loss=0.6052 photo=0.1220 sem=0.4806 smooth=0.2576 voxel_reg=0.4507 sup_views=5
epoch=0 step=4250 loss=0.5043 photo=0.1214 sem=0.3801 smooth=0.2903 voxel_reg=0.4487 sup_views=5
epoch=0 step=4260 loss=0.4662 photo=0.1266 sem=0.3369 smooth=0.2724 voxel_reg=0.5533 sup_views=5
epoch=0 step=4270 loss=0.4356 photo=0.1250 sem=0.3080 smooth=0.2664 voxel_reg=0.4704 sup_views=5
epoch=0 step=4280 loss=0.4469 photo=0.1360 sem=0.3084 smooth=0.2473 voxel_reg=0.4744 sup_views=5
epoch=0 step=4290 loss=0.5304 photo=0.1326 sem=0.3952 smooth=0.2583 voxel_reg=0.4584 sup_views=5
epoch=0 step=4300 loss=0.5624 photo=0.1290 sem=0.4310 smooth=0.2433 voxel_reg=0.4851 sup_views=5
epoch=0 step=4310 loss=0.3798 photo=0.1140 sem=0.2633 smooth=0.2403 voxel_reg=0.5032 sup_views=5
epoch=0 step=4320 loss=0.4154 photo=0.1164 sem=0.2963 smooth=0.2683 voxel_reg=0.4864 sup_views=5
epoch=0 step=4330 loss=0.3577 photo=0.1334 sem=0.2215 smooth=0.2718 voxel_reg=0.4993 sup_views=5
epoch=0 step=4340 loss=0.6219 photo=0.1343 sem=0.4848 smooth=0.2868 voxel_reg=0.5158 sup_views=5
epoch=0 step=4350 loss=0.5768 photo=0.1284 sem=0.4453 smooth=0.3152 voxel_reg=0.3767 sup_views=5
epoch=0 step=4360 loss=0.8295 photo=0.1315 sem=0.6949 smooth=0.3128 voxel_reg=0.4373 sup_views=5
epoch=0 step=4370 loss=0.5591 photo=0.1192 sem=0.4369 smooth=0.3013 voxel_reg=0.4273 sup_views=5
epoch=0 step=4380 loss=0.3290 photo=0.1296 sem=0.1965 smooth=0.2846 voxel_reg=0.5435 sup_views=5
epoch=0 step=4390 loss=0.3446 photo=0.1084 sem=0.2333 smooth=0.2848 voxel_reg=0.5342 sup_views=5
epoch=0 step=4400 loss=0.4288 photo=0.1335 sem=0.2925 smooth=0.2820 voxel_reg=0.5653 sup_views=5
epoch=0 step=4410 loss=0.4114 photo=0.1427 sem=0.2659 smooth=0.2738 voxel_reg=0.5462 sup_views=5
epoch=0 step=4420 loss=0.5123 photo=0.1020 sem=0.4073 smooth=0.2916 voxel_reg=0.4814 sup_views=5
epoch=0 step=4430 loss=0.4142 photo=0.1196 sem=0.2913 smooth=0.3386 voxel_reg=0.5146 sup_views=5
epoch=0 step=4440 loss=0.5834 photo=0.0975 sem=0.4834 smooth=0.2551 voxel_reg=0.5056 sup_views=5
epoch=0 step=4450 loss=0.3616 photo=0.1177 sem=0.2416 smooth=0.2316 voxel_reg=0.4993 sup_views=5
epoch=0 step=4460 loss=0.3748 photo=0.1166 sem=0.2554 smooth=0.2789 voxel_reg=0.4624 sup_views=5
epoch=0 step=4470 loss=0.5151 photo=0.1205 sem=0.3917 smooth=0.2898 voxel_reg=0.4094 sup_views=5
epoch=0 step=4480 loss=0.4993 photo=0.1238 sem=0.3727 smooth=0.2799 voxel_reg=0.4117 sup_views=5
epoch=0 step=4490 loss=0.4648 photo=0.1363 sem=0.3258 smooth=0.2609 voxel_reg=0.4630 sup_views=5
epoch=0 step=4500 loss=0.3777 photo=0.1468 sem=0.2288 smooth=0.2159 voxel_reg=0.4936 sup_views=5
epoch=0 step=4510 loss=0.4996 photo=0.1950 sem=0.3022 smooth=0.2366 voxel_reg=0.5710 sup_views=5
epoch=0 step=4520 loss=0.4345 photo=0.1439 sem=0.2880 smooth=0.2575 voxel_reg=0.5946 sup_views=5
epoch=0 step=4530 loss=0.4766 photo=0.1197 sem=0.3545 smooth=0.2398 voxel_reg=0.5166 sup_views=5
epoch=0 step=4540 loss=0.7142 photo=0.1190 sem=0.5927 smooth=0.2500 voxel_reg=0.4576 sup_views=5
epoch=0 step=4550 loss=0.7225 photo=0.1186 sem=0.6011 smooth=0.2867 voxel_reg=0.4274 sup_views=5
epoch=0 step=4560 loss=0.3909 photo=0.1164 sem=0.2720 smooth=0.2513 voxel_reg=0.3983 sup_views=5
epoch=0 step=4570 loss=0.3023 photo=0.1395 sem=0.1600 smooth=0.2784 voxel_reg=0.4461 sup_views=5
epoch=0 step=4580 loss=0.4325 photo=0.1304 sem=0.2996 smooth=0.2527 voxel_reg=0.4916 sup_views=5
epoch=0 step=4590 loss=0.2747 photo=0.1250 sem=0.1469 smooth=0.2824 voxel_reg=0.4899 sup_views=5
epoch=0 step=4600 loss=0.4355 photo=0.1318 sem=0.3007 smooth=0.3016 voxel_reg=0.4702 sup_views=5
epoch=0 step=4610 loss=0.4752 photo=0.1397 sem=0.3327 smooth=0.2706 voxel_reg=0.4393 sup_views=5
epoch=0 step=4620 loss=0.6129 photo=0.1404 sem=0.4696 smooth=0.2814 voxel_reg=0.4749 sup_views=5
epoch=0 step=4630 loss=0.5274 photo=0.1465 sem=0.3782 smooth=0.2793 voxel_reg=0.4577 sup_views=5
epoch=0 step=4640 loss=0.3709 photo=0.1378 sem=0.2299 smooth=0.3106 voxel_reg=0.4930 sup_views=5
epoch=0 step=4650 loss=0.4125 photo=0.1554 sem=0.2542 smooth=0.2870 voxel_reg=0.4796 sup_views=5
epoch=0 step=4660 loss=0.6006 photo=0.1618 sem=0.4363 smooth=0.2505 voxel_reg=0.4907 sup_views=5
epoch=0 step=4670 loss=0.4158 photo=0.1411 sem=0.2724 smooth=0.2209 voxel_reg=0.4868 sup_views=5
epoch=0 step=4680 loss=0.3802 photo=0.1151 sem=0.2629 smooth=0.2192 voxel_reg=0.5078 sup_views=5
epoch=0 step=4690 loss=0.5434 photo=0.1120 sem=0.4289 smooth=0.2511 voxel_reg=0.5133 sup_views=5
epoch=0 step=4700 loss=0.5790 photo=0.1367 sem=0.4394 smooth=0.2865 voxel_reg=0.5020 sup_views=5
epoch=0 step=4710 loss=0.5652 photo=0.1236 sem=0.4394 smooth=0.2282 voxel_reg=0.4977 sup_views=5
epoch=0 step=4720 loss=0.5075 photo=0.1330 sem=0.3721 smooth=0.2401 voxel_reg=0.4733 sup_views=5
epoch=0 step=4730 loss=0.5510 photo=0.1389 sem=0.4099 smooth=0.2229 voxel_reg=0.4707 sup_views=5
epoch=0 step=4740 loss=0.5737 photo=0.1273 sem=0.4442 smooth=0.2164 voxel_reg=0.4368 sup_views=5
epoch=0 step=4750 loss=0.3400 photo=0.1261 sem=0.2115 smooth=0.2382 voxel_reg=0.5002 sup_views=5
epoch=0 step=4760 loss=0.5287 photo=0.1252 sem=0.4013 smooth=0.2249 voxel_reg=0.5022 sup_views=5
epoch=0 step=4770 loss=0.4008 photo=0.1469 sem=0.2512 smooth=0.2669 voxel_reg=0.5513 sup_views=5
epoch=0 step=4780 loss=0.5377 photo=0.1138 sem=0.4217 smooth=0.2211 voxel_reg=0.4964 sup_views=5
epoch=0 step=4790 loss=0.4249 photo=0.1030 sem=0.3197 smooth=0.2166 voxel_reg=0.5327 sup_views=5
epoch=0 step=4800 loss=0.6069 photo=0.1089 sem=0.4954 smooth=0.2531 voxel_reg=0.5148 sup_views=5
epoch=0 step=4810 loss=0.5132 photo=0.1056 sem=0.4053 smooth=0.2312 voxel_reg=0.5109 sup_views=5
epoch=0 step=4820 loss=0.4179 photo=0.0999 sem=0.3154 smooth=0.2634 voxel_reg=0.4810 sup_views=5
epoch=0 step=4830 loss=0.4183 photo=0.0991 sem=0.3163 smooth=0.2905 voxel_reg=0.4421 sup_views=5
epoch=0 step=4840 loss=0.3445 photo=0.1214 sem=0.2201 smooth=0.3053 voxel_reg=0.4859 sup_views=5
epoch=0 step=4850 loss=0.4821 photo=0.1443 sem=0.3349 smooth=0.2893 voxel_reg=0.4414 sup_views=5
epoch=0 step=4860 loss=0.4798 photo=0.1083 sem=0.3685 smooth=0.3019 voxel_reg=0.4516 sup_views=5
epoch=0 step=4870 loss=0.5635 photo=0.1380 sem=0.4224 smooth=0.3104 voxel_reg=0.4720 sup_views=5
epoch=0 step=4880 loss=0.5303 photo=0.1364 sem=0.3908 smooth=0.3152 voxel_reg=0.4941 sup_views=5
epoch=0 step=4890 loss=0.5434 photo=0.1311 sem=0.4092 smooth=0.3163 voxel_reg=0.4377 sup_views=5
epoch=0 step=4900 loss=0.6181 photo=0.1292 sem=0.4862 smooth=0.2698 voxel_reg=0.4589 sup_views=5
epoch=0 step=4910 loss=0.3765 photo=0.1520 sem=0.2218 smooth=0.2764 voxel_reg=0.4974 sup_views=5
epoch=0 step=4920 loss=0.5307 photo=0.1552 sem=0.3727 smooth=0.2870 voxel_reg=0.5193 sup_views=5
epoch=0 step=4930 loss=0.4941 photo=0.1424 sem=0.3491 smooth=0.2543 voxel_reg=0.5143 sup_views=5
epoch=0 step=4940 loss=0.4974 photo=0.1415 sem=0.3525 smooth=0.3418 voxel_reg=0.4870 sup_views=5
epoch=0 step=4950 loss=0.4270 photo=0.1424 sem=0.2816 smooth=0.3092 voxel_reg=0.4413 sup_views=5
epoch=0 step=4960 loss=0.5815 photo=0.1637 sem=0.4150 smooth=0.2902 voxel_reg=0.4356 sup_views=5
epoch=0 step=4970 loss=0.6494 photo=0.1760 sem=0.4706 smooth=0.2855 voxel_reg=0.4319 sup_views=5
epoch=0 step=4980 loss=0.6207 photo=0.1698 sem=0.4482 smooth=0.2690 voxel_reg=0.4675 sup_views=5
epoch=0 step=4990 loss=0.5812 photo=0.1630 sem=0.4156 smooth=0.2516 voxel_reg=0.4821 sup_views=5
epoch=0 step=5000 loss=0.6599 photo=0.1544 sem=0.5028 smooth=0.2715 voxel_reg=0.4698 sup_views=5
