Using cache found in /home/lmh/.cache/torch/hub/facebookresearch_dinov2_main
/home/lmh/.cache/torch/hub/facebookresearch_dinov2_main/dinov2/layers/swiglu_ffn.py:43: UserWarning: xFormers is available (SwiGLU)
  warnings.warn("xFormers is available (SwiGLU)")
/home/lmh/.cache/torch/hub/facebookresearch_dinov2_main/dinov2/layers/attention.py:27: UserWarning: xFormers is available (Attention)
  warnings.warn("xFormers is available (Attention)")
/home/lmh/.cache/torch/hub/facebookresearch_dinov2_main/dinov2/layers/block.py:33: UserWarning: xFormers is available (Block)
  warnings.warn("xFormers is available (Block)")
epoch=0 step=0 loss=3.4637 photo=0.2689 sem=3.1949 voxel_reg=0.0044 sup_views=2
epoch=0 step=50 loss=0.5733 photo=0.1931 sem=0.3802 voxel_reg=0.0056 sup_views=2
epoch=0 step=100 loss=0.5510 photo=0.1906 sem=0.3604 voxel_reg=0.0058 sup_views=2
epoch=0 step=150 loss=0.7515 photo=0.1746 sem=0.5769 voxel_reg=0.0063 sup_views=2
epoch=0 step=200 loss=0.6584 photo=0.1483 sem=0.5101 voxel_reg=0.0085 sup_views=2
epoch=0 step=250 loss=0.9691 photo=0.1532 sem=0.8159 voxel_reg=0.0067 sup_views=2
epoch=0 step=300 loss=0.7764 photo=0.1737 sem=0.6027 voxel_reg=0.0086 sup_views=2
epoch=0 step=350 loss=0.6513 photo=0.1270 sem=0.5243 voxel_reg=0.0101 sup_views=2
epoch=0 step=400 loss=0.6207 photo=0.1831 sem=0.4376 voxel_reg=0.0094 sup_views=2
epoch=0 step=450 loss=0.7511 photo=0.1675 sem=0.5835 voxel_reg=0.0097 sup_views=2
epoch=0 step=500 loss=0.6306 photo=0.1636 sem=0.4670 voxel_reg=0.0094 sup_views=2
epoch=0 step=550 loss=0.5395 photo=0.1292 sem=0.4103 voxel_reg=0.0087 sup_views=2
epoch=0 step=600 loss=0.4787 photo=0.1391 sem=0.3396 voxel_reg=0.0093 sup_views=2
epoch=0 step=650 loss=0.8303 photo=0.1762 sem=0.6541 voxel_reg=0.0081 sup_views=2
epoch=0 step=700 loss=0.5516 photo=0.1741 sem=0.3775 voxel_reg=0.0105 sup_views=2
epoch=0 step=750 loss=0.5362 photo=0.1637 sem=0.3725 voxel_reg=0.0088 sup_views=2
epoch=0 step=800 loss=0.6565 photo=0.1456 sem=0.5109 voxel_reg=0.0088 sup_views=2
epoch=0 step=850 loss=0.9598 photo=0.1570 sem=0.8028 voxel_reg=0.0095 sup_views=2
epoch=0 step=900 loss=0.6186 photo=0.1402 sem=0.4784 voxel_reg=0.0103 sup_views=2
epoch=0 step=950 loss=0.5280 photo=0.1666 sem=0.3615 voxel_reg=0.0100 sup_views=2
epoch=0 step=1000 loss=0.8188 photo=0.1321 sem=0.6867 voxel_reg=0.0101 sup_views=2
epoch=0 step=1050 loss=0.7832 photo=0.1541 sem=0.6291 voxel_reg=0.0088 sup_views=2
epoch=0 step=1100 loss=0.4649 photo=0.1381 sem=0.3268 voxel_reg=0.0093 sup_views=2
epoch=0 step=1150 loss=0.5270 photo=0.1966 sem=0.3304 voxel_reg=0.0111 sup_views=2
epoch=0 step=1200 loss=0.5294 photo=0.1552 sem=0.3742 voxel_reg=0.0084 sup_views=2
epoch=0 step=1250 loss=0.7910 photo=0.1966 sem=0.5944 voxel_reg=0.0093 sup_views=2
epoch=0 step=1300 loss=0.5156 photo=0.1595 sem=0.3561 voxel_reg=0.0084 sup_views=2
epoch=0 step=1350 loss=0.7036 photo=0.1492 sem=0.5544 voxel_reg=0.0089 sup_views=2
epoch=0 step=1400 loss=0.7040 photo=0.1442 sem=0.5599 voxel_reg=0.0095 sup_views=2
epoch=0 step=1450 loss=0.4936 photo=0.1405 sem=0.3532 voxel_reg=0.0090 sup_views=2
epoch=0 step=1500 loss=0.5947 photo=0.1610 sem=0.4336 voxel_reg=0.0089 sup_views=2
epoch=0 step=1550 loss=0.6284 photo=0.1421 sem=0.4863 voxel_reg=0.0094 sup_views=2
epoch=0 step=1600 loss=0.6909 photo=0.1356 sem=0.5553 voxel_reg=0.0070 sup_views=2
epoch=0 step=1650 loss=0.5745 photo=0.1380 sem=0.4365 voxel_reg=0.0096 sup_views=2
epoch=0 step=1700 loss=0.5188 photo=0.1555 sem=0.3633 voxel_reg=0.0086 sup_views=2
epoch=0 step=1750 loss=0.5181 photo=0.1462 sem=0.3719 voxel_reg=0.0100 sup_views=2
epoch=0 step=1800 loss=0.6158 photo=0.1449 sem=0.4709 voxel_reg=0.0105 sup_views=2
epoch=0 step=1850 loss=0.6353 photo=0.1676 sem=0.4677 voxel_reg=0.0098 sup_views=2
epoch=0 step=1900 loss=0.7194 photo=0.1852 sem=0.5342 voxel_reg=0.0098 sup_views=2
epoch=0 step=1950 loss=0.3459 photo=0.1649 sem=0.1809 voxel_reg=0.0085 sup_views=2
epoch=0 step=2000 loss=0.4109 photo=0.1582 sem=0.2527 voxel_reg=0.0084 sup_views=2
epoch=0 step=2050 loss=0.4464 photo=0.1564 sem=0.2901 voxel_reg=0.0071 sup_views=2
epoch=0 step=2100 loss=0.7447 photo=0.1829 sem=0.5618 voxel_reg=0.0074 sup_views=2
epoch=0 step=2150 loss=0.3742 photo=0.1286 sem=0.2456 voxel_reg=0.0088 sup_views=2
epoch=0 step=2200 loss=0.7419 photo=0.1736 sem=0.5684 voxel_reg=0.0077 sup_views=2
epoch=0 step=2250 loss=0.4730 photo=0.1138 sem=0.3592 voxel_reg=0.0069 sup_views=2
epoch=0 step=2300 loss=0.5154 photo=0.0959 sem=0.4195 voxel_reg=0.0081 sup_views=2
epoch=0 step=2350 loss=0.3453 photo=0.1311 sem=0.2143 voxel_reg=0.0085 sup_views=2
epoch=0 step=2400 loss=0.4685 photo=0.1129 sem=0.3556 voxel_reg=0.0082 sup_views=2
epoch=0 step=2450 loss=0.5796 photo=0.1749 sem=0.4048 voxel_reg=0.0108 sup_views=2
epoch=0 step=2500 loss=0.4754 photo=0.1287 sem=0.3468 voxel_reg=0.0088 sup_views=2
epoch=0 step=2550 loss=0.4459 photo=0.1403 sem=0.3056 voxel_reg=0.0092 sup_views=2
epoch=0 step=2600 loss=0.4808 photo=0.1153 sem=0.3655 voxel_reg=0.0089 sup_views=2
epoch=0 step=2650 loss=0.6080 photo=0.1370 sem=0.4710 voxel_reg=0.0100 sup_views=2
epoch=0 step=2700 loss=0.6240 photo=0.1260 sem=0.4980 voxel_reg=0.0084 sup_views=2
epoch=0 step=2750 loss=0.7180 photo=0.1143 sem=0.6036 voxel_reg=0.0075 sup_views=2
epoch=0 step=2800 loss=0.4274 photo=0.1005 sem=0.3269 voxel_reg=0.0090 sup_views=2
epoch=0 step=2850 loss=0.7743 photo=0.1551 sem=0.6192 voxel_reg=0.0100 sup_views=2
epoch=0 step=2900 loss=0.5456 photo=0.1291 sem=0.4165 voxel_reg=0.0095 sup_views=2
epoch=0 step=2950 loss=0.6674 photo=0.1188 sem=0.5486 voxel_reg=0.0072 sup_views=2
epoch=0 step=3000 loss=0.7260 photo=0.1668 sem=0.5592 voxel_reg=0.0090 sup_views=2
epoch=0 step=3050 loss=0.7317 photo=0.1773 sem=0.5544 voxel_reg=0.0090 sup_views=2
epoch=0 step=3100 loss=0.5904 photo=0.1475 sem=0.4428 voxel_reg=0.0082 sup_views=2
epoch=0 step=3150 loss=0.5023 photo=0.1485 sem=0.3538 voxel_reg=0.0075 sup_views=2
epoch=0 step=3200 loss=0.5097 photo=0.1161 sem=0.3936 voxel_reg=0.0070 sup_views=2
epoch=0 step=3250 loss=0.4175 photo=0.1295 sem=0.2880 voxel_reg=0.0070 sup_views=2
epoch=0 step=3300 loss=0.4338 photo=0.1182 sem=0.3157 voxel_reg=0.0068 sup_views=2
epoch=0 step=3350 loss=0.5576 photo=0.1139 sem=0.4437 voxel_reg=0.0072 sup_views=2
epoch=0 step=3400 loss=0.4360 photo=0.1278 sem=0.3082 voxel_reg=0.0077 sup_views=2
epoch=0 step=3450 loss=0.5574 photo=0.1271 sem=0.4304 voxel_reg=0.0084 sup_views=2
epoch=0 step=3500 loss=0.5081 photo=0.1424 sem=0.3657 voxel_reg=0.0096 sup_views=2
epoch=0 step=3550 loss=0.3827 photo=0.1418 sem=0.2408 voxel_reg=0.0102 sup_views=2
epoch=0 step=3600 loss=0.5181 photo=0.1528 sem=0.3653 voxel_reg=0.0103 sup_views=2
epoch=0 step=3650 loss=0.4231 photo=0.1892 sem=0.2339 voxel_reg=0.0113 sup_views=2
epoch=0 step=3700 loss=0.4794 photo=0.1489 sem=0.3305 voxel_reg=0.0114 sup_views=2
epoch=0 step=3750 loss=0.5871 photo=0.1549 sem=0.4322 voxel_reg=0.0101 sup_views=2
epoch=0 step=3800 loss=0.4852 photo=0.1571 sem=0.3281 voxel_reg=0.0097 sup_views=2
epoch=0 step=3850 loss=0.5425 photo=0.1556 sem=0.3869 voxel_reg=0.0091 sup_views=2
epoch=0 step=3900 loss=0.4911 photo=0.1311 sem=0.3599 voxel_reg=0.0108 sup_views=2
epoch=0 step=3950 loss=0.6368 photo=0.1357 sem=0.5011 voxel_reg=0.0103 sup_views=2
epoch=0 step=4000 loss=0.6165 photo=0.1138 sem=0.5027 voxel_reg=0.0106 sup_views=2
epoch=0 step=4050 loss=0.5878 photo=0.1221 sem=0.4657 voxel_reg=0.0111 sup_views=2
epoch=0 step=4100 loss=0.5125 photo=0.1385 sem=0.3739 voxel_reg=0.0108 sup_views=2
epoch=0 step=4150 loss=0.4452 photo=0.1335 sem=0.3117 voxel_reg=0.0125 sup_views=2
epoch=0 step=4200 loss=0.5494 photo=0.1518 sem=0.3975 voxel_reg=0.0098 sup_views=2
epoch=0 step=4250 loss=0.6475 photo=0.1303 sem=0.5172 voxel_reg=0.0104 sup_views=2
epoch=0 step=4300 loss=0.5446 photo=0.1327 sem=0.4119 voxel_reg=0.0097 sup_views=2
epoch=0 step=4350 loss=0.6990 photo=0.1359 sem=0.5631 voxel_reg=0.0088 sup_views=2
epoch=0 step=4400 loss=0.4650 photo=0.1317 sem=0.3333 voxel_reg=0.0119 sup_views=2
epoch=0 step=4450 loss=0.3979 photo=0.1189 sem=0.2790 voxel_reg=0.0080 sup_views=2
epoch=0 step=4500 loss=0.3750 photo=0.1507 sem=0.2243 voxel_reg=0.0098 sup_views=2
epoch=0 step=4550 loss=0.6371 photo=0.1121 sem=0.5250 voxel_reg=0.0089 sup_views=2
epoch=0 step=4600 loss=0.5034 photo=0.1436 sem=0.3598 voxel_reg=0.0083 sup_views=2
epoch=0 step=4650 loss=0.4051 photo=0.1509 sem=0.2542 voxel_reg=0.0081 sup_views=2
epoch=0 step=4700 loss=0.5989 photo=0.1403 sem=0.4586 voxel_reg=0.0075 sup_views=2
epoch=0 step=4750 loss=0.3427 photo=0.1225 sem=0.2202 voxel_reg=0.0077 sup_views=2
