Using cache found in /home/lmh/.cache/torch/hub/facebookresearch_dinov2_main
/home/lmh/.cache/torch/hub/facebookresearch_dinov2_main/dinov2/layers/swiglu_ffn.py:43: UserWarning: xFormers is available (SwiGLU)
  warnings.warn("xFormers is available (SwiGLU)")
/home/lmh/.cache/torch/hub/facebookresearch_dinov2_main/dinov2/layers/attention.py:27: UserWarning: xFormers is available (Attention)
  warnings.warn("xFormers is available (Attention)")
/home/lmh/.cache/torch/hub/facebookresearch_dinov2_main/dinov2/layers/block.py:33: UserWarning: xFormers is available (Block)
  warnings.warn("xFormers is available (Block)")
step=0 loss=14.1966 photo=0.3839 sem=13.8127
step=10 loss=14.1886 photo=0.3730 sem=13.8155
step=20 loss=14.1915 photo=0.3776 sem=13.8139
step=30 loss=14.2004 photo=0.3850 sem=13.8154
step=40 loss=14.1807 photo=0.3670 sem=13.8137
step=50 loss=14.1925 photo=0.3940 sem=13.7984
step=60 loss=14.1637 photo=0.3482 sem=13.8155
step=70 loss=14.1541 photo=0.3438 sem=13.8103
step=80 loss=14.2257 photo=0.4102 sem=13.8155
step=90 loss=14.1730 photo=0.3575 sem=13.8155
step=100 loss=14.2096 photo=0.3941 sem=13.8155
step=110 loss=14.1549 photo=0.3393 sem=13.8155
step=120 loss=14.1670 photo=0.3533 sem=13.8137
step=130 loss=14.2112 photo=0.3957 sem=13.8155
step=140 loss=14.1896 photo=0.3741 sem=13.8155
step=150 loss=14.2780 photo=0.4701 sem=13.8079
step=160 loss=14.1843 photo=0.3688 sem=13.8155
step=170 loss=14.1627 photo=0.3492 sem=13.8135
step=180 loss=14.1658 photo=0.3503 sem=13.8155
step=190 loss=14.1418 photo=0.3282 sem=13.8136
step=200 loss=14.2173 photo=0.4018 sem=13.8155
step=210 loss=14.1802 photo=0.3647 sem=13.8155
step=220 loss=14.1839 photo=0.3823 sem=13.8017
step=230 loss=14.2057 photo=0.3902 sem=13.8155
step=240 loss=14.1421 photo=0.3288 sem=13.8133
step=250 loss=14.2221 photo=0.4066 sem=13.8155
step=260 loss=14.1839 photo=0.3684 sem=13.8155
step=270 loss=14.1743 photo=0.3588 sem=13.8155
step=280 loss=14.2074 photo=0.3949 sem=13.8125
step=290 loss=14.1542 photo=0.3387 sem=13.8155
step=300 loss=14.1857 photo=0.3727 sem=13.8130
step=310 loss=14.1984 photo=0.3829 sem=13.8155
step=320 loss=14.1765 photo=0.3610 sem=13.8155
step=330 loss=14.1772 photo=0.3617 sem=13.8155
step=340 loss=14.1661 photo=0.3617 sem=13.8044
step=350 loss=14.1609 photo=0.3487 sem=13.8123
step=360 loss=14.2022 photo=0.3899 sem=13.8124
step=370 loss=14.1529 photo=0.3374 sem=13.8155
step=380 loss=14.1706 photo=0.3581 sem=13.8126
step=390 loss=14.2419 photo=0.4264 sem=13.8155
step=400 loss=14.1807 photo=0.3652 sem=13.8155
step=410 loss=14.1575 photo=0.3444 sem=13.8131
step=420 loss=14.2022 photo=0.3867 sem=13.8155
step=430 loss=14.1797 photo=0.3642 sem=13.8155
step=440 loss=14.1782 photo=0.3627 sem=13.8155
step=450 loss=14.1539 photo=0.3467 sem=13.8073
step=460 loss=14.1515 photo=0.3360 sem=13.8155
step=470 loss=14.1962 photo=0.3807 sem=13.8155
step=480 loss=14.1745 photo=0.3590 sem=13.8155
step=490 loss=14.1406 photo=0.3251 sem=13.8155
step=500 loss=14.1728 photo=0.3573 sem=13.8155
step=510 loss=14.2166 photo=0.4011 sem=13.8155
step=520 loss=14.1670 photo=0.3515 sem=13.8155
step=530 loss=14.1926 photo=0.3771 sem=13.8155
step=540 loss=14.1648 photo=0.3493 sem=13.8155
step=550 loss=14.1636 photo=0.3481 sem=13.8155
step=560 loss=14.1995 photo=0.3840 sem=13.8155
step=570 loss=14.1747 photo=0.3592 sem=13.8155
step=580 loss=14.2183 photo=0.4028 sem=13.8155
step=590 loss=14.1791 photo=0.3636 sem=13.8155
step=600 loss=14.3272 photo=0.5117 sem=13.8155
step=610 loss=14.1639 photo=0.3484 sem=13.8155
step=620 loss=14.1811 photo=0.3656 sem=13.8155
step=630 loss=14.1947 photo=0.3791 sem=13.8155
step=640 loss=14.1761 photo=0.3606 sem=13.8155
step=650 loss=14.1441 photo=0.3286 sem=13.8155
step=660 loss=14.1774 photo=0.3619 sem=13.8155
step=670 loss=14.1954 photo=0.3799 sem=13.8155
step=680 loss=14.2014 photo=0.3859 sem=13.8155
step=690 loss=14.1866 photo=0.3710 sem=13.8155
step=700 loss=14.1772 photo=0.3617 sem=13.8155
step=710 loss=14.1888 photo=0.3733 sem=13.8155
step=720 loss=14.1959 photo=0.3804 sem=13.8155
step=730 loss=14.1928 photo=0.3773 sem=13.8155
step=740 loss=14.1670 photo=0.3515 sem=13.8155
step=750 loss=14.1499 photo=0.3344 sem=13.8155
step=760 loss=14.2314 photo=0.4159 sem=13.8155
step=770 loss=14.1749 photo=0.3594 sem=13.8155
step=780 loss=14.1642 photo=0.3486 sem=13.8155
step=790 loss=14.1815 photo=0.3660 sem=13.8155
step=800 loss=14.2020 photo=0.3864 sem=13.8155
step=810 loss=14.1599 photo=0.3444 sem=13.8155
step=820 loss=14.1594 photo=0.3439 sem=13.8155
step=830 loss=14.2994 photo=0.4839 sem=13.8155
step=840 loss=14.1842 photo=0.3687 sem=13.8155
step=850 loss=14.1794 photo=0.3639 sem=13.8155
step=860 loss=14.1990 photo=0.3835 sem=13.8155
step=870 loss=14.1620 photo=0.3465 sem=13.8155
step=880 loss=14.2269 photo=0.4114 sem=13.8155
step=890 loss=14.1932 photo=0.3777 sem=13.8155
step=900 loss=14.1711 photo=0.3556 sem=13.8155
step=910 loss=14.1936 photo=0.3781 sem=13.8155
step=920 loss=14.2060 photo=0.3905 sem=13.8155
step=930 loss=14.1829 photo=0.3674 sem=13.8155
step=940 loss=14.1789 photo=0.3633 sem=13.8155
step=950 loss=14.1875 photo=0.3720 sem=13.8155
step=960 loss=14.1609 photo=0.3454 sem=13.8155
step=970 loss=14.2195 photo=0.4040 sem=13.8155
step=980 loss=14.1685 photo=0.3530 sem=13.8155
step=990 loss=14.1782 photo=0.3627 sem=13.8155
step=1000 loss=14.1756 photo=0.3601 sem=13.8155
step=1010 loss=14.1903 photo=0.3748 sem=13.8155
step=1020 loss=14.1478 photo=0.3323 sem=13.8155
step=1030 loss=14.2186 photo=0.4031 sem=13.8155
step=1040 loss=14.1470 photo=0.3315 sem=13.8155
step=1050 loss=14.2078 photo=0.3923 sem=13.8155
step=1060 loss=14.2021 photo=0.3866 sem=13.8155
step=1070 loss=14.1423 photo=0.3268 sem=13.8155
step=1080 loss=14.1576 photo=0.3421 sem=13.8155
step=1090 loss=14.1976 photo=0.3821 sem=13.8155
step=1100 loss=14.2273 photo=0.4118 sem=13.8155
step=1110 loss=14.2428 photo=0.4273 sem=13.8155
step=1120 loss=14.1617 photo=0.3462 sem=13.8155
step=1130 loss=14.2145 photo=0.3990 sem=13.8155
step=1140 loss=14.1857 photo=0.3702 sem=13.8155
step=1150 loss=14.1487 photo=0.3332 sem=13.8155
step=1160 loss=14.1844 photo=0.3689 sem=13.8155
step=1170 loss=14.1551 photo=0.3396 sem=13.8155
step=1180 loss=14.1892 photo=0.3737 sem=13.8155
step=1190 loss=14.1977 photo=0.3822 sem=13.8155
step=1200 loss=14.2222 photo=0.4067 sem=13.8155
step=1210 loss=14.1458 photo=0.3303 sem=13.8155
step=1220 loss=14.1819 photo=0.3664 sem=13.8155
step=1230 loss=14.1611 photo=0.3456 sem=13.8155
step=1240 loss=14.1778 photo=0.3623 sem=13.8155
step=1250 loss=14.1600 photo=0.3445 sem=13.8155
step=1260 loss=14.1742 photo=0.3587 sem=13.8155
step=1270 loss=14.1621 photo=0.3466 sem=13.8155
step=1280 loss=14.1919 photo=0.3764 sem=13.8155
step=1290 loss=14.1787 photo=0.3632 sem=13.8155
step=1300 loss=14.1661 photo=0.3506 sem=13.8155
step=1310 loss=14.1754 photo=0.3599 sem=13.8155
step=1320 loss=14.2131 photo=0.3976 sem=13.8155
step=1330 loss=14.2061 photo=0.3906 sem=13.8155
step=1340 loss=14.1614 photo=0.3459 sem=13.8155
step=1350 loss=14.2037 photo=0.3882 sem=13.8155
step=1360 loss=14.1447 photo=0.3292 sem=13.8155
step=1370 loss=14.1987 photo=0.3832 sem=13.8155
step=1380 loss=14.1646 photo=0.3490 sem=13.8155
step=1390 loss=14.2071 photo=0.3916 sem=13.8155
step=1400 loss=14.1964 photo=0.3809 sem=13.8155
step=1410 loss=14.1889 photo=0.3734 sem=13.8155
step=1420 loss=14.1602 photo=0.3447 sem=13.8155
step=1430 loss=14.1478 photo=0.3322 sem=13.8155
step=1440 loss=14.2144 photo=0.3989 sem=13.8155
step=1450 loss=14.1767 photo=0.3612 sem=13.8155
step=1460 loss=14.2168 photo=0.4013 sem=13.8155
step=1470 loss=14.2099 photo=0.3943 sem=13.8155
step=1480 loss=14.1878 photo=0.3723 sem=13.8155
step=1490 loss=14.2011 photo=0.3856 sem=13.8155
step=1500 loss=14.1969 photo=0.3814 sem=13.8155
step=1510 loss=14.2011 photo=0.3856 sem=13.8155
step=1520 loss=14.2037 photo=0.3882 sem=13.8155
step=1530 loss=14.1642 photo=0.3487 sem=13.8155
step=1540 loss=14.1875 photo=0.3720 sem=13.8155
step=1550 loss=14.1796 photo=0.3641 sem=13.8155
step=1560 loss=14.1977 photo=0.3822 sem=13.8155
step=1570 loss=14.1705 photo=0.3550 sem=13.8155
step=1580 loss=14.1560 photo=0.3405 sem=13.8155
step=1590 loss=14.2125 photo=0.3970 sem=13.8155
step=1600 loss=14.1750 photo=0.3595 sem=13.8155
step=1610 loss=14.1785 photo=0.3629 sem=13.8155
step=1620 loss=14.2000 photo=0.3845 sem=13.8155
step=1630 loss=14.2128 photo=0.3972 sem=13.8155
step=1640 loss=14.1665 photo=0.3510 sem=13.8155
step=1650 loss=14.1786 photo=0.3631 sem=13.8155
step=1660 loss=14.1762 photo=0.3607 sem=13.8155
step=1670 loss=14.2140 photo=0.3984 sem=13.8155
step=1680 loss=14.1626 photo=0.3471 sem=13.8155
step=1690 loss=14.1823 photo=0.3667 sem=13.8155
step=1700 loss=14.2065 photo=0.3910 sem=13.8155
step=1710 loss=14.1826 photo=0.3671 sem=13.8155
step=1720 loss=14.1932 photo=0.3777 sem=13.8155
step=1730 loss=14.1848 photo=0.3693 sem=13.8155
step=1740 loss=14.2308 photo=0.4153 sem=13.8155
step=1750 loss=14.2589 photo=0.4434 sem=13.8155
step=1760 loss=14.4034 photo=0.5879 sem=13.8155
step=1770 loss=14.1560 photo=0.3404 sem=13.8155
step=1780 loss=14.1666 photo=0.3511 sem=13.8155
step=1790 loss=14.1972 photo=0.3817 sem=13.8155
step=1800 loss=14.2031 photo=0.3876 sem=13.8155
step=1810 loss=14.1763 photo=0.3608 sem=13.8155
step=1820 loss=14.1816 photo=0.3661 sem=13.8155
step=1830 loss=14.1894 photo=0.3738 sem=13.8155
step=1840 loss=14.1793 photo=0.3638 sem=13.8155
step=1850 loss=14.2590 photo=0.4435 sem=13.8155
step=1860 loss=14.1609 photo=0.3454 sem=13.8155
step=1870 loss=14.1702 photo=0.3547 sem=13.8155
step=1880 loss=14.1621 photo=0.3466 sem=13.8155
step=1890 loss=14.1773 photo=0.3618 sem=13.8155
step=1900 loss=14.1880 photo=0.3725 sem=13.8155
step=1910 loss=14.1831 photo=0.3676 sem=13.8155
step=1920 loss=14.1702 photo=0.3547 sem=13.8155
step=1930 loss=14.1164 photo=0.3009 sem=13.8155
step=1940 loss=14.1544 photo=0.3388 sem=13.8155
step=1950 loss=14.2296 photo=0.4140 sem=13.8155
step=1960 loss=14.1462 photo=0.3307 sem=13.8155
step=1970 loss=14.1913 photo=0.3758 sem=13.8155
step=1980 loss=14.1955 photo=0.3800 sem=13.8155
step=1990 loss=14.1684 photo=0.3529 sem=13.8155
step=2000 loss=14.1863 photo=0.3708 sem=13.8155
step=2010 loss=14.1765 photo=0.3610 sem=13.8155
step=2020 loss=14.1825 photo=0.3670 sem=13.8155
step=2030 loss=14.2072 photo=0.3917 sem=13.8155
step=2040 loss=14.1504 photo=0.3349 sem=13.8155
step=2050 loss=14.1652 photo=0.3497 sem=13.8155
step=2060 loss=14.1893 photo=0.3738 sem=13.8155
step=2070 loss=14.2104 photo=0.3949 sem=13.8155
step=2080 loss=14.2219 photo=0.4064 sem=13.8155
step=2090 loss=14.1726 photo=0.3571 sem=13.8155
step=2100 loss=14.1873 photo=0.3718 sem=13.8155
step=2110 loss=14.1955 photo=0.3800 sem=13.8155
step=2120 loss=14.1781 photo=0.3625 sem=13.8155
step=2130 loss=14.2036 photo=0.3881 sem=13.8155
step=2140 loss=14.2252 photo=0.4097 sem=13.8155
step=2150 loss=14.1772 photo=0.3617 sem=13.8155
step=2160 loss=14.1678 photo=0.3523 sem=13.8155
step=2170 loss=14.1644 photo=0.3489 sem=13.8155
step=2180 loss=14.1635 photo=0.3480 sem=13.8155
step=2190 loss=14.2262 photo=0.4107 sem=13.8155
step=2200 loss=14.1874 photo=0.3719 sem=13.8155
step=2210 loss=14.1770 photo=0.3615 sem=13.8155
step=2220 loss=14.1639 photo=0.3484 sem=13.8155
step=2230 loss=14.1551 photo=0.3396 sem=13.8155
step=2240 loss=14.1893 photo=0.3738 sem=13.8155
step=2250 loss=14.1802 photo=0.3647 sem=13.8155
step=2260 loss=14.1947 photo=0.3792 sem=13.8155
step=2270 loss=14.1557 photo=0.3402 sem=13.8155
step=2280 loss=14.1815 photo=0.3660 sem=13.8155
step=2290 loss=14.1805 photo=0.3650 sem=13.8155
step=2300 loss=14.1892 photo=0.3737 sem=13.8155
step=2310 loss=14.1918 photo=0.3763 sem=13.8155
step=2320 loss=14.1780 photo=0.3625 sem=13.8155
step=2330 loss=14.1892 photo=0.3737 sem=13.8155
step=2340 loss=14.1894 photo=0.3739 sem=13.8155
step=2350 loss=14.1807 photo=0.3652 sem=13.8155
step=2360 loss=14.1797 photo=0.3642 sem=13.8155
step=2370 loss=14.2296 photo=0.4141 sem=13.8155
step=2380 loss=14.1977 photo=0.3822 sem=13.8155
step=2390 loss=14.1664 photo=0.3509 sem=13.8155
step=2400 loss=14.1848 photo=0.3693 sem=13.8155
step=2410 loss=14.1889 photo=0.3734 sem=13.8155
step=2420 loss=14.2007 photo=0.3852 sem=13.8155
step=2430 loss=14.1497 photo=0.3342 sem=13.8155
step=2440 loss=14.1851 photo=0.3696 sem=13.8155
step=2450 loss=14.1812 photo=0.3657 sem=13.8155
step=2460 loss=14.1715 photo=0.3560 sem=13.8155
step=2470 loss=14.1918 photo=0.3763 sem=13.8155
step=2480 loss=14.2227 photo=0.4072 sem=13.8155
step=2490 loss=14.1416 photo=0.3261 sem=13.8155
step=2500 loss=14.1572 photo=0.3417 sem=13.8155
step=2510 loss=14.1522 photo=0.3367 sem=13.8155
step=2520 loss=14.2092 photo=0.3937 sem=13.8155
step=2530 loss=14.2015 photo=0.3860 sem=13.8155
step=2540 loss=14.1759 photo=0.3604 sem=13.8155
step=2550 loss=14.1598 photo=0.3442 sem=13.8155
step=2560 loss=14.1664 photo=0.3509 sem=13.8155
step=2570 loss=14.1712 photo=0.3557 sem=13.8155
step=2580 loss=14.1697 photo=0.3542 sem=13.8155
step=2590 loss=14.2098 photo=0.3943 sem=13.8155
step=2600 loss=14.3248 photo=0.5093 sem=13.8155
step=2610 loss=14.1919 photo=0.3764 sem=13.8155
step=2620 loss=14.1819 photo=0.3664 sem=13.8155
step=2630 loss=14.1775 photo=0.3620 sem=13.8155
step=2640 loss=14.1684 photo=0.3529 sem=13.8155
step=2650 loss=14.2022 photo=0.3867 sem=13.8155
step=2660 loss=14.1789 photo=0.3634 sem=13.8155
step=2670 loss=14.1896 photo=0.3741 sem=13.8155
step=2680 loss=14.1912 photo=0.3757 sem=13.8155
step=2690 loss=14.2382 photo=0.4227 sem=13.8155
step=2700 loss=14.1879 photo=0.3724 sem=13.8155
step=2710 loss=14.1948 photo=0.3793 sem=13.8155
step=2720 loss=14.1686 photo=0.3531 sem=13.8155
step=2730 loss=14.1859 photo=0.3704 sem=13.8155
step=2740 loss=14.1898 photo=0.3743 sem=13.8155
step=2750 loss=14.1518 photo=0.3363 sem=13.8155
step=2760 loss=14.1607 photo=0.3451 sem=13.8155
step=2770 loss=14.1841 photo=0.3686 sem=13.8155
step=2780 loss=14.1851 photo=0.3696 sem=13.8155
step=2790 loss=14.1760 photo=0.3605 sem=13.8155
step=2800 loss=14.1862 photo=0.3707 sem=13.8155
step=2810 loss=14.1786 photo=0.3631 sem=13.8155
step=2820 loss=14.1881 photo=0.3726 sem=13.8155
step=2830 loss=14.1859 photo=0.3704 sem=13.8155
step=2840 loss=14.2187 photo=0.4032 sem=13.8155
step=2850 loss=14.1548 photo=0.3393 sem=13.8155
step=2860 loss=14.2071 photo=0.3916 sem=13.8155
step=2870 loss=14.1744 photo=0.3589 sem=13.8155
step=2880 loss=14.1872 photo=0.3717 sem=13.8155
step=2890 loss=14.1634 photo=0.3479 sem=13.8155
step=2900 loss=14.1863 photo=0.3708 sem=13.8155
step=2910 loss=14.1554 photo=0.3398 sem=13.8155
step=2920 loss=14.2181 photo=0.4026 sem=13.8155
step=2930 loss=14.1581 photo=0.3426 sem=13.8155
step=2940 loss=14.1497 photo=0.3342 sem=13.8155
step=2950 loss=14.1966 photo=0.3811 sem=13.8155
step=2960 loss=14.2077 photo=0.3921 sem=13.8155
step=2970 loss=14.1697 photo=0.3542 sem=13.8155
step=2980 loss=14.1897 photo=0.3742 sem=13.8155
step=2990 loss=14.1914 photo=0.3759 sem=13.8155
step=3000 loss=14.1973 photo=0.3818 sem=13.8155
step=3010 loss=14.1857 photo=0.3702 sem=13.8155
step=3020 loss=14.1561 photo=0.3406 sem=13.8155
step=3030 loss=14.2079 photo=0.3924 sem=13.8155
step=3040 loss=14.1994 photo=0.3839 sem=13.8155
step=3050 loss=14.1606 photo=0.3451 sem=13.8155
step=3060 loss=14.1472 photo=0.3317 sem=13.8155
step=3070 loss=14.2078 photo=0.3923 sem=13.8155
step=3080 loss=14.1835 photo=0.3680 sem=13.8155
step=3090 loss=14.2220 photo=0.4065 sem=13.8155
step=3100 loss=14.1435 photo=0.3280 sem=13.8155
step=3110 loss=14.1882 photo=0.3727 sem=13.8155
step=3120 loss=14.1796 photo=0.3641 sem=13.8155
step=3130 loss=14.2083 photo=0.3928 sem=13.8155
step=3140 loss=14.2170 photo=0.4015 sem=13.8155
step=3150 loss=14.1707 photo=0.3552 sem=13.8155
step=3160 loss=14.1512 photo=0.3357 sem=13.8155
step=3170 loss=14.1730 photo=0.3575 sem=13.8155
step=3180 loss=14.1623 photo=0.3468 sem=13.8155
step=3190 loss=14.1659 photo=0.3504 sem=13.8155
step=3200 loss=14.1880 photo=0.3725 sem=13.8155
step=3210 loss=14.1852 photo=0.3697 sem=13.8155
step=3220 loss=14.1463 photo=0.3307 sem=13.8155
step=3230 loss=14.1809 photo=0.3654 sem=13.8155
step=3240 loss=14.1879 photo=0.3724 sem=13.8155
step=3250 loss=14.1291 photo=0.3136 sem=13.8155
step=3260 loss=14.2025 photo=0.3870 sem=13.8155
step=3270 loss=14.1735 photo=0.3580 sem=13.8155
step=3280 loss=14.2391 photo=0.4236 sem=13.8155
step=3290 loss=14.1785 photo=0.3630 sem=13.8155
step=3300 loss=14.1595 photo=0.3440 sem=13.8155
step=3310 loss=14.2856 photo=0.4701 sem=13.8155
step=3320 loss=14.1572 photo=0.3417 sem=13.8155
step=3330 loss=14.2139 photo=0.3984 sem=13.8155
step=3340 loss=14.1651 photo=0.3496 sem=13.8155
step=3350 loss=14.1824 photo=0.3669 sem=13.8155
step=3360 loss=14.1797 photo=0.3642 sem=13.8155
step=3370 loss=14.1489 photo=0.3334 sem=13.8155
step=3380 loss=14.1999 photo=0.3844 sem=13.8155
step=3390 loss=14.1749 photo=0.3594 sem=13.8155
step=3400 loss=14.1847 photo=0.3692 sem=13.8155
step=3410 loss=14.1920 photo=0.3765 sem=13.8155
step=3420 loss=14.1782 photo=0.3627 sem=13.8155
step=3430 loss=14.1772 photo=0.3617 sem=13.8155
step=3440 loss=14.1943 photo=0.3788 sem=13.8155
step=3450 loss=14.1895 photo=0.3740 sem=13.8155
step=3460 loss=14.1775 photo=0.3620 sem=13.8155
step=3470 loss=14.3123 photo=0.4968 sem=13.8155
step=3480 loss=14.1708 photo=0.3552 sem=13.8155
step=3490 loss=14.2272 photo=0.4117 sem=13.8155
step=3500 loss=14.2189 photo=0.4034 sem=13.8155
step=3510 loss=14.1759 photo=0.3604 sem=13.8155
