Using cache found in /home/lmh/.cache/torch/hub/facebookresearch_dinov2_main
/home/lmh/.cache/torch/hub/facebookresearch_dinov2_main/dinov2/layers/swiglu_ffn.py:43: UserWarning: xFormers is available (SwiGLU)
  warnings.warn("xFormers is available (SwiGLU)")
/home/lmh/.cache/torch/hub/facebookresearch_dinov2_main/dinov2/layers/attention.py:27: UserWarning: xFormers is available (Attention)
  warnings.warn("xFormers is available (Attention)")
/home/lmh/.cache/torch/hub/facebookresearch_dinov2_main/dinov2/layers/block.py:33: UserWarning: xFormers is available (Block)
  warnings.warn("xFormers is available (Block)")
step=0 loss=3.3883 photo=0.3926 sem=2.9957
step=10 loss=3.3775 photo=0.3818 sem=2.9957
step=20 loss=3.3576 photo=0.3618 sem=2.9957
step=30 loss=3.3331 photo=0.3373 sem=2.9957
step=40 loss=3.3511 photo=0.3554 sem=2.9957
step=50 loss=3.3263 photo=0.3306 sem=2.9957
step=60 loss=3.4086 photo=0.4128 sem=2.9957
step=70 loss=3.3645 photo=0.3688 sem=2.9957
step=80 loss=3.3453 photo=0.3496 sem=2.9957
step=90 loss=3.3295 photo=0.3338 sem=2.9957
step=100 loss=3.3341 photo=0.3384 sem=2.9957
step=110 loss=3.3571 photo=0.3614 sem=2.9957
step=120 loss=3.3469 photo=0.3512 sem=2.9957
step=130 loss=3.3609 photo=0.3652 sem=2.9957
step=140 loss=3.3524 photo=0.3566 sem=2.9957
step=150 loss=3.3560 photo=0.3603 sem=2.9957
step=160 loss=3.3171 photo=0.3213 sem=2.9957
step=170 loss=3.3840 photo=0.3882 sem=2.9957
step=180 loss=3.3517 photo=0.3560 sem=2.9957
step=190 loss=3.3435 photo=0.3478 sem=2.9957
step=200 loss=3.3419 photo=0.3462 sem=2.9957
step=210 loss=3.3412 photo=0.3454 sem=2.9957
step=220 loss=3.3572 photo=0.3615 sem=2.9957
step=230 loss=3.3392 photo=0.3435 sem=2.9957
step=240 loss=3.3529 photo=0.3572 sem=2.9957
step=250 loss=3.3609 photo=0.3652 sem=2.9957
step=260 loss=3.3548 photo=0.3591 sem=2.9957
step=270 loss=3.3562 photo=0.3605 sem=2.9957
step=280 loss=3.3654 photo=0.3696 sem=2.9957
step=290 loss=3.3441 photo=0.3483 sem=2.9957
step=300 loss=3.3528 photo=0.3571 sem=2.9957
step=310 loss=3.3887 photo=0.3929 sem=2.9957
step=320 loss=3.3211 photo=0.3254 sem=2.9957
step=330 loss=3.3644 photo=0.3686 sem=2.9957
step=340 loss=3.3617 photo=0.3660 sem=2.9957
step=350 loss=3.4019 photo=0.4062 sem=2.9957
step=360 loss=3.3644 photo=0.3686 sem=2.9957
step=370 loss=3.3302 photo=0.3345 sem=2.9957
step=380 loss=3.3486 photo=0.3529 sem=2.9957
step=390 loss=3.3643 photo=0.3686 sem=2.9957
step=400 loss=3.3489 photo=0.3532 sem=2.9957
step=410 loss=3.3701 photo=0.3744 sem=2.9957
step=420 loss=3.3700 photo=0.3743 sem=2.9957
step=430 loss=3.4735 photo=0.4778 sem=2.9957
step=440 loss=3.3444 photo=0.3487 sem=2.9957
step=450 loss=3.3573 photo=0.3616 sem=2.9957
step=460 loss=3.3405 photo=0.3448 sem=2.9957
step=470 loss=3.3897 photo=0.3940 sem=2.9957
step=480 loss=3.3640 photo=0.3683 sem=2.9957
step=490 loss=3.3463 photo=0.3506 sem=2.9957
step=500 loss=3.3678 photo=0.3721 sem=2.9957
step=510 loss=3.3811 photo=0.3854 sem=2.9957
step=520 loss=3.4156 photo=0.4199 sem=2.9957
step=530 loss=3.3355 photo=0.3398 sem=2.9957
step=540 loss=3.3716 photo=0.3758 sem=2.9957
step=550 loss=3.3328 photo=0.3371 sem=2.9957
step=560 loss=3.3284 photo=0.3327 sem=2.9957
step=570 loss=3.3232 photo=0.3274 sem=2.9957
step=580 loss=3.3661 photo=0.3704 sem=2.9957
step=590 loss=3.3583 photo=0.3626 sem=2.9957
step=600 loss=3.3786 photo=0.3829 sem=2.9957
step=610 loss=3.3636 photo=0.3679 sem=2.9957
step=620 loss=3.3737 photo=0.3780 sem=2.9957
step=630 loss=3.3520 photo=0.3563 sem=2.9957
step=640 loss=3.3398 photo=0.3441 sem=2.9957
step=650 loss=3.4121 photo=0.4163 sem=2.9957
step=660 loss=3.4027 photo=0.4070 sem=2.9957
step=670 loss=3.3525 photo=0.3567 sem=2.9957
step=680 loss=3.3663 photo=0.3706 sem=2.9957
step=690 loss=3.3702 photo=0.3745 sem=2.9957
step=700 loss=3.3366 photo=0.3409 sem=2.9957
step=710 loss=3.3549 photo=0.3592 sem=2.9957
step=720 loss=3.3469 photo=0.3511 sem=2.9957
step=730 loss=3.3695 photo=0.3738 sem=2.9957
step=740 loss=3.3743 photo=0.3786 sem=2.9957
step=750 loss=3.3700 photo=0.3743 sem=2.9957
step=760 loss=3.3356 photo=0.3399 sem=2.9957
step=770 loss=3.3781 photo=0.3823 sem=2.9957
step=780 loss=3.3551 photo=0.3593 sem=2.9957
step=790 loss=3.3926 photo=0.3969 sem=2.9957
step=800 loss=3.3773 photo=0.3816 sem=2.9957
step=810 loss=3.4024 photo=0.4067 sem=2.9957
step=820 loss=3.3573 photo=0.3616 sem=2.9957
step=830 loss=3.4042 photo=0.4085 sem=2.9957
step=840 loss=3.3392 photo=0.3435 sem=2.9957
step=850 loss=3.3988 photo=0.4030 sem=2.9957
step=860 loss=3.3427 photo=0.3470 sem=2.9957
step=870 loss=3.3927 photo=0.3969 sem=2.9957
step=880 loss=3.3942 photo=0.3985 sem=2.9957
step=890 loss=3.3447 photo=0.3489 sem=2.9957
step=900 loss=3.3303 photo=0.3345 sem=2.9957
step=910 loss=3.3635 photo=0.3678 sem=2.9957
step=920 loss=3.3564 photo=0.3606 sem=2.9957
step=930 loss=3.3349 photo=0.3392 sem=2.9957
step=940 loss=3.3595 photo=0.3637 sem=2.9957
step=950 loss=3.3990 photo=0.4033 sem=2.9957
step=960 loss=3.3477 photo=0.3520 sem=2.9957
step=970 loss=3.3449 photo=0.3492 sem=2.9957
step=980 loss=3.3634 photo=0.3676 sem=2.9957
step=990 loss=3.3803 photo=0.3846 sem=2.9957
step=1000 loss=3.3502 photo=0.3545 sem=2.9957
step=1010 loss=3.3807 photo=0.3849 sem=2.9957
step=1020 loss=3.3693 photo=0.3736 sem=2.9957
step=1030 loss=3.3680 photo=0.3722 sem=2.9957
step=1040 loss=3.3553 photo=0.3596 sem=2.9957
step=1050 loss=3.3371 photo=0.3414 sem=2.9957
step=1060 loss=3.3636 photo=0.3678 sem=2.9957
step=1070 loss=3.3585 photo=0.3628 sem=2.9957
step=1080 loss=3.3784 photo=0.3827 sem=2.9957
step=1090 loss=3.3825 photo=0.3868 sem=2.9957
step=1100 loss=3.3545 photo=0.3588 sem=2.9957
step=1110 loss=3.3365 photo=0.3408 sem=2.9957
step=1120 loss=3.3528 photo=0.3570 sem=2.9957
step=1130 loss=3.4655 photo=0.4698 sem=2.9957
step=1140 loss=3.3966 photo=0.4009 sem=2.9957
step=1150 loss=3.4316 photo=0.4359 sem=2.9957
step=1160 loss=3.3593 photo=0.3635 sem=2.9957
step=1170 loss=3.3618 photo=0.3661 sem=2.9957
step=1180 loss=3.3684 photo=0.3727 sem=2.9957
step=1190 loss=3.3567 photo=0.3609 sem=2.9957
step=1200 loss=3.3685 photo=0.3728 sem=2.9957
step=1210 loss=3.3633 photo=0.3675 sem=2.9957
step=1220 loss=3.3974 photo=0.4017 sem=2.9957
step=1230 loss=3.3731 photo=0.3773 sem=2.9957
step=1240 loss=3.3740 photo=0.3783 sem=2.9957
step=1250 loss=3.3907 photo=0.3949 sem=2.9957
step=1260 loss=3.3728 photo=0.3771 sem=2.9957
step=1270 loss=3.3521 photo=0.3563 sem=2.9957
step=1280 loss=3.3278 photo=0.3321 sem=2.9957
step=1290 loss=3.4005 photo=0.4048 sem=2.9957
step=1300 loss=3.3355 photo=0.3397 sem=2.9957
step=1310 loss=3.4066 photo=0.4108 sem=2.9957
step=1320 loss=3.3481 photo=0.3524 sem=2.9957
step=1330 loss=3.3615 photo=0.3658 sem=2.9957
step=1340 loss=3.3603 photo=0.3646 sem=2.9957
step=1350 loss=3.4247 photo=0.4290 sem=2.9957
step=1360 loss=3.3618 photo=0.3661 sem=2.9957
step=1370 loss=3.3751 photo=0.3793 sem=2.9957
step=1380 loss=3.3326 photo=0.3369 sem=2.9957
step=1390 loss=3.3625 photo=0.3667 sem=2.9957
step=1400 loss=3.3495 photo=0.3537 sem=2.9957
step=1410 loss=3.3723 photo=0.3766 sem=2.9957
step=1420 loss=3.3523 photo=0.3566 sem=2.9957
step=1430 loss=3.3607 photo=0.3650 sem=2.9957
step=1440 loss=3.3657 photo=0.3699 sem=2.9957
step=1450 loss=3.3484 photo=0.3527 sem=2.9957
step=1460 loss=3.3490 photo=0.3532 sem=2.9957
step=1470 loss=3.3667 photo=0.3710 sem=2.9957
step=1480 loss=3.3863 photo=0.3905 sem=2.9957
step=1490 loss=3.3454 photo=0.3497 sem=2.9957
step=1500 loss=3.4787 photo=0.4830 sem=2.9957
step=1510 loss=3.3436 photo=0.3479 sem=2.9957
step=1520 loss=3.3819 photo=0.3862 sem=2.9957
step=1530 loss=3.3730 photo=0.3773 sem=2.9957
step=1540 loss=3.3613 photo=0.3656 sem=2.9957
step=1550 loss=3.3516 photo=0.3558 sem=2.9957
step=1560 loss=3.3855 photo=0.3898 sem=2.9957
step=1570 loss=3.4321 photo=0.4363 sem=2.9957
step=1580 loss=3.3749 photo=0.3792 sem=2.9957
step=1590 loss=3.4071 photo=0.4113 sem=2.9957
step=1600 loss=3.4350 photo=0.4393 sem=2.9957
step=1610 loss=3.3395 photo=0.3438 sem=2.9957
step=1620 loss=3.3706 photo=0.3748 sem=2.9957
step=1630 loss=3.3869 photo=0.3912 sem=2.9957
step=1640 loss=3.3785 photo=0.3828 sem=2.9957
step=1650 loss=3.3858 photo=0.3901 sem=2.9957
step=1660 loss=3.3751 photo=0.3794 sem=2.9957
step=1670 loss=3.3717 photo=0.3760 sem=2.9957
step=1680 loss=3.3622 photo=0.3665 sem=2.9957
step=1690 loss=3.3949 photo=0.3992 sem=2.9957
step=1700 loss=3.3596 photo=0.3638 sem=2.9957
step=1710 loss=3.3286 photo=0.3329 sem=2.9957
step=1720 loss=3.3280 photo=0.3323 sem=2.9957
step=1730 loss=3.3658 photo=0.3700 sem=2.9957
step=1740 loss=3.3960 photo=0.4003 sem=2.9957
step=1750 loss=3.3443 photo=0.3486 sem=2.9957
step=1760 loss=3.3434 photo=0.3476 sem=2.9957
step=1770 loss=3.3539 photo=0.3582 sem=2.9957
step=1780 loss=3.3705 photo=0.3747 sem=2.9957
step=1790 loss=3.3876 photo=0.3919 sem=2.9957
step=1800 loss=3.3832 photo=0.3874 sem=2.9957
step=1810 loss=3.3851 photo=0.3894 sem=2.9957
step=1820 loss=3.3641 photo=0.3684 sem=2.9957
step=1830 loss=3.3504 photo=0.3547 sem=2.9957
step=1840 loss=3.3397 photo=0.3440 sem=2.9957
step=1850 loss=3.3303 photo=0.3345 sem=2.9957
step=1860 loss=3.3776 photo=0.3818 sem=2.9957
step=1870 loss=3.3493 photo=0.3536 sem=2.9957
step=1880 loss=3.3769 photo=0.3812 sem=2.9957
step=1890 loss=3.3875 photo=0.3918 sem=2.9957
step=1900 loss=3.3444 photo=0.3487 sem=2.9957
step=1910 loss=3.3946 photo=0.3988 sem=2.9957
step=1920 loss=3.3932 photo=0.3975 sem=2.9957
step=1930 loss=3.3757 photo=0.3800 sem=2.9957
step=1940 loss=3.3578 photo=0.3621 sem=2.9957
step=1950 loss=3.4195 photo=0.4238 sem=2.9957
step=1960 loss=3.3266 photo=0.3309 sem=2.9957
step=1970 loss=3.3623 photo=0.3666 sem=2.9957
step=1980 loss=3.3838 photo=0.3880 sem=2.9957
step=1990 loss=3.3428 photo=0.3471 sem=2.9957
step=2000 loss=3.3275 photo=0.3318 sem=2.9957
step=2010 loss=3.3709 photo=0.3751 sem=2.9957
step=2020 loss=3.3769 photo=0.3812 sem=2.9957
step=2030 loss=3.3624 photo=0.3667 sem=2.9957
step=2040 loss=3.3636 photo=0.3679 sem=2.9957
step=2050 loss=3.3704 photo=0.3747 sem=2.9957
step=2060 loss=3.3279 photo=0.3322 sem=2.9957
step=2070 loss=3.3991 photo=0.4034 sem=2.9957
step=2080 loss=3.3793 photo=0.3836 sem=2.9957
step=2090 loss=3.3458 photo=0.3501 sem=2.9957
step=2100 loss=3.3484 photo=0.3527 sem=2.9957
step=2110 loss=3.3404 photo=0.3447 sem=2.9957
step=2120 loss=3.3773 photo=0.3816 sem=2.9957
step=2130 loss=3.4156 photo=0.4199 sem=2.9957
step=2140 loss=3.4051 photo=0.4094 sem=2.9957
step=2150 loss=3.3590 photo=0.3632 sem=2.9957
step=2160 loss=3.3499 photo=0.3542 sem=2.9957
step=2170 loss=3.3705 photo=0.3748 sem=2.9957
step=2180 loss=3.3502 photo=0.3545 sem=2.9957
step=2190 loss=3.3652 photo=0.3695 sem=2.9957
step=2200 loss=3.3359 photo=0.3402 sem=2.9957
step=2210 loss=3.3770 photo=0.3813 sem=2.9957
step=2220 loss=3.3599 photo=0.3642 sem=2.9957
step=2230 loss=3.3805 photo=0.3848 sem=2.9957
step=2240 loss=3.3679 photo=0.3721 sem=2.9957
step=2250 loss=3.3502 photo=0.3544 sem=2.9957
step=2260 loss=3.3713 photo=0.3755 sem=2.9957
step=2270 loss=3.3797 photo=0.3839 sem=2.9957
step=2280 loss=3.3224 photo=0.3267 sem=2.9957
step=2290 loss=3.4338 photo=0.4380 sem=2.9957
step=2300 loss=3.3635 photo=0.3678 sem=2.9957
step=2310 loss=3.3397 photo=0.3440 sem=2.9957
step=2320 loss=3.3202 photo=0.3245 sem=2.9957
step=2330 loss=3.3516 photo=0.3559 sem=2.9957
step=2340 loss=3.3603 photo=0.3646 sem=2.9957
step=2350 loss=3.3750 photo=0.3793 sem=2.9957
step=2360 loss=3.3680 photo=0.3722 sem=2.9957
step=2370 loss=3.3661 photo=0.3704 sem=2.9957
step=2380 loss=3.3608 photo=0.3650 sem=2.9957
step=2390 loss=3.3644 photo=0.3687 sem=2.9957
step=2400 loss=3.3410 photo=0.3453 sem=2.9957
step=2410 loss=3.3514 photo=0.3556 sem=2.9957
step=2420 loss=3.3303 photo=0.3346 sem=2.9957
step=2430 loss=3.3684 photo=0.3727 sem=2.9957
step=2440 loss=3.3398 photo=0.3440 sem=2.9957
step=2450 loss=3.3813 photo=0.3856 sem=2.9957
step=2460 loss=3.3756 photo=0.3799 sem=2.9957
step=2470 loss=3.3573 photo=0.3615 sem=2.9957
step=2480 loss=3.3493 photo=0.3536 sem=2.9957
step=2490 loss=3.3580 photo=0.3623 sem=2.9957
step=2500 loss=3.3478 photo=0.3521 sem=2.9957
step=2510 loss=3.4418 photo=0.4461 sem=2.9957
step=2520 loss=3.3486 photo=0.3529 sem=2.9957
step=2530 loss=3.3583 photo=0.3626 sem=2.9957
step=2540 loss=3.4426 photo=0.4468 sem=2.9957
step=2550 loss=3.3714 photo=0.3757 sem=2.9957
step=2560 loss=3.3636 photo=0.3678 sem=2.9957
step=2570 loss=3.3636 photo=0.3678 sem=2.9957
step=2580 loss=3.3520 photo=0.3563 sem=2.9957
step=2590 loss=3.3334 photo=0.3377 sem=2.9957
step=2600 loss=3.3323 photo=0.3366 sem=2.9957
step=2610 loss=3.3363 photo=0.3406 sem=2.9957
step=2620 loss=3.3606 photo=0.3649 sem=2.9957
step=2630 loss=3.3236 photo=0.3279 sem=2.9957
step=2640 loss=3.3393 photo=0.3436 sem=2.9957
step=2650 loss=3.3734 photo=0.3777 sem=2.9957
step=2660 loss=3.3565 photo=0.3608 sem=2.9957
step=2670 loss=3.3705 photo=0.3747 sem=2.9957
step=2680 loss=3.3530 photo=0.3572 sem=2.9957
step=2690 loss=3.3611 photo=0.3653 sem=2.9957
step=2700 loss=3.3688 photo=0.3731 sem=2.9957
step=2710 loss=3.3680 photo=0.3723 sem=2.9957
step=2720 loss=3.3795 photo=0.3837 sem=2.9957
step=2730 loss=3.3194 photo=0.3237 sem=2.9957
step=2740 loss=3.3589 photo=0.3632 sem=2.9957
step=2750 loss=3.3593 photo=0.3636 sem=2.9957
step=2760 loss=3.3677 photo=0.3720 sem=2.9957
step=2770 loss=3.3733 photo=0.3775 sem=2.9957
step=2780 loss=3.3286 photo=0.3328 sem=2.9957
step=2790 loss=3.3280 photo=0.3322 sem=2.9957
step=2800 loss=3.3498 photo=0.3541 sem=2.9957
step=2810 loss=3.3751 photo=0.3794 sem=2.9957
step=2820 loss=3.3174 photo=0.3217 sem=2.9957
step=2830 loss=3.3441 photo=0.3483 sem=2.9957
step=2840 loss=3.4016 photo=0.4059 sem=2.9957
step=2850 loss=3.3835 photo=0.3878 sem=2.9957
step=2860 loss=3.3742 photo=0.3784 sem=2.9957
step=2870 loss=3.3530 photo=0.3573 sem=2.9957
step=2880 loss=3.3698 photo=0.3741 sem=2.9957
step=2890 loss=3.3476 photo=0.3519 sem=2.9957
step=2900 loss=3.3632 photo=0.3675 sem=2.9957
step=2910 loss=3.3611 photo=0.3654 sem=2.9957
step=2920 loss=3.3591 photo=0.3634 sem=2.9957
step=2930 loss=3.3880 photo=0.3923 sem=2.9957
step=2940 loss=3.3638 photo=0.3681 sem=2.9957
step=2950 loss=3.3874 photo=0.3917 sem=2.9957
step=2960 loss=3.3438 photo=0.3481 sem=2.9957
step=2970 loss=3.3589 photo=0.3632 sem=2.9957
step=2980 loss=3.3827 photo=0.3870 sem=2.9957
step=2990 loss=3.3651 photo=0.3693 sem=2.9957
step=3000 loss=3.3797 photo=0.3840 sem=2.9957
step=3010 loss=3.3294 photo=0.3336 sem=2.9957
step=3020 loss=3.3730 photo=0.3773 sem=2.9957
step=3030 loss=3.4053 photo=0.4095 sem=2.9957
step=3040 loss=3.3866 photo=0.3909 sem=2.9957
step=3050 loss=3.3379 photo=0.3422 sem=2.9957
step=3060 loss=3.4185 photo=0.4227 sem=2.9957
step=3070 loss=3.3376 photo=0.3419 sem=2.9957
step=3080 loss=3.3231 photo=0.3274 sem=2.9957
step=3090 loss=3.3666 photo=0.3709 sem=2.9957
step=3100 loss=3.3452 photo=0.3495 sem=2.9957
step=3110 loss=3.3614 photo=0.3657 sem=2.9957
step=3120 loss=3.3715 photo=0.3757 sem=2.9957
step=3130 loss=3.3519 photo=0.3561 sem=2.9957
step=3140 loss=3.3405 photo=0.3448 sem=2.9957
step=3150 loss=3.3483 photo=0.3526 sem=2.9957
step=3160 loss=3.3505 photo=0.3548 sem=2.9957
step=3170 loss=3.3668 photo=0.3710 sem=2.9957
step=3180 loss=3.3641 photo=0.3683 sem=2.9957
step=3190 loss=3.4096 photo=0.4139 sem=2.9957
step=3200 loss=3.3503 photo=0.3545 sem=2.9957
step=3210 loss=3.3452 photo=0.3494 sem=2.9957
step=3220 loss=3.3669 photo=0.3711 sem=2.9957
step=3230 loss=3.3668 photo=0.3711 sem=2.9957
step=3240 loss=3.3792 photo=0.3835 sem=2.9957
step=3250 loss=3.3631 photo=0.3674 sem=2.9957
step=3260 loss=3.3990 photo=0.4032 sem=2.9957
step=3270 loss=3.3383 photo=0.3426 sem=2.9957
step=3280 loss=3.3907 photo=0.3950 sem=2.9957
step=3290 loss=3.3561 photo=0.3604 sem=2.9957
step=3300 loss=3.3221 photo=0.3264 sem=2.9957
step=3310 loss=3.3602 photo=0.3644 sem=2.9957
step=3320 loss=3.3379 photo=0.3421 sem=2.9957
step=3330 loss=3.3743 photo=0.3786 sem=2.9957
step=3340 loss=3.3649 photo=0.3692 sem=2.9957
step=3350 loss=3.3763 photo=0.3805 sem=2.9957
step=3360 loss=3.3376 photo=0.3419 sem=2.9957
step=3370 loss=3.3709 photo=0.3752 sem=2.9957
step=3380 loss=3.3516 photo=0.3558 sem=2.9957
step=3390 loss=3.3634 photo=0.3676 sem=2.9957
step=3400 loss=3.3508 photo=0.3551 sem=2.9957
step=3410 loss=3.3700 photo=0.3743 sem=2.9957
step=3420 loss=3.4038 photo=0.4081 sem=2.9957
step=3430 loss=3.3504 photo=0.3546 sem=2.9957
step=3440 loss=3.3931 photo=0.3974 sem=2.9957
step=3450 loss=3.3650 photo=0.3692 sem=2.9957
step=3460 loss=3.3984 photo=0.4027 sem=2.9957
step=3470 loss=3.3430 photo=0.3473 sem=2.9957
step=3480 loss=3.3607 photo=0.3650 sem=2.9957
step=3490 loss=3.3887 photo=0.3929 sem=2.9957
step=3500 loss=3.3722 photo=0.3765 sem=2.9957
step=3510 loss=3.3297 photo=0.3339 sem=2.9957
step=3520 loss=3.3668 photo=0.3711 sem=2.9957
step=3530 loss=3.3688 photo=0.3730 sem=2.9957
step=3540 loss=3.3580 photo=0.3623 sem=2.9957
step=3550 loss=3.3631 photo=0.3674 sem=2.9957
step=3560 loss=3.3429 photo=0.3471 sem=2.9957
step=3570 loss=3.3856 photo=0.3898 sem=2.9957
step=3580 loss=3.3809 photo=0.3851 sem=2.9957
step=3590 loss=3.3703 photo=0.3746 sem=2.9957
step=3600 loss=3.3400 photo=0.3443 sem=2.9957
step=3610 loss=3.3766 photo=0.3808 sem=2.9957
step=3620 loss=3.3653 photo=0.3696 sem=2.9957
step=3630 loss=3.3772 photo=0.3815 sem=2.9957
step=3640 loss=3.3278 photo=0.3321 sem=2.9957
step=3650 loss=3.3464 photo=0.3507 sem=2.9957
step=3660 loss=3.3521 photo=0.3564 sem=2.9957
step=3670 loss=3.3437 photo=0.3480 sem=2.9957
step=3680 loss=3.3715 photo=0.3758 sem=2.9957
step=3690 loss=3.3383 photo=0.3425 sem=2.9957
step=3700 loss=3.3756 photo=0.3799 sem=2.9957
step=3710 loss=3.3119 photo=0.3162 sem=2.9957
step=3720 loss=3.3621 photo=0.3664 sem=2.9957
step=3730 loss=3.3311 photo=0.3353 sem=2.9957
step=3740 loss=3.3697 photo=0.3740 sem=2.9957
step=3750 loss=3.3274 photo=0.3317 sem=2.9957
step=3760 loss=3.3221 photo=0.3264 sem=2.9957
step=3770 loss=3.3432 photo=0.3474 sem=2.9957
step=3780 loss=3.3809 photo=0.3852 sem=2.9957
step=3790 loss=3.3518 photo=0.3560 sem=2.9957
step=3800 loss=3.3286 photo=0.3329 sem=2.9957
step=3810 loss=3.3746 photo=0.3789 sem=2.9957
step=3820 loss=3.3821 photo=0.3863 sem=2.9957
step=3830 loss=3.3531 photo=0.3574 sem=2.9957
step=3840 loss=3.3474 photo=0.3516 sem=2.9957
step=3850 loss=3.3599 photo=0.3642 sem=2.9957
step=3860 loss=3.4001 photo=0.4044 sem=2.9957
step=3870 loss=3.3533 photo=0.3576 sem=2.9957
step=3880 loss=3.3593 photo=0.3635 sem=2.9957
step=3890 loss=3.3477 photo=0.3520 sem=2.9957
step=3900 loss=3.3643 photo=0.3686 sem=2.9957
step=3910 loss=3.3621 photo=0.3664 sem=2.9957
step=3920 loss=3.3682 photo=0.3724 sem=2.9957
step=3930 loss=3.3741 photo=0.3784 sem=2.9957
step=3940 loss=3.3920 photo=0.3962 sem=2.9957
step=3950 loss=3.3884 photo=0.3927 sem=2.9957
step=3960 loss=3.3502 photo=0.3545 sem=2.9957
step=3970 loss=3.3719 photo=0.3761 sem=2.9957
step=3980 loss=3.3262 photo=0.3305 sem=2.9957
step=3990 loss=3.3627 photo=0.3669 sem=2.9957
step=4000 loss=3.3417 photo=0.3460 sem=2.9957
step=4010 loss=3.3379 photo=0.3421 sem=2.9957
step=4020 loss=3.3403 photo=0.3446 sem=2.9957
step=4030 loss=3.4113 photo=0.4155 sem=2.9957
step=4040 loss=3.3695 photo=0.3737 sem=2.9957
step=4050 loss=3.3854 photo=0.3896 sem=2.9957
step=4060 loss=3.4002 photo=0.4045 sem=2.9957
step=4070 loss=3.3454 photo=0.3497 sem=2.9957
step=4080 loss=3.4218 photo=0.4261 sem=2.9957
step=4090 loss=3.3611 photo=0.3654 sem=2.9957
step=4100 loss=3.3211 photo=0.3253 sem=2.9957
step=4110 loss=3.3369 photo=0.3412 sem=2.9957
step=4120 loss=3.3566 photo=0.3608 sem=2.9957
step=4130 loss=3.3830 photo=0.3873 sem=2.9957
step=4140 loss=3.3642 photo=0.3684 sem=2.9957
step=4150 loss=3.3803 photo=0.3845 sem=2.9957
step=4160 loss=3.3343 photo=0.3386 sem=2.9957
step=4170 loss=3.3518 photo=0.3560 sem=2.9957
step=4180 loss=3.3501 photo=0.3544 sem=2.9957
step=4190 loss=3.5402 photo=0.5444 sem=2.9957
step=4200 loss=3.3741 photo=0.3784 sem=2.9957
step=4210 loss=3.4206 photo=0.4248 sem=2.9957
step=4220 loss=3.3225 photo=0.3267 sem=2.9957
step=4230 loss=3.3230 photo=0.3273 sem=2.9957
step=4240 loss=3.4380 photo=0.4423 sem=2.9957
step=4250 loss=3.3854 photo=0.3896 sem=2.9957
step=4260 loss=3.3667 photo=0.3710 sem=2.9957
step=4270 loss=3.3845 photo=0.3888 sem=2.9957
step=4280 loss=3.3613 photo=0.3655 sem=2.9957
step=4290 loss=3.3412 photo=0.3454 sem=2.9957
step=4300 loss=3.3395 photo=0.3438 sem=2.9957
step=4310 loss=3.3754 photo=0.3796 sem=2.9957
step=4320 loss=3.3968 photo=0.4010 sem=2.9957
step=4330 loss=3.3803 photo=0.3845 sem=2.9957
step=4340 loss=3.3818 photo=0.3861 sem=2.9957
step=4350 loss=3.3554 photo=0.3597 sem=2.9957
step=4360 loss=3.3259 photo=0.3302 sem=2.9957
step=4370 loss=3.3435 photo=0.3478 sem=2.9957
step=4380 loss=3.4022 photo=0.4065 sem=2.9957
step=4390 loss=3.4614 photo=0.4657 sem=2.9957
step=4400 loss=3.3403 photo=0.3445 sem=2.9957
step=4410 loss=3.3981 photo=0.4024 sem=2.9957
step=4420 loss=3.3930 photo=0.3973 sem=2.9957
step=4430 loss=3.3625 photo=0.3668 sem=2.9957
step=4440 loss=3.3686 photo=0.3729 sem=2.9957
step=4450 loss=3.3929 photo=0.3972 sem=2.9957
step=4460 loss=3.3810 photo=0.3852 sem=2.9957
step=4470 loss=3.3269 photo=0.3311 sem=2.9957
step=4480 loss=3.4074 photo=0.4116 sem=2.9957
step=4490 loss=3.3204 photo=0.3247 sem=2.9957
step=4500 loss=3.4057 photo=0.4100 sem=2.9957
step=4510 loss=3.3604 photo=0.3646 sem=2.9957
step=4520 loss=3.3585 photo=0.3627 sem=2.9957
step=4530 loss=3.3340 photo=0.3383 sem=2.9957
step=4540 loss=3.3352 photo=0.3394 sem=2.9957
step=4550 loss=3.3551 photo=0.3594 sem=2.9957
step=4560 loss=3.3270 photo=0.3313 sem=2.9957
step=4570 loss=3.3766 photo=0.3809 sem=2.9957
step=4580 loss=3.3897 photo=0.3940 sem=2.9957
step=4590 loss=3.4118 photo=0.4160 sem=2.9957
step=4600 loss=3.3669 photo=0.3712 sem=2.9957
step=4610 loss=3.3636 photo=0.3679 sem=2.9957
step=4620 loss=3.3636 photo=0.3679 sem=2.9957
step=4630 loss=3.3837 photo=0.3880 sem=2.9957
step=4640 loss=3.3552 photo=0.3595 sem=2.9957
step=4650 loss=3.3828 photo=0.3871 sem=2.9957
step=4660 loss=3.3445 photo=0.3488 sem=2.9957
step=4670 loss=3.3863 photo=0.3905 sem=2.9957
step=4680 loss=3.3707 photo=0.3750 sem=2.9957
step=4690 loss=3.3534 photo=0.3576 sem=2.9957
step=4700 loss=3.3324 photo=0.3367 sem=2.9957
step=4710 loss=3.3281 photo=0.3324 sem=2.9957
step=4720 loss=3.3969 photo=0.4012 sem=2.9957
step=4730 loss=3.3833 photo=0.3876 sem=2.9957
step=4740 loss=3.3551 photo=0.3594 sem=2.9957
step=4750 loss=3.3832 photo=0.3875 sem=2.9957
step=4760 loss=3.3588 photo=0.3631 sem=2.9957
step=4770 loss=3.3842 photo=0.3885 sem=2.9957
step=4780 loss=3.3319 photo=0.3362 sem=2.9957
step=4790 loss=3.3845 photo=0.3888 sem=2.9957
step=4800 loss=3.3622 photo=0.3665 sem=2.9957
step=4810 loss=3.3711 photo=0.3754 sem=2.9957
step=4820 loss=3.3653 photo=0.3695 sem=2.9957
step=4830 loss=3.3929 photo=0.3971 sem=2.9957
step=4840 loss=3.4198 photo=0.4241 sem=2.9957
step=4850 loss=3.3448 photo=0.3491 sem=2.9957
step=4860 loss=3.3657 photo=0.3699 sem=2.9957
step=4870 loss=3.4305 photo=0.4348 sem=2.9957
step=4880 loss=3.3417 photo=0.3460 sem=2.9957
step=4890 loss=3.3517 photo=0.3560 sem=2.9957
step=4900 loss=3.3754 photo=0.3797 sem=2.9957
step=4910 loss=3.4244 photo=0.4286 sem=2.9957
step=4920 loss=3.3953 photo=0.3996 sem=2.9957
step=4930 loss=3.3310 photo=0.3353 sem=2.9957
step=4940 loss=3.3546 photo=0.3589 sem=2.9957
step=4950 loss=3.3448 photo=0.3491 sem=2.9957
step=4960 loss=3.3660 photo=0.3702 sem=2.9957
step=4970 loss=3.3635 photo=0.3677 sem=2.9957
step=4980 loss=3.3614 photo=0.3657 sem=2.9957
step=4990 loss=3.3582 photo=0.3625 sem=2.9957
