Using cache found in /home/lmh/.cache/torch/hub/facebookresearch_dinov2_main
/home/lmh/.cache/torch/hub/facebookresearch_dinov2_main/dinov2/layers/swiglu_ffn.py:43: UserWarning: xFormers is available (SwiGLU)
  warnings.warn("xFormers is available (SwiGLU)")
/home/lmh/.cache/torch/hub/facebookresearch_dinov2_main/dinov2/layers/attention.py:27: UserWarning: xFormers is available (Attention)
  warnings.warn("xFormers is available (Attention)")
/home/lmh/.cache/torch/hub/facebookresearch_dinov2_main/dinov2/layers/block.py:33: UserWarning: xFormers is available (Block)
  warnings.warn("xFormers is available (Block)")
step=0 loss=3.3314 photo=0.3284 sem=3.0030
step=10 loss=0.9161 photo=0.3758 sem=0.5403
step=20 loss=0.5898 photo=0.3433 sem=0.2465
step=30 loss=0.9977 photo=0.3444 sem=0.6533
step=40 loss=0.5182 photo=0.3569 sem=0.1613
step=50 loss=0.8921 photo=0.3441 sem=0.5480
step=60 loss=1.0919 photo=0.3442 sem=0.7477
step=70 loss=0.3749 photo=0.3737 sem=0.0012
step=80 loss=0.3606 photo=0.3606 sem=0.0000
step=90 loss=0.3626 photo=0.3626 sem=0.0000
step=100 loss=0.3603 photo=0.3603 sem=0.0000
step=110 loss=0.3683 photo=0.3683 sem=0.0000
step=120 loss=0.3557 photo=0.3557 sem=0.0000
step=130 loss=0.3850 photo=0.3850 sem=0.0000
step=140 loss=0.3931 photo=0.3931 sem=0.0000
step=150 loss=0.3768 photo=0.3768 sem=0.0000
step=160 loss=0.3628 photo=0.3628 sem=0.0000
step=170 loss=0.3772 photo=0.3772 sem=0.0000
step=180 loss=0.3926 photo=0.3926 sem=0.0000
step=190 loss=0.3812 photo=0.3812 sem=0.0000
step=200 loss=0.3892 photo=0.3892 sem=0.0000
step=210 loss=0.3719 photo=0.3719 sem=0.0000
step=220 loss=0.3980 photo=0.3980 sem=0.0000
step=230 loss=0.3631 photo=0.3631 sem=0.0000
step=240 loss=0.3884 photo=0.3884 sem=0.0000
step=250 loss=0.3913 photo=0.3913 sem=0.0000
step=260 loss=0.3713 photo=0.3713 sem=0.0000
step=270 loss=0.3856 photo=0.3856 sem=0.0000
step=280 loss=0.3912 photo=0.3912 sem=0.0000
step=290 loss=0.3817 photo=0.3817 sem=0.0000
step=300 loss=0.3885 photo=0.3885 sem=0.0000
step=310 loss=0.3784 photo=0.3784 sem=0.0000
step=320 loss=0.3654 photo=0.3654 sem=0.0000
step=330 loss=0.3920 photo=0.3920 sem=0.0000
step=340 loss=0.4276 photo=0.4276 sem=0.0000
step=350 loss=0.4265 photo=0.4265 sem=0.0000
step=360 loss=0.3874 photo=0.3874 sem=0.0000
step=370 loss=0.3639 photo=0.3639 sem=0.0000
step=380 loss=0.3499 photo=0.3499 sem=0.0000
step=390 loss=0.4026 photo=0.4026 sem=0.0000
step=400 loss=0.3631 photo=0.3631 sem=0.0000
step=410 loss=0.3648 photo=0.3648 sem=0.0000
step=420 loss=0.3402 photo=0.3402 sem=0.0000
step=430 loss=0.3623 photo=0.3623 sem=0.0000
step=440 loss=0.4140 photo=0.4140 sem=0.0000
step=450 loss=0.3608 photo=0.3608 sem=0.0000
step=460 loss=0.3539 photo=0.3539 sem=0.0000
step=470 loss=0.3684 photo=0.3684 sem=0.0000
step=480 loss=0.3800 photo=0.3800 sem=0.0000
step=490 loss=0.3805 photo=0.3805 sem=0.0000
step=500 loss=0.3756 photo=0.3756 sem=0.0000
step=510 loss=0.3913 photo=0.3913 sem=0.0000
step=520 loss=0.3412 photo=0.3412 sem=0.0000
step=530 loss=0.3635 photo=0.3635 sem=0.0000
step=540 loss=0.3430 photo=0.3430 sem=0.0000
step=550 loss=0.3652 photo=0.3652 sem=0.0000
step=560 loss=0.3706 photo=0.3706 sem=0.0000
step=570 loss=0.3528 photo=0.3528 sem=0.0000
step=580 loss=0.3534 photo=0.3534 sem=0.0000
step=590 loss=0.3678 photo=0.3678 sem=0.0000
step=600 loss=0.3517 photo=0.3517 sem=0.0000
step=610 loss=0.3410 photo=0.3410 sem=0.0000
step=620 loss=0.3617 photo=0.3617 sem=0.0000
step=630 loss=0.3436 photo=0.3436 sem=0.0000
step=640 loss=0.3421 photo=0.3421 sem=0.0000
step=650 loss=0.3980 photo=0.3980 sem=0.0000
step=660 loss=0.4176 photo=0.4176 sem=0.0000
step=670 loss=0.3697 photo=0.3697 sem=0.0000
step=680 loss=0.3574 photo=0.3574 sem=0.0000
step=690 loss=0.3396 photo=0.3396 sem=0.0000
step=700 loss=0.3537 photo=0.3537 sem=0.0000
step=710 loss=0.3385 photo=0.3385 sem=0.0000
step=720 loss=0.3789 photo=0.3789 sem=0.0000
step=730 loss=0.3948 photo=0.3948 sem=0.0000
step=740 loss=0.3834 photo=0.3834 sem=0.0000
step=750 loss=0.4254 photo=0.4254 sem=0.0000
step=760 loss=0.3959 photo=0.3959 sem=0.0000
step=770 loss=0.3696 photo=0.3696 sem=0.0000
step=780 loss=0.3600 photo=0.3600 sem=0.0000
step=790 loss=0.3900 photo=0.3900 sem=0.0000
step=800 loss=0.4043 photo=0.4043 sem=0.0000
step=810 loss=0.3818 photo=0.3818 sem=0.0000
step=820 loss=0.3987 photo=0.3987 sem=0.0000
step=830 loss=0.3665 photo=0.3665 sem=0.0000
step=840 loss=0.3920 photo=0.3920 sem=0.0000
step=850 loss=0.3807 photo=0.3807 sem=0.0000
step=860 loss=0.3932 photo=0.3932 sem=0.0000
step=870 loss=0.4317 photo=0.4317 sem=0.0000
step=880 loss=0.3888 photo=0.3888 sem=0.0000
step=890 loss=0.3719 photo=0.3719 sem=0.0000
step=900 loss=0.3858 photo=0.3858 sem=0.0000
step=910 loss=0.3503 photo=0.3503 sem=0.0000
step=920 loss=0.3668 photo=0.3668 sem=0.0000
step=930 loss=0.4051 photo=0.4051 sem=0.0000
step=940 loss=0.3990 photo=0.3990 sem=0.0000
step=950 loss=0.3741 photo=0.3741 sem=0.0000
step=960 loss=0.4472 photo=0.4472 sem=0.0000
step=970 loss=0.4300 photo=0.4298 sem=0.0002
step=980 loss=1.3290 photo=0.3777 sem=0.9514
step=990 loss=14.1749 photo=0.3594 sem=13.8155
step=1000 loss=0.4132 photo=0.4131 sem=0.0000
step=1010 loss=0.3876 photo=0.3876 sem=0.0000
step=1020 loss=0.3977 photo=0.3977 sem=0.0000
step=1030 loss=0.3756 photo=0.3756 sem=0.0000
step=1040 loss=14.1306 photo=0.3779 sem=13.7527
step=1050 loss=14.0776 photo=0.3668 sem=13.7108
step=1060 loss=0.3747 photo=0.3747 sem=0.0000
step=1070 loss=0.3839 photo=0.3839 sem=0.0000
step=1080 loss=0.3579 photo=0.3579 sem=0.0000
step=1090 loss=0.3998 photo=0.3998 sem=0.0000
step=1100 loss=0.3929 photo=0.3929 sem=0.0000
step=1110 loss=0.3991 photo=0.3991 sem=0.0000
step=1120 loss=0.3616 photo=0.3616 sem=0.0000
step=1130 loss=0.3889 photo=0.3889 sem=0.0000
step=1140 loss=0.3422 photo=0.3422 sem=0.0000
step=1150 loss=0.3774 photo=0.3774 sem=0.0000
step=1160 loss=0.3749 photo=0.3749 sem=0.0000
step=1170 loss=0.3804 photo=0.3804 sem=0.0000
step=1180 loss=0.3723 photo=0.3723 sem=0.0000
step=1190 loss=0.3841 photo=0.3841 sem=0.0000
step=1200 loss=0.3926 photo=0.3926 sem=0.0000
step=1210 loss=0.3934 photo=0.3934 sem=0.0000
step=1220 loss=0.3822 photo=0.3822 sem=0.0000
step=1230 loss=0.3517 photo=0.3517 sem=0.0000
step=1240 loss=0.3548 photo=0.3548 sem=0.0000
step=1250 loss=0.4055 photo=0.4055 sem=0.0000
step=1260 loss=0.3866 photo=0.3866 sem=0.0000
step=1270 loss=0.3634 photo=0.3634 sem=0.0000
step=1280 loss=0.3928 photo=0.3928 sem=0.0000
step=1290 loss=0.3807 photo=0.3807 sem=0.0000
step=1300 loss=0.3885 photo=0.3885 sem=0.0000
step=1310 loss=9.0565 photo=0.4318 sem=8.6247
step=1320 loss=9.8395 photo=0.3483 sem=9.4911
step=1330 loss=13.6690 photo=0.3469 sem=13.3221
step=1340 loss=8.2727 photo=0.3857 sem=7.8870
step=1350 loss=9.7303 photo=0.3940 sem=9.3363
step=1360 loss=12.2372 photo=0.4103 sem=11.8269
step=1370 loss=13.1664 photo=0.4058 sem=12.7605
step=1380 loss=12.9118 photo=0.4237 sem=12.4880
step=1390 loss=13.8205 photo=0.4221 sem=13.3984
step=1400 loss=13.7044 photo=0.4278 sem=13.2766
step=1410 loss=13.1964 photo=0.4254 sem=12.7710
step=1420 loss=12.4869 photo=0.3640 sem=12.1229
step=1430 loss=13.7262 photo=0.4010 sem=13.3253
step=1440 loss=13.6638 photo=0.4043 sem=13.2595
step=1450 loss=13.1393 photo=0.3931 sem=12.7462
step=1460 loss=11.6576 photo=0.4036 sem=11.2540
step=1470 loss=11.7514 photo=0.4156 sem=11.3358
step=1480 loss=6.9755 photo=0.3646 sem=6.6109
step=1490 loss=9.1837 photo=0.4327 sem=8.7511
step=1500 loss=9.4035 photo=0.3825 sem=9.0209
step=1510 loss=11.0460 photo=0.4108 sem=10.6352
step=1520 loss=9.8672 photo=0.3880 sem=9.4793
step=1530 loss=7.2350 photo=0.3760 sem=6.8590
step=1540 loss=8.1536 photo=0.3987 sem=7.7549
step=1550 loss=7.8919 photo=0.4265 sem=7.4653
step=1560 loss=8.3402 photo=0.3941 sem=7.9462
step=1570 loss=6.6101 photo=0.3959 sem=6.2142
step=1580 loss=8.2289 photo=0.4143 sem=7.8146
step=1590 loss=9.6590 photo=0.4304 sem=9.2285
step=1600 loss=9.2815 photo=0.4038 sem=8.8777
step=1610 loss=9.4096 photo=0.3954 sem=9.0142
step=1620 loss=11.6564 photo=0.3690 sem=11.2875
step=1630 loss=0.4103 photo=0.4103 sem=0.0000
step=1640 loss=0.3930 photo=0.3930 sem=0.0000
step=1650 loss=0.3657 photo=0.3657 sem=0.0000
step=1660 loss=0.3730 photo=0.3730 sem=0.0000
step=1670 loss=0.3427 photo=0.3427 sem=0.0000
step=1680 loss=0.3428 photo=0.3428 sem=0.0000
step=1690 loss=0.3835 photo=0.3835 sem=0.0000
step=1700 loss=0.3395 photo=0.3395 sem=0.0000
step=1710 loss=0.3598 photo=0.3598 sem=0.0000
step=1720 loss=0.3774 photo=0.3774 sem=0.0000
step=1730 loss=0.3804 photo=0.3804 sem=0.0000
step=1740 loss=3.2397 photo=0.4104 sem=2.8293
step=1750 loss=12.2151 photo=0.4149 sem=11.8002
step=1760 loss=9.7900 photo=0.3716 sem=9.4184
step=1770 loss=13.2821 photo=0.4416 sem=12.8406
step=1780 loss=0.5662 photo=0.4085 sem=0.1577
step=1790 loss=0.6730 photo=0.3999 sem=0.2731
step=1800 loss=11.7048 photo=0.4025 sem=11.3023
step=1810 loss=8.1424 photo=0.3744 sem=7.7680
step=1820 loss=13.4108 photo=0.4002 sem=13.0106
step=1830 loss=8.0210 photo=0.3414 sem=7.6795
step=1840 loss=14.2104 photo=0.3948 sem=13.8155
step=1850 loss=14.1941 photo=0.3786 sem=13.8155
step=1860 loss=0.4160 photo=0.4160 sem=0.0000
step=1870 loss=0.3913 photo=0.3913 sem=0.0000
step=1880 loss=14.1972 photo=0.3817 sem=13.8155
step=1890 loss=14.1939 photo=0.3784 sem=13.8155
step=1900 loss=0.3748 photo=0.3748 sem=0.0000
step=1910 loss=0.3915 photo=0.3915 sem=0.0000
step=1920 loss=14.2178 photo=0.4023 sem=13.8155
step=1930 loss=14.2212 photo=0.4057 sem=13.8155
step=1940 loss=14.1289 photo=0.3761 sem=13.7528
step=1950 loss=14.0012 photo=0.3529 sem=13.6483
step=1960 loss=14.1217 photo=0.3669 sem=13.7548
step=1970 loss=14.0897 photo=0.3588 sem=13.7308
step=1980 loss=13.3486 photo=0.3450 sem=13.0036
step=1990 loss=14.0471 photo=0.3618 sem=13.6853
step=2000 loss=13.8536 photo=0.3663 sem=13.4874
step=2010 loss=12.6166 photo=0.3708 sem=12.2458
step=2020 loss=11.7664 photo=0.3756 sem=11.3908
step=2030 loss=12.9178 photo=0.3464 sem=12.5713
step=2040 loss=14.1825 photo=0.3670 sem=13.8155
step=2050 loss=14.0365 photo=0.4027 sem=13.6337
step=2060 loss=14.2136 photo=0.3981 sem=13.8155
step=2070 loss=13.5158 photo=0.3545 sem=13.1613
step=2080 loss=12.3467 photo=0.4163 sem=11.9304
step=2090 loss=8.7075 photo=0.3836 sem=8.3240
step=2100 loss=0.4284 photo=0.4284 sem=0.0000
step=2110 loss=0.3496 photo=0.3496 sem=0.0000
step=2120 loss=0.3581 photo=0.3581 sem=0.0000
step=2130 loss=0.3420 photo=0.3420 sem=0.0000
step=2140 loss=0.3337 photo=0.3337 sem=0.0000
step=2150 loss=0.3550 photo=0.3550 sem=0.0000
step=2160 loss=0.3623 photo=0.3623 sem=0.0000
step=2170 loss=0.3495 photo=0.3495 sem=0.0000
step=2180 loss=0.3823 photo=0.3823 sem=0.0000
step=2190 loss=0.3368 photo=0.3368 sem=0.0000
step=2200 loss=0.4033 photo=0.4033 sem=0.0000
step=2210 loss=0.4614 photo=0.4614 sem=0.0000
step=2220 loss=0.4401 photo=0.4401 sem=0.0000
step=2230 loss=0.3645 photo=0.3645 sem=0.0000
step=2240 loss=0.3519 photo=0.3519 sem=0.0000
step=2250 loss=0.3457 photo=0.3457 sem=0.0000
step=2260 loss=0.3425 photo=0.3425 sem=0.0000
step=2270 loss=0.3674 photo=0.3674 sem=0.0000
step=2280 loss=0.3741 photo=0.3741 sem=0.0000
step=2290 loss=0.3577 photo=0.3577 sem=0.0000
step=2300 loss=0.3541 photo=0.3541 sem=0.0000
step=2310 loss=0.3423 photo=0.3423 sem=0.0000
step=2320 loss=0.3518 photo=0.3518 sem=0.0000
step=2330 loss=0.3954 photo=0.3954 sem=0.0000
step=2340 loss=0.3816 photo=0.3816 sem=0.0000
step=2350 loss=0.3799 photo=0.3799 sem=0.0000
step=2360 loss=0.3792 photo=0.3792 sem=0.0000
step=2370 loss=0.3618 photo=0.3618 sem=0.0000
step=2380 loss=0.3982 photo=0.3982 sem=0.0000
step=2390 loss=0.3858 photo=0.3858 sem=0.0000
step=2400 loss=0.3582 photo=0.3582 sem=0.0000
step=2410 loss=0.3864 photo=0.3864 sem=0.0000
step=2420 loss=0.3453 photo=0.3453 sem=0.0000
step=2430 loss=0.3751 photo=0.3751 sem=0.0000
step=2440 loss=0.3410 photo=0.3410 sem=0.0000
step=2450 loss=0.3893 photo=0.3893 sem=0.0000
step=2460 loss=0.3354 photo=0.3354 sem=0.0000
step=2470 loss=0.3630 photo=0.3630 sem=0.0000
step=2480 loss=0.3620 photo=0.3620 sem=0.0000
step=2490 loss=0.3698 photo=0.3698 sem=0.0000
step=2500 loss=0.3359 photo=0.3359 sem=0.0000
step=2510 loss=0.3730 photo=0.3730 sem=0.0000
step=2520 loss=0.3791 photo=0.3791 sem=0.0000
step=2530 loss=0.3442 photo=0.3442 sem=0.0000
step=2540 loss=0.3862 photo=0.3862 sem=0.0000
step=2550 loss=0.3818 photo=0.3818 sem=0.0000
step=2560 loss=0.3546 photo=0.3546 sem=0.0000
step=2570 loss=0.4177 photo=0.4177 sem=0.0000
step=2580 loss=0.4338 photo=0.4338 sem=0.0000
step=2590 loss=0.3827 photo=0.3827 sem=0.0000
step=2600 loss=0.3884 photo=0.3884 sem=0.0000
step=2610 loss=0.3706 photo=0.3706 sem=0.0000
step=2620 loss=0.4047 photo=0.4047 sem=0.0000
step=2630 loss=0.4023 photo=0.4023 sem=0.0000
step=2640 loss=0.3723 photo=0.3723 sem=0.0000
step=2650 loss=0.3715 photo=0.3715 sem=0.0000
step=2660 loss=0.3542 photo=0.3542 sem=0.0000
step=2670 loss=0.3550 photo=0.3550 sem=0.0000
step=2680 loss=0.3740 photo=0.3740 sem=0.0000
step=2690 loss=0.3595 photo=0.3595 sem=0.0000
step=2700 loss=0.3873 photo=0.3873 sem=0.0000
step=2710 loss=0.3792 photo=0.3792 sem=0.0000
step=2720 loss=0.3629 photo=0.3629 sem=0.0000
